app/[jurisdiction]/campaigns/[slug]/page.tsx(8,26): error TS2307: Cannot find module '@/components/ui/progress' or its corresponding type declarations.
app/[jurisdiction]/campaigns/page.tsx(10,26): error TS2307: Cannot find module '@/components/ui/progress' or its corresponding type declarations.
app/api/members/[id]/status/route.ts(9,14): error TS2304: Cannot find name 'NextRequest'.
app/api/members/[id]/status/route.ts(14,31): error TS2304: Cannot find name 'getServerSession'.
app/api/members/[id]/status/route.ts(18,20): error TS2552: Cannot find name 'NextResponse'. Did you mean 'Response'?
app/api/members/[id]/status/route.ts(39,20): error TS2552: Cannot find name 'NextResponse'. Did you mean 'Response'?
app/api/members/[id]/status/route.ts(49,21): error TS2322: Type '"RECOMMENDED"' is not assignable to type '"PENDING" | "ACTIVE" | "SUSPENDED" | "EXPIRED" | "INACTIVE" | SQL<unknown> | null | undefined'.
app/api/members/[id]/status/route.ts(63,20): error TS2552: Cannot find name 'NextResponse'. Did you mean 'Response'?
app/api/members/[id]/status/route.ts(106,20): error TS2552: Cannot find name 'NextResponse'. Did you mean 'Response'?
app/api/members/[id]/status/route.ts(111,24): error TS2552: Cannot find name 'NextResponse'. Did you mean 'Response'?
app/api/members/[id]/status/route.ts(116,21): error TS2322: Type '"REJECTED"' is not assignable to type '"PENDING" | "ACTIVE" | "SUSPENDED" | "EXPIRED" | "INACTIVE" | SQL<unknown> | null | undefined'.
app/api/members/[id]/status/route.ts(141,20): error TS2552: Cannot find name 'NextResponse'. Did you mean 'Response'?
app/api/members/[id]/status/route.ts(144,16): error TS2552: Cannot find name 'NextResponse'. Did you mean 'Response'?
app/api/members/[id]/status/route.ts(148,16): error TS2304: Cannot find name 'NextResponse'.
app/api/officials/route.ts(14,34): error TS7006: Parameter 'r' implicitly has an 'any' type.
app/api/organizations/authorized/route.ts(23,21): error TS7006: Parameter 'r' implicitly has an 'any' type.
app/api/organizations/authorized/route.ts(24,18): error TS7006: Parameter 'r' implicitly has an 'any' type.
app/api/posts/route.ts(26,44): error TS2339: Property 'type' does not exist on type 'MySqlTableWithColumns<{ name: "posts"; schema: undefined; columns: { id: MySqlColumn<{ name: "id"; tableName: "posts"; dataType: "string"; columnType: "MySqlVarChar"; data: string; driverParam: string | number; notNull: true; ... 7 more ...; generated: undefined; }, {}, {}>; ... 11 more ...; updatedAt: MySqlColumn<....'.
app/api/posts/route.ts(80,32): error TS2769: No overload matches this call.
  Overload 1 of 2, '(value: { organizationId: string | SQL<unknown> | Placeholder<string, any>; title: string | SQL<unknown> | Placeholder<string, any>; authorId: string | SQL<...> | Placeholder<...>; ... 9 more ...; publishedAt?: SQL<...> | ... 3 more ... | undefined; }): MySqlInsertBase<...>', gave the following error.
    Object literal may only specify known properties, and 'type' does not exist in type '{ organizationId: string | SQL<unknown> | Placeholder<string, any>; title: string | SQL<unknown> | Placeholder<string, any>; authorId: string | SQL<unknown> | Placeholder<...>; ... 9 more ...; publishedAt?: SQL<...> | ... 3 more ... | undefined; }'.
  Overload 2 of 2, '(values: { organizationId: string | SQL<unknown> | Placeholder<string, any>; title: string | SQL<unknown> | Placeholder<string, any>; authorId: string | SQL<...> | Placeholder<...>; ... 9 more ...; publishedAt?: SQL<...> | ... 3 more ... | undefined; }[]): MySqlInsertBase<...>', gave the following error.
    Object literal may only specify known properties, and 'title' does not exist in type '{ organizationId: string | SQL<unknown> | Placeholder<string, any>; title: string | SQL<unknown> | Placeholder<string, any>; authorId: string | SQL<unknown> | Placeholder<...>; ... 9 more ...; publishedAt?: SQL<...> | ... 3 more ... | undefined; }[]'.
app/dashboard/admin/burials/page.tsx(66,46): error TS18047: 'req.status' is possibly 'null'.
app/dashboard/admin/burials/request/[id]/page.tsx(100,42): error TS18047: 'request.status' is possibly 'null'.
app/dashboard/admin/burials/request/[id]/page.tsx(113,37): error TS2322: Type 'string | null' is not assignable to type 'string'.
  Type 'null' is not assignable to type 'string'.
app/dashboard/admin/cms/menus/page.tsx(84,49): error TS2322: Type '{ type: "link" | "dropdown" | "button"; path: string | undefined; isActive: boolean; parentId: string | null; id: string; createdAt: Date | null; updatedAt: Date | null; organizationId: string | null; order: number; label: string; children?: NavigationItem[]; }' is not assignable to type '{ label: string; type: "link" | "dropdown" | "button"; isActive: boolean; order: number; id?: string | undefined; path?: string | undefined; organizationId?: string | undefined; parentId?: string | ... 1 more ... | undefined; }'.
  Types of property 'organizationId' are incompatible.
    Type 'string | null' is not assignable to type 'string | undefined'.
      Type 'null' is not assignable to type 'string | undefined'.
app/dashboard/admin/cms/menus/page.tsx(129,61): error TS2322: Type '{ type: "link" | "dropdown" | "button"; path: string | undefined; isActive: boolean; parentId: string | null; id: string; createdAt: Date | null; updatedAt: Date | null; organizationId: string | null; order: number; label: string; children?: NavigationItem[]; }' is not assignable to type '{ label: string; type: "link" | "dropdown" | "button"; isActive: boolean; order: number; id?: string | undefined; path?: string | undefined; organizationId?: string | undefined; parentId?: string | ... 1 more ... | undefined; }'.
  Types of property 'organizationId' are incompatible.
    Type 'string | null' is not assignable to type 'string | undefined'.
      Type 'null' is not assignable to type 'string | undefined'.
app/dashboard/admin/cms/pages/page.tsx(14,27): error TS2304: Cannot find name 'getServerSession'.
app/dashboard/admin/finance/campaigns/page.tsx(12,26): error TS2307: Cannot find module '@/components/ui/progress' or its corresponding type declarations.
app/dashboard/admin/finance/page.tsx(110,66): error TS2769: No overload matches this call.
  Overload 1 of 4, '(value: string | number | Date): Date', gave the following error.
    Argument of type 'Date | null' is not assignable to parameter of type 'string | number | Date'.
      Type 'null' is not assignable to type 'string | number | Date'.
  Overload 2 of 4, '(value: string | number): Date', gave the following error.
    Argument of type 'Date | null' is not assignable to parameter of type 'string | number'.
      Type 'null' is not assignable to type 'string | number'.
app/dashboard/admin/finance/requests/page.tsx(66,107): error TS2345: Argument of type 'Date | null' is not assignable to parameter of type 'string | Date'.
  Type 'null' is not assignable to type 'string | Date'.
app/dashboard/admin/finance/requests/page.tsx(69,76): error TS2345: Argument of type 'string | null' is not assignable to parameter of type 'string'.
  Type 'null' is not assignable to type 'string'.
app/dashboard/admin/jurisdictions/actions.ts(10,26): error TS2307: Cannot find module '@/types/enums' or its corresponding type declarations.
app/dashboard/admin/meetings/[id]/page.tsx(68,84): error TS2339: Property 'userId' does not exist on type '{ id: string; title: string; url: string; type: "OTHER" | "MINUTES" | "AGENDA" | "MEMBER_REPORT" | null; submissionStatus: "ON_TIME" | "LATE" | null; uploader: string | null; }'.
app/dashboard/admin/meetings/[id]/page.tsx(68,95): error TS18047: 'a.user' is possibly 'null'.
app/dashboard/admin/meetings/[id]/page.tsx(73,83): error TS18047: 'a.user' is possibly 'null'.
app/dashboard/admin/meetings/[id]/page.tsx(74,101): error TS18047: 'a.user' is possibly 'null'.
app/dashboard/admin/members/[id]/page.tsx(172,37): error TS2322: Type 'string | null' is not assignable to type 'string'.
  Type 'null' is not assignable to type 'string'.
app/dashboard/admin/officials/new/page.tsx(11,26): error TS2307: Cannot find module '@/components/ui/calendar' or its corresponding type declarations.
app/dashboard/admin/officials/new/page.tsx(150,46): error TS2304: Cannot find name 'Badge'.
app/dashboard/admin/officials/new/page.tsx(150,80): error TS2304: Cannot find name 'Badge'.
app/dashboard/admin/officials/new/page.tsx(224,52): error TS7006: Parameter 'date' implicitly has an 'any' type.
app/dashboard/admin/organizations/[id]/page.tsx(133,50): error TS18047: 'official.user.name' is possibly 'null'.
app/dashboard/admin/posts/page.tsx(73,76): error TS2339: Property 'type' does not exist on type '{ postType: "NEWS" | "EVENT" | "ANNOUNCEMENT" | null; id: string; createdAt: Date | null; updatedAt: Date | null; organizationId: string; title: string; authorId: string; ... 7 more ...; author: { ...; }; }'.
app/dashboard/admin/settings/navigation/page.tsx(8,47): error TS2345: Argument of type 'boolean' is not assignable to parameter of type 'string'.
app/dashboard/burial/request/[id]/page.tsx(36,26): error TS18047: 'request.status' is possibly 'null'.
app/dashboard/member/apply/page.tsx(1010,71): error TS2345: Argument of type '{ institution: string; yearAdmitted: number; yearGraduated: number; }' is not assignable to parameter of type '{ institution: string; course: string; degreeClass: string; yearAdmitted: number; yearGraduated: number; } | { institution: string; course: string; degreeClass: string; yearAdmitted: number; yearGraduated: number; }[]'.
  Type '{ institution: string; yearAdmitted: number; yearGraduated: number; }' is missing the following properties from type '{ institution: string; course: string; degreeClass: string; yearAdmitted: number; yearGraduated: number; }': course, degreeClass
app/dashboard/member/meetings/[id]/page.tsx(12,35): error TS2307: Cannot find module '@/components/meetings/meeting-report-form' or its corresponding type declarations.
app/dashboard/member/meetings/[id]/page.tsx(25,56): error TS18047: 'a.user' is possibly 'null'.
app/dashboard/messages/page.tsx(284,54): error TS2531: Object is possibly 'null'.
app/page.tsx(59,40): error TS2339: Property 'state' does not exist on type 'StateNode'.
components/admin/assets/create-asset-dialog.tsx(56,9): error TS2719: Type 'import("C:/Users/dell/Documents/tmcportal/node_modules/react-hook-form/dist/types/resolvers").Resolver<{ name: string; category: "OTHER" | "FURNITURE" | "ELECTRONICS" | "VEHICLE" | "PROPERTY" | "EQUIPMENT"; condition: "NEW" | "GOOD" | "FAIR" | "POOR" | "DAMAGED" | "LOST"; description?: string | undefined; ... 4 more...' is not assignable to type 'import("C:/Users/dell/Documents/tmcportal/node_modules/react-hook-form/dist/types/resolvers").Resolver<{ name: string; category: "OTHER" | "FURNITURE" | "ELECTRONICS" | "VEHICLE" | "PROPERTY" | "EQUIPMENT"; condition: "NEW" | "GOOD" | "FAIR" | "POOR" | "DAMAGED" | "LOST"; description?: string | undefined; ... 4 more...'. Two different types with this name exist, but they are unrelated.
  Types of parameters 'options' and 'options' are incompatible.
    Type 'import("C:/Users/dell/Documents/tmcportal/node_modules/react-hook-form/dist/types/resolvers").ResolverOptions<{ name: string; category: "OTHER" | "FURNITURE" | "ELECTRONICS" | "VEHICLE" | "PROPERTY" | "EQUIPMENT"; condition: "NEW" | "GOOD" | "FAIR" | "POOR" | "DAMAGED" | "LOST"; description?: string | undefined; ......' is not assignable to type 'import("C:/Users/dell/Documents/tmcportal/node_modules/react-hook-form/dist/types/resolvers").ResolverOptions<{ name: string; category: "OTHER" | "FURNITURE" | "ELECTRONICS" | "VEHICLE" | "PROPERTY" | "EQUIPMENT"; condition: "NEW" | "GOOD" | "FAIR" | "POOR" | "DAMAGED" | "LOST"; description?: string | undefined; ......'. Two different types with this name exist, but they are unrelated.
      Type 'unknown' is not assignable to type 'number | undefined'.
components/admin/assets/create-asset-dialog.tsx(79,46): error TS2345: Argument of type '{ location: string | undefined; serialNumber: string | undefined; description: string | undefined; name: string; category: "OTHER" | "FURNITURE" | "ELECTRONICS" | "VEHICLE" | "PROPERTY" | "EQUIPMENT"; condition: "NEW" | ... 4 more ... | "LOST"; purchasePrice?: number | undefined; currentValue?: number | undefined; c...' is not assignable to parameter of type '{ name: string; category: "OTHER" | "FURNITURE" | "ELECTRONICS" | "VEHICLE" | "PROPERTY" | "EQUIPMENT"; condition: "NEW" | "GOOD" | "FAIR" | "POOR" | "DAMAGED" | "LOST"; status: "ACTIVE" | "IN_MAINTENANCE" | "DISPOSED" | "STOLEN" | "ARCHIVED"; ... 6 more ...; custodianId?: string | undefined; }'.
  Property 'status' is missing in type '{ location: string | undefined; serialNumber: string | undefined; description: string | undefined; name: string; category: "OTHER" | "FURNITURE" | "ELECTRONICS" | "VEHICLE" | "PROPERTY" | "EQUIPMENT"; condition: "NEW" | ... 4 more ... | "LOST"; purchasePrice?: number | undefined; currentValue?: number | undefined; c...' but required in type '{ name: string; category: "OTHER" | "FURNITURE" | "ELECTRONICS" | "VEHICLE" | "PROPERTY" | "EQUIPMENT"; condition: "NEW" | "GOOD" | "FAIR" | "POOR" | "DAMAGED" | "LOST"; status: "ACTIVE" | "IN_MAINTENANCE" | "DISPOSED" | "STOLEN" | "ARCHIVED"; ... 6 more ...; custodianId?: string | undefined; }'.
components/admin/assets/create-asset-dialog.tsx(110,55): error TS2345: Argument of type '(data: { name: string; category: "OTHER" | "FURNITURE" | "ELECTRONICS" | "VEHICLE" | "PROPERTY" | "EQUIPMENT"; condition: "NEW" | "GOOD" | "FAIR" | "POOR" | "DAMAGED" | "LOST"; description?: string | undefined; ... 4 more ...; custodianId?: string | undefined; }) => Promise<...>' is not assignable to parameter of type 'SubmitHandler<TFieldValues>'.
  Types of parameters 'data' and 'data' are incompatible.
    Type 'TFieldValues' is not assignable to type '{ name: string; category: "OTHER" | "FURNITURE" | "ELECTRONICS" | "VEHICLE" | "PROPERTY" | "EQUIPMENT"; condition: "NEW" | "GOOD" | "FAIR" | "POOR" | "DAMAGED" | "LOST"; description?: string | undefined; ... 4 more ...; custodianId?: string | undefined; }'.
      Type 'FieldValues' is missing the following properties from type '{ name: string; category: "OTHER" | "FURNITURE" | "ELECTRONICS" | "VEHICLE" | "PROPERTY" | "EQUIPMENT"; condition: "NEW" | "GOOD" | "FAIR" | "POOR" | "DAMAGED" | "LOST"; description?: string | undefined; ... 4 more ...; custodianId?: string | undefined; }': name, category, condition
components/admin/assets/create-asset-dialog.tsx(113,33): error TS2322: Type 'Control<{ name: string; category: "OTHER" | "FURNITURE" | "ELECTRONICS" | "VEHICLE" | "PROPERTY" | "EQUIPMENT"; condition: "NEW" | "GOOD" | "FAIR" | "POOR" | "DAMAGED" | "LOST"; description?: string | undefined; ... 4 more ...; custodianId?: string | undefined; }, any, TFieldValues>' is not assignable to type 'Control<{ name: string; category: "OTHER" | "FURNITURE" | "ELECTRONICS" | "VEHICLE" | "PROPERTY" | "EQUIPMENT"; condition: "NEW" | "GOOD" | "FAIR" | "POOR" | "DAMAGED" | "LOST"; description?: string | undefined; ... 4 more ...; custodianId?: string | undefined; }, any, { ...; }>'.
  The types of '_options.resolver' are incompatible between these types.
    Type 'Resolver<{ name: string; category: "OTHER" | "FURNITURE" | "ELECTRONICS" | "VEHICLE" | "PROPERTY" | "EQUIPMENT"; condition: "NEW" | "GOOD" | "FAIR" | "POOR" | "DAMAGED" | "LOST"; description?: string | undefined; ... 4 more ...; custodianId?: string | undefined; }, any, TFieldValues> | undefined' is not assignable to type 'Resolver<{ name: string; category: "OTHER" | "FURNITURE" | "ELECTRONICS" | "VEHICLE" | "PROPERTY" | "EQUIPMENT"; condition: "NEW" | "GOOD" | "FAIR" | "POOR" | "DAMAGED" | "LOST"; description?: string | undefined; ... 4 more ...; custodianId?: string | undefined; }, any, { ...; }> | undefined'.
      Type 'Resolver<{ name: string; category: "OTHER" | "FURNITURE" | "ELECTRONICS" | "VEHICLE" | "PROPERTY" | "EQUIPMENT"; condition: "NEW" | "GOOD" | "FAIR" | "POOR" | "DAMAGED" | "LOST"; description?: string | undefined; ... 4 more ...; custodianId?: string | undefined; }, any, TFieldValues>' is not assignable to type 'Resolver<{ name: string; category: "OTHER" | "FURNITURE" | "ELECTRONICS" | "VEHICLE" | "PROPERTY" | "EQUIPMENT"; condition: "NEW" | "GOOD" | "FAIR" | "POOR" | "DAMAGED" | "LOST"; description?: string | undefined; ... 4 more ...; custodianId?: string | undefined; }, any, { ...; }>'.
        Type 'ResolverResult<{ name: string; category: "OTHER" | "FURNITURE" | "ELECTRONICS" | "VEHICLE" | "PROPERTY" | "EQUIPMENT"; condition: "NEW" | "GOOD" | "FAIR" | "POOR" | "DAMAGED" | "LOST"; description?: string | undefined; ... 4 more ...; custodianId?: string | undefined; }, TFieldValues> | Promise<...>' is not assignable to type 'ResolverResult<{ name: string; category: "OTHER" | "FURNITURE" | "ELECTRONICS" | "VEHICLE" | "PROPERTY" | "EQUIPMENT"; condition: "NEW" | "GOOD" | "FAIR" | "POOR" | "DAMAGED" | "LOST"; description?: string | undefined; ... 4 more ...; custodianId?: string | undefined; }, { ...; }> | Promise<...>'.
          Type 'ResolverSuccess<TFieldValues>' is not assignable to type 'ResolverResult<{ name: string; category: "OTHER" | "FURNITURE" | "ELECTRONICS" | "VEHICLE" | "PROPERTY" | "EQUIPMENT"; condition: "NEW" | "GOOD" | "FAIR" | "POOR" | "DAMAGED" | "LOST"; description?: string | undefined; ... 4 more ...; custodianId?: string | undefined; }, { ...; }> | Promise<...>'.
            Type 'ResolverSuccess<TFieldValues>' is not assignable to type 'ResolverSuccess<{ name: string; category: "OTHER" | "FURNITURE" | "ELECTRONICS" | "VEHICLE" | "PROPERTY" | "EQUIPMENT"; condition: "NEW" | "GOOD" | "FAIR" | "POOR" | "DAMAGED" | "LOST"; description?: string | undefined; ... 4 more ...; custodianId?: string | undefined; }>'.
              Type 'TFieldValues' is not assignable to type '{ name: string; category: "OTHER" | "FURNITURE" | "ELECTRONICS" | "VEHICLE" | "PROPERTY" | "EQUIPMENT"; condition: "NEW" | "GOOD" | "FAIR" | "POOR" | "DAMAGED" | "LOST"; description?: string | undefined; ... 4 more ...; custodianId?: string | undefined; }'.
                Type 'FieldValues' is missing the following properties from type '{ name: string; category: "OTHER" | "FURNITURE" | "ELECTRONICS" | "VEHICLE" | "PROPERTY" | "EQUIPMENT"; condition: "NEW" | "GOOD" | "FAIR" | "POOR" | "DAMAGED" | "LOST"; description?: string | undefined; ... 4 more ...; custodianId?: string | undefined; }': name, category, condition
components/admin/assets/create-asset-dialog.tsx(127,33): error TS2322: Type 'Control<{ name: string; category: "OTHER" | "FURNITURE" | "ELECTRONICS" | "VEHICLE" | "PROPERTY" | "EQUIPMENT"; condition: "NEW" | "GOOD" | "FAIR" | "POOR" | "DAMAGED" | "LOST"; description?: string | undefined; ... 4 more ...; custodianId?: string | undefined; }, any, TFieldValues>' is not assignable to type 'Control<{ name: string; category: "OTHER" | "FURNITURE" | "ELECTRONICS" | "VEHICLE" | "PROPERTY" | "EQUIPMENT"; condition: "NEW" | "GOOD" | "FAIR" | "POOR" | "DAMAGED" | "LOST"; description?: string | undefined; ... 4 more ...; custodianId?: string | undefined; }, any, { ...; }>'.
  The types of '_options.resolver' are incompatible between these types.
    Type 'Resolver<{ name: string; category: "OTHER" | "FURNITURE" | "ELECTRONICS" | "VEHICLE" | "PROPERTY" | "EQUIPMENT"; condition: "NEW" | "GOOD" | "FAIR" | "POOR" | "DAMAGED" | "LOST"; description?: string | undefined; ... 4 more ...; custodianId?: string | undefined; }, any, TFieldValues> | undefined' is not assignable to type 'Resolver<{ name: string; category: "OTHER" | "FURNITURE" | "ELECTRONICS" | "VEHICLE" | "PROPERTY" | "EQUIPMENT"; condition: "NEW" | "GOOD" | "FAIR" | "POOR" | "DAMAGED" | "LOST"; description?: string | undefined; ... 4 more ...; custodianId?: string | undefined; }, any, { ...; }> | undefined'.
      Type 'Resolver<{ name: string; category: "OTHER" | "FURNITURE" | "ELECTRONICS" | "VEHICLE" | "PROPERTY" | "EQUIPMENT"; condition: "NEW" | "GOOD" | "FAIR" | "POOR" | "DAMAGED" | "LOST"; description?: string | undefined; ... 4 more ...; custodianId?: string | undefined; }, any, TFieldValues>' is not assignable to type 'Resolver<{ name: string; category: "OTHER" | "FURNITURE" | "ELECTRONICS" | "VEHICLE" | "PROPERTY" | "EQUIPMENT"; condition: "NEW" | "GOOD" | "FAIR" | "POOR" | "DAMAGED" | "LOST"; description?: string | undefined; ... 4 more ...; custodianId?: string | undefined; }, any, { ...; }>'.
        Type 'ResolverResult<{ name: string; category: "OTHER" | "FURNITURE" | "ELECTRONICS" | "VEHICLE" | "PROPERTY" | "EQUIPMENT"; condition: "NEW" | "GOOD" | "FAIR" | "POOR" | "DAMAGED" | "LOST"; description?: string | undefined; ... 4 more ...; custodianId?: string | undefined; }, TFieldValues> | Promise<...>' is not assignable to type 'ResolverResult<{ name: string; category: "OTHER" | "FURNITURE" | "ELECTRONICS" | "VEHICLE" | "PROPERTY" | "EQUIPMENT"; condition: "NEW" | "GOOD" | "FAIR" | "POOR" | "DAMAGED" | "LOST"; description?: string | undefined; ... 4 more ...; custodianId?: string | undefined; }, { ...; }> | Promise<...>'.
          Type 'ResolverSuccess<TFieldValues>' is not assignable to type 'ResolverResult<{ name: string; category: "OTHER" | "FURNITURE" | "ELECTRONICS" | "VEHICLE" | "PROPERTY" | "EQUIPMENT"; condition: "NEW" | "GOOD" | "FAIR" | "POOR" | "DAMAGED" | "LOST"; description?: string | undefined; ... 4 more ...; custodianId?: string | undefined; }, { ...; }> | Promise<...>'.
            Type 'ResolverSuccess<TFieldValues>' is not assignable to type 'ResolverSuccess<{ name: string; category: "OTHER" | "FURNITURE" | "ELECTRONICS" | "VEHICLE" | "PROPERTY" | "EQUIPMENT"; condition: "NEW" | "GOOD" | "FAIR" | "POOR" | "DAMAGED" | "LOST"; description?: string | undefined; ... 4 more ...; custodianId?: string | undefined; }>'.
              Type 'TFieldValues' is not assignable to type '{ name: string; category: "OTHER" | "FURNITURE" | "ELECTRONICS" | "VEHICLE" | "PROPERTY" | "EQUIPMENT"; condition: "NEW" | "GOOD" | "FAIR" | "POOR" | "DAMAGED" | "LOST"; description?: string | undefined; ... 4 more ...; custodianId?: string | undefined; }'.
                Type 'FieldValues' is missing the following properties from type '{ name: string; category: "OTHER" | "FURNITURE" | "ELECTRONICS" | "VEHICLE" | "PROPERTY" | "EQUIPMENT"; condition: "NEW" | "GOOD" | "FAIR" | "POOR" | "DAMAGED" | "LOST"; description?: string | undefined; ... 4 more ...; custodianId?: string | undefined; }': name, category, condition
components/admin/assets/create-asset-dialog.tsx(153,33): error TS2322: Type 'Control<{ name: string; category: "OTHER" | "FURNITURE" | "ELECTRONICS" | "VEHICLE" | "PROPERTY" | "EQUIPMENT"; condition: "NEW" | "GOOD" | "FAIR" | "POOR" | "DAMAGED" | "LOST"; description?: string | undefined; ... 4 more ...; custodianId?: string | undefined; }, any, TFieldValues>' is not assignable to type 'Control<{ name: string; category: "OTHER" | "FURNITURE" | "ELECTRONICS" | "VEHICLE" | "PROPERTY" | "EQUIPMENT"; condition: "NEW" | "GOOD" | "FAIR" | "POOR" | "DAMAGED" | "LOST"; description?: string | undefined; ... 4 more ...; custodianId?: string | undefined; }, any, { ...; }>'.
  The types of '_options.resolver' are incompatible between these types.
    Type 'Resolver<{ name: string; category: "OTHER" | "FURNITURE" | "ELECTRONICS" | "VEHICLE" | "PROPERTY" | "EQUIPMENT"; condition: "NEW" | "GOOD" | "FAIR" | "POOR" | "DAMAGED" | "LOST"; description?: string | undefined; ... 4 more ...; custodianId?: string | undefined; }, any, TFieldValues> | undefined' is not assignable to type 'Resolver<{ name: string; category: "OTHER" | "FURNITURE" | "ELECTRONICS" | "VEHICLE" | "PROPERTY" | "EQUIPMENT"; condition: "NEW" | "GOOD" | "FAIR" | "POOR" | "DAMAGED" | "LOST"; description?: string | undefined; ... 4 more ...; custodianId?: string | undefined; }, any, { ...; }> | undefined'.
      Type 'Resolver<{ name: string; category: "OTHER" | "FURNITURE" | "ELECTRONICS" | "VEHICLE" | "PROPERTY" | "EQUIPMENT"; condition: "NEW" | "GOOD" | "FAIR" | "POOR" | "DAMAGED" | "LOST"; description?: string | undefined; ... 4 more ...; custodianId?: string | undefined; }, any, TFieldValues>' is not assignable to type 'Resolver<{ name: string; category: "OTHER" | "FURNITURE" | "ELECTRONICS" | "VEHICLE" | "PROPERTY" | "EQUIPMENT"; condition: "NEW" | "GOOD" | "FAIR" | "POOR" | "DAMAGED" | "LOST"; description?: string | undefined; ... 4 more ...; custodianId?: string | undefined; }, any, { ...; }>'.
        Type 'ResolverResult<{ name: string; category: "OTHER" | "FURNITURE" | "ELECTRONICS" | "VEHICLE" | "PROPERTY" | "EQUIPMENT"; condition: "NEW" | "GOOD" | "FAIR" | "POOR" | "DAMAGED" | "LOST"; description?: string | undefined; ... 4 more ...; custodianId?: string | undefined; }, TFieldValues> | Promise<...>' is not assignable to type 'ResolverResult<{ name: string; category: "OTHER" | "FURNITURE" | "ELECTRONICS" | "VEHICLE" | "PROPERTY" | "EQUIPMENT"; condition: "NEW" | "GOOD" | "FAIR" | "POOR" | "DAMAGED" | "LOST"; description?: string | undefined; ... 4 more ...; custodianId?: string | undefined; }, { ...; }> | Promise<...>'.
          Type 'ResolverSuccess<TFieldValues>' is not assignable to type 'ResolverResult<{ name: string; category: "OTHER" | "FURNITURE" | "ELECTRONICS" | "VEHICLE" | "PROPERTY" | "EQUIPMENT"; condition: "NEW" | "GOOD" | "FAIR" | "POOR" | "DAMAGED" | "LOST"; description?: string | undefined; ... 4 more ...; custodianId?: string | undefined; }, { ...; }> | Promise<...>'.
            Type 'ResolverSuccess<TFieldValues>' is not assignable to type 'ResolverSuccess<{ name: string; category: "OTHER" | "FURNITURE" | "ELECTRONICS" | "VEHICLE" | "PROPERTY" | "EQUIPMENT"; condition: "NEW" | "GOOD" | "FAIR" | "POOR" | "DAMAGED" | "LOST"; description?: string | undefined; ... 4 more ...; custodianId?: string | undefined; }>'.
              Type 'TFieldValues' is not assignable to type '{ name: string; category: "OTHER" | "FURNITURE" | "ELECTRONICS" | "VEHICLE" | "PROPERTY" | "EQUIPMENT"; condition: "NEW" | "GOOD" | "FAIR" | "POOR" | "DAMAGED" | "LOST"; description?: string | undefined; ... 4 more ...; custodianId?: string | undefined; }'.
                Type 'FieldValues' is missing the following properties from type '{ name: string; category: "OTHER" | "FURNITURE" | "ELECTRONICS" | "VEHICLE" | "PROPERTY" | "EQUIPMENT"; condition: "NEW" | "GOOD" | "FAIR" | "POOR" | "DAMAGED" | "LOST"; description?: string | undefined; ... 4 more ...; custodianId?: string | undefined; }': name, category, condition
components/admin/assets/create-asset-dialog.tsx(179,33): error TS2322: Type 'Control<{ name: string; category: "OTHER" | "FURNITURE" | "ELECTRONICS" | "VEHICLE" | "PROPERTY" | "EQUIPMENT"; condition: "NEW" | "GOOD" | "FAIR" | "POOR" | "DAMAGED" | "LOST"; description?: string | undefined; ... 4 more ...; custodianId?: string | undefined; }, any, TFieldValues>' is not assignable to type 'Control<{ name: string; category: "OTHER" | "FURNITURE" | "ELECTRONICS" | "VEHICLE" | "PROPERTY" | "EQUIPMENT"; condition: "NEW" | "GOOD" | "FAIR" | "POOR" | "DAMAGED" | "LOST"; description?: string | undefined; ... 4 more ...; custodianId?: string | undefined; }, any, { ...; }>'.
  The types of '_options.resolver' are incompatible between these types.
    Type 'Resolver<{ name: string; category: "OTHER" | "FURNITURE" | "ELECTRONICS" | "VEHICLE" | "PROPERTY" | "EQUIPMENT"; condition: "NEW" | "GOOD" | "FAIR" | "POOR" | "DAMAGED" | "LOST"; description?: string | undefined; ... 4 more ...; custodianId?: string | undefined; }, any, TFieldValues> | undefined' is not assignable to type 'Resolver<{ name: string; category: "OTHER" | "FURNITURE" | "ELECTRONICS" | "VEHICLE" | "PROPERTY" | "EQUIPMENT"; condition: "NEW" | "GOOD" | "FAIR" | "POOR" | "DAMAGED" | "LOST"; description?: string | undefined; ... 4 more ...; custodianId?: string | undefined; }, any, { ...; }> | undefined'.
      Type 'Resolver<{ name: string; category: "OTHER" | "FURNITURE" | "ELECTRONICS" | "VEHICLE" | "PROPERTY" | "EQUIPMENT"; condition: "NEW" | "GOOD" | "FAIR" | "POOR" | "DAMAGED" | "LOST"; description?: string | undefined; ... 4 more ...; custodianId?: string | undefined; }, any, TFieldValues>' is not assignable to type 'Resolver<{ name: string; category: "OTHER" | "FURNITURE" | "ELECTRONICS" | "VEHICLE" | "PROPERTY" | "EQUIPMENT"; condition: "NEW" | "GOOD" | "FAIR" | "POOR" | "DAMAGED" | "LOST"; description?: string | undefined; ... 4 more ...; custodianId?: string | undefined; }, any, { ...; }>'.
        Type 'ResolverResult<{ name: string; category: "OTHER" | "FURNITURE" | "ELECTRONICS" | "VEHICLE" | "PROPERTY" | "EQUIPMENT"; condition: "NEW" | "GOOD" | "FAIR" | "POOR" | "DAMAGED" | "LOST"; description?: string | undefined; ... 4 more ...; custodianId?: string | undefined; }, TFieldValues> | Promise<...>' is not assignable to type 'ResolverResult<{ name: string; category: "OTHER" | "FURNITURE" | "ELECTRONICS" | "VEHICLE" | "PROPERTY" | "EQUIPMENT"; condition: "NEW" | "GOOD" | "FAIR" | "POOR" | "DAMAGED" | "LOST"; description?: string | undefined; ... 4 more ...; custodianId?: string | undefined; }, { ...; }> | Promise<...>'.
          Type 'ResolverSuccess<TFieldValues>' is not assignable to type 'ResolverResult<{ name: string; category: "OTHER" | "FURNITURE" | "ELECTRONICS" | "VEHICLE" | "PROPERTY" | "EQUIPMENT"; condition: "NEW" | "GOOD" | "FAIR" | "POOR" | "DAMAGED" | "LOST"; description?: string | undefined; ... 4 more ...; custodianId?: string | undefined; }, { ...; }> | Promise<...>'.
            Type 'ResolverSuccess<TFieldValues>' is not assignable to type 'ResolverSuccess<{ name: string; category: "OTHER" | "FURNITURE" | "ELECTRONICS" | "VEHICLE" | "PROPERTY" | "EQUIPMENT"; condition: "NEW" | "GOOD" | "FAIR" | "POOR" | "DAMAGED" | "LOST"; description?: string | undefined; ... 4 more ...; custodianId?: string | undefined; }>'.
              Type 'TFieldValues' is not assignable to type '{ name: string; category: "OTHER" | "FURNITURE" | "ELECTRONICS" | "VEHICLE" | "PROPERTY" | "EQUIPMENT"; condition: "NEW" | "GOOD" | "FAIR" | "POOR" | "DAMAGED" | "LOST"; description?: string | undefined; ... 4 more ...; custodianId?: string | undefined; }'.
                Type 'FieldValues' is missing the following properties from type '{ name: string; category: "OTHER" | "FURNITURE" | "ELECTRONICS" | "VEHICLE" | "PROPERTY" | "EQUIPMENT"; condition: "NEW" | "GOOD" | "FAIR" | "POOR" | "DAMAGED" | "LOST"; description?: string | undefined; ... 4 more ...; custodianId?: string | undefined; }': name, category, condition
components/admin/assets/create-asset-dialog.tsx(193,33): error TS2322: Type 'Control<{ name: string; category: "OTHER" | "FURNITURE" | "ELECTRONICS" | "VEHICLE" | "PROPERTY" | "EQUIPMENT"; condition: "NEW" | "GOOD" | "FAIR" | "POOR" | "DAMAGED" | "LOST"; description?: string | undefined; ... 4 more ...; custodianId?: string | undefined; }, any, TFieldValues>' is not assignable to type 'Control<{ name: string; category: "OTHER" | "FURNITURE" | "ELECTRONICS" | "VEHICLE" | "PROPERTY" | "EQUIPMENT"; condition: "NEW" | "GOOD" | "FAIR" | "POOR" | "DAMAGED" | "LOST"; description?: string | undefined; ... 4 more ...; custodianId?: string | undefined; }, any, { ...; }>'.
  The types of '_options.resolver' are incompatible between these types.
    Type 'Resolver<{ name: string; category: "OTHER" | "FURNITURE" | "ELECTRONICS" | "VEHICLE" | "PROPERTY" | "EQUIPMENT"; condition: "NEW" | "GOOD" | "FAIR" | "POOR" | "DAMAGED" | "LOST"; description?: string | undefined; ... 4 more ...; custodianId?: string | undefined; }, any, TFieldValues> | undefined' is not assignable to type 'Resolver<{ name: string; category: "OTHER" | "FURNITURE" | "ELECTRONICS" | "VEHICLE" | "PROPERTY" | "EQUIPMENT"; condition: "NEW" | "GOOD" | "FAIR" | "POOR" | "DAMAGED" | "LOST"; description?: string | undefined; ... 4 more ...; custodianId?: string | undefined; }, any, { ...; }> | undefined'.
      Type 'Resolver<{ name: string; category: "OTHER" | "FURNITURE" | "ELECTRONICS" | "VEHICLE" | "PROPERTY" | "EQUIPMENT"; condition: "NEW" | "GOOD" | "FAIR" | "POOR" | "DAMAGED" | "LOST"; description?: string | undefined; ... 4 more ...; custodianId?: string | undefined; }, any, TFieldValues>' is not assignable to type 'Resolver<{ name: string; category: "OTHER" | "FURNITURE" | "ELECTRONICS" | "VEHICLE" | "PROPERTY" | "EQUIPMENT"; condition: "NEW" | "GOOD" | "FAIR" | "POOR" | "DAMAGED" | "LOST"; description?: string | undefined; ... 4 more ...; custodianId?: string | undefined; }, any, { ...; }>'.
        Type 'ResolverResult<{ name: string; category: "OTHER" | "FURNITURE" | "ELECTRONICS" | "VEHICLE" | "PROPERTY" | "EQUIPMENT"; condition: "NEW" | "GOOD" | "FAIR" | "POOR" | "DAMAGED" | "LOST"; description?: string | undefined; ... 4 more ...; custodianId?: string | undefined; }, TFieldValues> | Promise<...>' is not assignable to type 'ResolverResult<{ name: string; category: "OTHER" | "FURNITURE" | "ELECTRONICS" | "VEHICLE" | "PROPERTY" | "EQUIPMENT"; condition: "NEW" | "GOOD" | "FAIR" | "POOR" | "DAMAGED" | "LOST"; description?: string | undefined; ... 4 more ...; custodianId?: string | undefined; }, { ...; }> | Promise<...>'.
          Type 'ResolverSuccess<TFieldValues>' is not assignable to type 'ResolverResult<{ name: string; category: "OTHER" | "FURNITURE" | "ELECTRONICS" | "VEHICLE" | "PROPERTY" | "EQUIPMENT"; condition: "NEW" | "GOOD" | "FAIR" | "POOR" | "DAMAGED" | "LOST"; description?: string | undefined; ... 4 more ...; custodianId?: string | undefined; }, { ...; }> | Promise<...>'.
            Type 'ResolverSuccess<TFieldValues>' is not assignable to type 'ResolverSuccess<{ name: string; category: "OTHER" | "FURNITURE" | "ELECTRONICS" | "VEHICLE" | "PROPERTY" | "EQUIPMENT"; condition: "NEW" | "GOOD" | "FAIR" | "POOR" | "DAMAGED" | "LOST"; description?: string | undefined; ... 4 more ...; custodianId?: string | undefined; }>'.
              Type 'TFieldValues' is not assignable to type '{ name: string; category: "OTHER" | "FURNITURE" | "ELECTRONICS" | "VEHICLE" | "PROPERTY" | "EQUIPMENT"; condition: "NEW" | "GOOD" | "FAIR" | "POOR" | "DAMAGED" | "LOST"; description?: string | undefined; ... 4 more ...; custodianId?: string | undefined; }'.
                Type 'FieldValues' is missing the following properties from type '{ name: string; category: "OTHER" | "FURNITURE" | "ELECTRONICS" | "VEHICLE" | "PROPERTY" | "EQUIPMENT"; condition: "NEW" | "GOOD" | "FAIR" | "POOR" | "DAMAGED" | "LOST"; description?: string | undefined; ... 4 more ...; custodianId?: string | undefined; }': name, category, condition
components/admin/assets/create-asset-dialog.tsx(207,33): error TS2322: Type 'Control<{ name: string; category: "OTHER" | "FURNITURE" | "ELECTRONICS" | "VEHICLE" | "PROPERTY" | "EQUIPMENT"; condition: "NEW" | "GOOD" | "FAIR" | "POOR" | "DAMAGED" | "LOST"; description?: string | undefined; ... 4 more ...; custodianId?: string | undefined; }, any, TFieldValues>' is not assignable to type 'Control<{ name: string; category: "OTHER" | "FURNITURE" | "ELECTRONICS" | "VEHICLE" | "PROPERTY" | "EQUIPMENT"; condition: "NEW" | "GOOD" | "FAIR" | "POOR" | "DAMAGED" | "LOST"; description?: string | undefined; ... 4 more ...; custodianId?: string | undefined; }, any, { ...; }>'.
  The types of '_options.resolver' are incompatible between these types.
    Type 'Resolver<{ name: string; category: "OTHER" | "FURNITURE" | "ELECTRONICS" | "VEHICLE" | "PROPERTY" | "EQUIPMENT"; condition: "NEW" | "GOOD" | "FAIR" | "POOR" | "DAMAGED" | "LOST"; description?: string | undefined; ... 4 more ...; custodianId?: string | undefined; }, any, TFieldValues> | undefined' is not assignable to type 'Resolver<{ name: string; category: "OTHER" | "FURNITURE" | "ELECTRONICS" | "VEHICLE" | "PROPERTY" | "EQUIPMENT"; condition: "NEW" | "GOOD" | "FAIR" | "POOR" | "DAMAGED" | "LOST"; description?: string | undefined; ... 4 more ...; custodianId?: string | undefined; }, any, { ...; }> | undefined'.
      Type 'Resolver<{ name: string; category: "OTHER" | "FURNITURE" | "ELECTRONICS" | "VEHICLE" | "PROPERTY" | "EQUIPMENT"; condition: "NEW" | "GOOD" | "FAIR" | "POOR" | "DAMAGED" | "LOST"; description?: string | undefined; ... 4 more ...; custodianId?: string | undefined; }, any, TFieldValues>' is not assignable to type 'Resolver<{ name: string; category: "OTHER" | "FURNITURE" | "ELECTRONICS" | "VEHICLE" | "PROPERTY" | "EQUIPMENT"; condition: "NEW" | "GOOD" | "FAIR" | "POOR" | "DAMAGED" | "LOST"; description?: string | undefined; ... 4 more ...; custodianId?: string | undefined; }, any, { ...; }>'.
        Type 'ResolverResult<{ name: string; category: "OTHER" | "FURNITURE" | "ELECTRONICS" | "VEHICLE" | "PROPERTY" | "EQUIPMENT"; condition: "NEW" | "GOOD" | "FAIR" | "POOR" | "DAMAGED" | "LOST"; description?: string | undefined; ... 4 more ...; custodianId?: string | undefined; }, TFieldValues> | Promise<...>' is not assignable to type 'ResolverResult<{ name: string; category: "OTHER" | "FURNITURE" | "ELECTRONICS" | "VEHICLE" | "PROPERTY" | "EQUIPMENT"; condition: "NEW" | "GOOD" | "FAIR" | "POOR" | "DAMAGED" | "LOST"; description?: string | undefined; ... 4 more ...; custodianId?: string | undefined; }, { ...; }> | Promise<...>'.
          Type 'ResolverSuccess<TFieldValues>' is not assignable to type 'ResolverResult<{ name: string; category: "OTHER" | "FURNITURE" | "ELECTRONICS" | "VEHICLE" | "PROPERTY" | "EQUIPMENT"; condition: "NEW" | "GOOD" | "FAIR" | "POOR" | "DAMAGED" | "LOST"; description?: string | undefined; ... 4 more ...; custodianId?: string | undefined; }, { ...; }> | Promise<...>'.
            Type 'ResolverSuccess<TFieldValues>' is not assignable to type 'ResolverSuccess<{ name: string; category: "OTHER" | "FURNITURE" | "ELECTRONICS" | "VEHICLE" | "PROPERTY" | "EQUIPMENT"; condition: "NEW" | "GOOD" | "FAIR" | "POOR" | "DAMAGED" | "LOST"; description?: string | undefined; ... 4 more ...; custodianId?: string | undefined; }>'.
              Type 'TFieldValues' is not assignable to type '{ name: string; category: "OTHER" | "FURNITURE" | "ELECTRONICS" | "VEHICLE" | "PROPERTY" | "EQUIPMENT"; condition: "NEW" | "GOOD" | "FAIR" | "POOR" | "DAMAGED" | "LOST"; description?: string | undefined; ... 4 more ...; custodianId?: string | undefined; }'.
                Type 'FieldValues' is missing the following properties from type '{ name: string; category: "OTHER" | "FURNITURE" | "ELECTRONICS" | "VEHICLE" | "PROPERTY" | "EQUIPMENT"; condition: "NEW" | "GOOD" | "FAIR" | "POOR" | "DAMAGED" | "LOST"; description?: string | undefined; ... 4 more ...; custodianId?: string | undefined; }': name, category, condition
components/admin/assets/create-asset-dialog.tsx(221,33): error TS2322: Type 'Control<{ name: string; category: "OTHER" | "FURNITURE" | "ELECTRONICS" | "VEHICLE" | "PROPERTY" | "EQUIPMENT"; condition: "NEW" | "GOOD" | "FAIR" | "POOR" | "DAMAGED" | "LOST"; description?: string | undefined; ... 4 more ...; custodianId?: string | undefined; }, any, TFieldValues>' is not assignable to type 'Control<{ name: string; category: "OTHER" | "FURNITURE" | "ELECTRONICS" | "VEHICLE" | "PROPERTY" | "EQUIPMENT"; condition: "NEW" | "GOOD" | "FAIR" | "POOR" | "DAMAGED" | "LOST"; description?: string | undefined; ... 4 more ...; custodianId?: string | undefined; }, any, { ...; }>'.
  The types of '_options.resolver' are incompatible between these types.
    Type 'Resolver<{ name: string; category: "OTHER" | "FURNITURE" | "ELECTRONICS" | "VEHICLE" | "PROPERTY" | "EQUIPMENT"; condition: "NEW" | "GOOD" | "FAIR" | "POOR" | "DAMAGED" | "LOST"; description?: string | undefined; ... 4 more ...; custodianId?: string | undefined; }, any, TFieldValues> | undefined' is not assignable to type 'Resolver<{ name: string; category: "OTHER" | "FURNITURE" | "ELECTRONICS" | "VEHICLE" | "PROPERTY" | "EQUIPMENT"; condition: "NEW" | "GOOD" | "FAIR" | "POOR" | "DAMAGED" | "LOST"; description?: string | undefined; ... 4 more ...; custodianId?: string | undefined; }, any, { ...; }> | undefined'.
      Type 'Resolver<{ name: string; category: "OTHER" | "FURNITURE" | "ELECTRONICS" | "VEHICLE" | "PROPERTY" | "EQUIPMENT"; condition: "NEW" | "GOOD" | "FAIR" | "POOR" | "DAMAGED" | "LOST"; description?: string | undefined; ... 4 more ...; custodianId?: string | undefined; }, any, TFieldValues>' is not assignable to type 'Resolver<{ name: string; category: "OTHER" | "FURNITURE" | "ELECTRONICS" | "VEHICLE" | "PROPERTY" | "EQUIPMENT"; condition: "NEW" | "GOOD" | "FAIR" | "POOR" | "DAMAGED" | "LOST"; description?: string | undefined; ... 4 more ...; custodianId?: string | undefined; }, any, { ...; }>'.
        Type 'ResolverResult<{ name: string; category: "OTHER" | "FURNITURE" | "ELECTRONICS" | "VEHICLE" | "PROPERTY" | "EQUIPMENT"; condition: "NEW" | "GOOD" | "FAIR" | "POOR" | "DAMAGED" | "LOST"; description?: string | undefined; ... 4 more ...; custodianId?: string | undefined; }, TFieldValues> | Promise<...>' is not assignable to type 'ResolverResult<{ name: string; category: "OTHER" | "FURNITURE" | "ELECTRONICS" | "VEHICLE" | "PROPERTY" | "EQUIPMENT"; condition: "NEW" | "GOOD" | "FAIR" | "POOR" | "DAMAGED" | "LOST"; description?: string | undefined; ... 4 more ...; custodianId?: string | undefined; }, { ...; }> | Promise<...>'.
          Type 'ResolverSuccess<TFieldValues>' is not assignable to type 'ResolverResult<{ name: string; category: "OTHER" | "FURNITURE" | "ELECTRONICS" | "VEHICLE" | "PROPERTY" | "EQUIPMENT"; condition: "NEW" | "GOOD" | "FAIR" | "POOR" | "DAMAGED" | "LOST"; description?: string | undefined; ... 4 more ...; custodianId?: string | undefined; }, { ...; }> | Promise<...>'.
            Type 'ResolverSuccess<TFieldValues>' is not assignable to type 'ResolverSuccess<{ name: string; category: "OTHER" | "FURNITURE" | "ELECTRONICS" | "VEHICLE" | "PROPERTY" | "EQUIPMENT"; condition: "NEW" | "GOOD" | "FAIR" | "POOR" | "DAMAGED" | "LOST"; description?: string | undefined; ... 4 more ...; custodianId?: string | undefined; }>'.
              Type 'TFieldValues' is not assignable to type '{ name: string; category: "OTHER" | "FURNITURE" | "ELECTRONICS" | "VEHICLE" | "PROPERTY" | "EQUIPMENT"; condition: "NEW" | "GOOD" | "FAIR" | "POOR" | "DAMAGED" | "LOST"; description?: string | undefined; ... 4 more ...; custodianId?: string | undefined; }'.
                Type 'FieldValues' is missing the following properties from type '{ name: string; category: "OTHER" | "FURNITURE" | "ELECTRONICS" | "VEHICLE" | "PROPERTY" | "EQUIPMENT"; condition: "NEW" | "GOOD" | "FAIR" | "POOR" | "DAMAGED" | "LOST"; description?: string | undefined; ... 4 more ...; custodianId?: string | undefined; }': name, category, condition
components/admin/assets/create-asset-dialog.tsx(236,29): error TS2322: Type 'Control<{ name: string; category: "OTHER" | "FURNITURE" | "ELECTRONICS" | "VEHICLE" | "PROPERTY" | "EQUIPMENT"; condition: "NEW" | "GOOD" | "FAIR" | "POOR" | "DAMAGED" | "LOST"; description?: string | undefined; ... 4 more ...; custodianId?: string | undefined; }, any, TFieldValues>' is not assignable to type 'Control<{ name: string; category: "OTHER" | "FURNITURE" | "ELECTRONICS" | "VEHICLE" | "PROPERTY" | "EQUIPMENT"; condition: "NEW" | "GOOD" | "FAIR" | "POOR" | "DAMAGED" | "LOST"; description?: string | undefined; ... 4 more ...; custodianId?: string | undefined; }, any, { ...; }>'.
  The types of '_options.resolver' are incompatible between these types.
    Type 'Resolver<{ name: string; category: "OTHER" | "FURNITURE" | "ELECTRONICS" | "VEHICLE" | "PROPERTY" | "EQUIPMENT"; condition: "NEW" | "GOOD" | "FAIR" | "POOR" | "DAMAGED" | "LOST"; description?: string | undefined; ... 4 more ...; custodianId?: string | undefined; }, any, TFieldValues> | undefined' is not assignable to type 'Resolver<{ name: string; category: "OTHER" | "FURNITURE" | "ELECTRONICS" | "VEHICLE" | "PROPERTY" | "EQUIPMENT"; condition: "NEW" | "GOOD" | "FAIR" | "POOR" | "DAMAGED" | "LOST"; description?: string | undefined; ... 4 more ...; custodianId?: string | undefined; }, any, { ...; }> | undefined'.
      Type 'Resolver<{ name: string; category: "OTHER" | "FURNITURE" | "ELECTRONICS" | "VEHICLE" | "PROPERTY" | "EQUIPMENT"; condition: "NEW" | "GOOD" | "FAIR" | "POOR" | "DAMAGED" | "LOST"; description?: string | undefined; ... 4 more ...; custodianId?: string | undefined; }, any, TFieldValues>' is not assignable to type 'Resolver<{ name: string; category: "OTHER" | "FURNITURE" | "ELECTRONICS" | "VEHICLE" | "PROPERTY" | "EQUIPMENT"; condition: "NEW" | "GOOD" | "FAIR" | "POOR" | "DAMAGED" | "LOST"; description?: string | undefined; ... 4 more ...; custodianId?: string | undefined; }, any, { ...; }>'.
        Type 'ResolverResult<{ name: string; category: "OTHER" | "FURNITURE" | "ELECTRONICS" | "VEHICLE" | "PROPERTY" | "EQUIPMENT"; condition: "NEW" | "GOOD" | "FAIR" | "POOR" | "DAMAGED" | "LOST"; description?: string | undefined; ... 4 more ...; custodianId?: string | undefined; }, TFieldValues> | Promise<...>' is not assignable to type 'ResolverResult<{ name: string; category: "OTHER" | "FURNITURE" | "ELECTRONICS" | "VEHICLE" | "PROPERTY" | "EQUIPMENT"; condition: "NEW" | "GOOD" | "FAIR" | "POOR" | "DAMAGED" | "LOST"; description?: string | undefined; ... 4 more ...; custodianId?: string | undefined; }, { ...; }> | Promise<...>'.
          Type 'ResolverSuccess<TFieldValues>' is not assignable to type 'ResolverResult<{ name: string; category: "OTHER" | "FURNITURE" | "ELECTRONICS" | "VEHICLE" | "PROPERTY" | "EQUIPMENT"; condition: "NEW" | "GOOD" | "FAIR" | "POOR" | "DAMAGED" | "LOST"; description?: string | undefined; ... 4 more ...; custodianId?: string | undefined; }, { ...; }> | Promise<...>'.
            Type 'ResolverSuccess<TFieldValues>' is not assignable to type 'ResolverSuccess<{ name: string; category: "OTHER" | "FURNITURE" | "ELECTRONICS" | "VEHICLE" | "PROPERTY" | "EQUIPMENT"; condition: "NEW" | "GOOD" | "FAIR" | "POOR" | "DAMAGED" | "LOST"; description?: string | undefined; ... 4 more ...; custodianId?: string | undefined; }>'.
              Type 'TFieldValues' is not assignable to type '{ name: string; category: "OTHER" | "FURNITURE" | "ELECTRONICS" | "VEHICLE" | "PROPERTY" | "EQUIPMENT"; condition: "NEW" | "GOOD" | "FAIR" | "POOR" | "DAMAGED" | "LOST"; description?: string | undefined; ... 4 more ...; custodianId?: string | undefined; }'.
                Type 'FieldValues' is missing the following properties from type '{ name: string; category: "OTHER" | "FURNITURE" | "ELECTRONICS" | "VEHICLE" | "PROPERTY" | "EQUIPMENT"; condition: "NEW" | "GOOD" | "FAIR" | "POOR" | "DAMAGED" | "LOST"; description?: string | undefined; ... 4 more ...; custodianId?: string | undefined; }': name, category, condition
components/admin/cms/create-menu-item-dialog.tsx(65,9): error TS2322: Type 'Resolver<{ label: string; id?: string | undefined; path?: string | undefined; type?: "link" | "dropdown" | "button" | undefined; isActive?: boolean | undefined; organizationId?: string | undefined; parentId?: string | ... 1 more ... | undefined; order?: number | undefined; }, any, { ...; }>' is not assignable to type 'Resolver<{ label: string; type: "link" | "dropdown" | "button"; isActive: boolean; order: number; id?: string | undefined; path?: string | undefined; organizationId?: string | undefined; parentId?: string | ... 1 more ... | undefined; }, any, { ...; }>'.
  Types of parameters 'options' and 'options' are incompatible.
    Type 'ResolverOptions<{ label: string; type: "link" | "dropdown" | "button"; isActive: boolean; order: number; id?: string | undefined; path?: string | undefined; organizationId?: string | undefined; parentId?: string | ... 1 more ... | undefined; }>' is not assignable to type 'ResolverOptions<{ label: string; id?: string | undefined; path?: string | undefined; type?: "link" | "dropdown" | "button" | undefined; isActive?: boolean | undefined; organizationId?: string | undefined; parentId?: string | ... 1 more ... | undefined; order?: number | undefined; }>'.
      Type '"link" | "dropdown" | "button" | undefined' is not assignable to type '"link" | "dropdown" | "button"'.
        Type 'undefined' is not assignable to type '"link" | "dropdown" | "button"'.
components/admin/cms/create-menu-item-dialog.tsx(123,55): error TS2345: Argument of type '(values: { label: string; type: "link" | "dropdown" | "button"; isActive: boolean; order: number; id?: string | undefined; path?: string | undefined; organizationId?: string | undefined; parentId?: string | ... 1 more ... | undefined; }) => Promise<...>' is not assignable to parameter of type 'SubmitHandler<TFieldValues>'.
  Types of parameters 'values' and 'data' are incompatible.
    Type 'TFieldValues' is not assignable to type '{ label: string; type: "link" | "dropdown" | "button"; isActive: boolean; order: number; id?: string | undefined; path?: string | undefined; organizationId?: string | undefined; parentId?: string | ... 1 more ... | undefined; }'.
      Type 'FieldValues' is missing the following properties from type '{ label: string; type: "link" | "dropdown" | "button"; isActive: boolean; order: number; id?: string | undefined; path?: string | undefined; organizationId?: string | undefined; parentId?: string | ... 1 more ... | undefined; }': label, type, isActive, order
components/admin/cms/create-menu-item-dialog.tsx(125,29): error TS2322: Type 'Control<{ label: string; type: "link" | "dropdown" | "button"; isActive: boolean; order: number; id?: string | undefined; path?: string | undefined; organizationId?: string | undefined; parentId?: string | ... 1 more ... | undefined; }, any, TFieldValues>' is not assignable to type 'Control<{ label: string; type: "link" | "dropdown" | "button"; isActive: boolean; order: number; id?: string | undefined; path?: string | undefined; organizationId?: string | undefined; parentId?: string | ... 1 more ... | undefined; }, any, { ...; }>'.
  The types of '_options.resolver' are incompatible between these types.
    Type 'Resolver<{ label: string; type: "link" | "dropdown" | "button"; isActive: boolean; order: number; id?: string | undefined; path?: string | undefined; organizationId?: string | undefined; parentId?: string | ... 1 more ... | undefined; }, any, TFieldValues> | undefined' is not assignable to type 'Resolver<{ label: string; type: "link" | "dropdown" | "button"; isActive: boolean; order: number; id?: string | undefined; path?: string | undefined; organizationId?: string | undefined; parentId?: string | ... 1 more ... | undefined; }, any, { ...; }> | undefined'.
      Type 'Resolver<{ label: string; type: "link" | "dropdown" | "button"; isActive: boolean; order: number; id?: string | undefined; path?: string | undefined; organizationId?: string | undefined; parentId?: string | ... 1 more ... | undefined; }, any, TFieldValues>' is not assignable to type 'Resolver<{ label: string; type: "link" | "dropdown" | "button"; isActive: boolean; order: number; id?: string | undefined; path?: string | undefined; organizationId?: string | undefined; parentId?: string | ... 1 more ... | undefined; }, any, { ...; }>'.
        Type 'ResolverResult<{ label: string; type: "link" | "dropdown" | "button"; isActive: boolean; order: number; id?: string | undefined; path?: string | undefined; organizationId?: string | undefined; parentId?: string | ... 1 more ... | undefined; }, TFieldValues> | Promise<...>' is not assignable to type 'ResolverResult<{ label: string; type: "link" | "dropdown" | "button"; isActive: boolean; order: number; id?: string | undefined; path?: string | undefined; organizationId?: string | undefined; parentId?: string | ... 1 more ... | undefined; }, { ...; }> | Promise<...>'.
          Type 'ResolverSuccess<TFieldValues>' is not assignable to type 'ResolverResult<{ label: string; type: "link" | "dropdown" | "button"; isActive: boolean; order: number; id?: string | undefined; path?: string | undefined; organizationId?: string | undefined; parentId?: string | ... 1 more ... | undefined; }, { ...; }> | Promise<...>'.
            Type 'ResolverSuccess<TFieldValues>' is not assignable to type 'ResolverSuccess<{ label: string; type: "link" | "dropdown" | "button"; isActive: boolean; order: number; id?: string | undefined; path?: string | undefined; organizationId?: string | undefined; parentId?: string | ... 1 more ... | undefined; }>'.
              Type 'TFieldValues' is not assignable to type '{ label: string; type: "link" | "dropdown" | "button"; isActive: boolean; order: number; id?: string | undefined; path?: string | undefined; organizationId?: string | undefined; parentId?: string | ... 1 more ... | undefined; }'.
                Type 'FieldValues' is missing the following properties from type '{ label: string; type: "link" | "dropdown" | "button"; isActive: boolean; order: number; id?: string | undefined; path?: string | undefined; organizationId?: string | undefined; parentId?: string | ... 1 more ... | undefined; }': label, type, isActive, order
components/admin/cms/create-menu-item-dialog.tsx(139,29): error TS2322: Type 'Control<{ label: string; type: "link" | "dropdown" | "button"; isActive: boolean; order: number; id?: string | undefined; path?: string | undefined; organizationId?: string | undefined; parentId?: string | ... 1 more ... | undefined; }, any, TFieldValues>' is not assignable to type 'Control<{ label: string; type: "link" | "dropdown" | "button"; isActive: boolean; order: number; id?: string | undefined; path?: string | undefined; organizationId?: string | undefined; parentId?: string | ... 1 more ... | undefined; }, any, { ...; }>'.
  The types of '_options.resolver' are incompatible between these types.
    Type 'Resolver<{ label: string; type: "link" | "dropdown" | "button"; isActive: boolean; order: number; id?: string | undefined; path?: string | undefined; organizationId?: string | undefined; parentId?: string | ... 1 more ... | undefined; }, any, TFieldValues> | undefined' is not assignable to type 'Resolver<{ label: string; type: "link" | "dropdown" | "button"; isActive: boolean; order: number; id?: string | undefined; path?: string | undefined; organizationId?: string | undefined; parentId?: string | ... 1 more ... | undefined; }, any, { ...; }> | undefined'.
      Type 'Resolver<{ label: string; type: "link" | "dropdown" | "button"; isActive: boolean; order: number; id?: string | undefined; path?: string | undefined; organizationId?: string | undefined; parentId?: string | ... 1 more ... | undefined; }, any, TFieldValues>' is not assignable to type 'Resolver<{ label: string; type: "link" | "dropdown" | "button"; isActive: boolean; order: number; id?: string | undefined; path?: string | undefined; organizationId?: string | undefined; parentId?: string | ... 1 more ... | undefined; }, any, { ...; }>'.
        Type 'ResolverResult<{ label: string; type: "link" | "dropdown" | "button"; isActive: boolean; order: number; id?: string | undefined; path?: string | undefined; organizationId?: string | undefined; parentId?: string | ... 1 more ... | undefined; }, TFieldValues> | Promise<...>' is not assignable to type 'ResolverResult<{ label: string; type: "link" | "dropdown" | "button"; isActive: boolean; order: number; id?: string | undefined; path?: string | undefined; organizationId?: string | undefined; parentId?: string | ... 1 more ... | undefined; }, { ...; }> | Promise<...>'.
          Type 'ResolverSuccess<TFieldValues>' is not assignable to type 'ResolverResult<{ label: string; type: "link" | "dropdown" | "button"; isActive: boolean; order: number; id?: string | undefined; path?: string | undefined; organizationId?: string | undefined; parentId?: string | ... 1 more ... | undefined; }, { ...; }> | Promise<...>'.
            Type 'ResolverSuccess<TFieldValues>' is not assignable to type 'ResolverSuccess<{ label: string; type: "link" | "dropdown" | "button"; isActive: boolean; order: number; id?: string | undefined; path?: string | undefined; organizationId?: string | undefined; parentId?: string | ... 1 more ... | undefined; }>'.
              Type 'TFieldValues' is not assignable to type '{ label: string; type: "link" | "dropdown" | "button"; isActive: boolean; order: number; id?: string | undefined; path?: string | undefined; organizationId?: string | undefined; parentId?: string | ... 1 more ... | undefined; }'.
                Type 'FieldValues' is missing the following properties from type '{ label: string; type: "link" | "dropdown" | "button"; isActive: boolean; order: number; id?: string | undefined; path?: string | undefined; organizationId?: string | undefined; parentId?: string | ... 1 more ... | undefined; }': label, type, isActive, order
components/admin/cms/create-menu-item-dialog.tsx(163,33): error TS2322: Type 'Control<{ label: string; type: "link" | "dropdown" | "button"; isActive: boolean; order: number; id?: string | undefined; path?: string | undefined; organizationId?: string | undefined; parentId?: string | ... 1 more ... | undefined; }, any, TFieldValues>' is not assignable to type 'Control<{ label: string; type: "link" | "dropdown" | "button"; isActive: boolean; order: number; id?: string | undefined; path?: string | undefined; organizationId?: string | undefined; parentId?: string | ... 1 more ... | undefined; }, any, { ...; }>'.
  The types of '_options.resolver' are incompatible between these types.
    Type 'Resolver<{ label: string; type: "link" | "dropdown" | "button"; isActive: boolean; order: number; id?: string | undefined; path?: string | undefined; organizationId?: string | undefined; parentId?: string | ... 1 more ... | undefined; }, any, TFieldValues> | undefined' is not assignable to type 'Resolver<{ label: string; type: "link" | "dropdown" | "button"; isActive: boolean; order: number; id?: string | undefined; path?: string | undefined; organizationId?: string | undefined; parentId?: string | ... 1 more ... | undefined; }, any, { ...; }> | undefined'.
      Type 'Resolver<{ label: string; type: "link" | "dropdown" | "button"; isActive: boolean; order: number; id?: string | undefined; path?: string | undefined; organizationId?: string | undefined; parentId?: string | ... 1 more ... | undefined; }, any, TFieldValues>' is not assignable to type 'Resolver<{ label: string; type: "link" | "dropdown" | "button"; isActive: boolean; order: number; id?: string | undefined; path?: string | undefined; organizationId?: string | undefined; parentId?: string | ... 1 more ... | undefined; }, any, { ...; }>'.
        Type 'ResolverResult<{ label: string; type: "link" | "dropdown" | "button"; isActive: boolean; order: number; id?: string | undefined; path?: string | undefined; organizationId?: string | undefined; parentId?: string | ... 1 more ... | undefined; }, TFieldValues> | Promise<...>' is not assignable to type 'ResolverResult<{ label: string; type: "link" | "dropdown" | "button"; isActive: boolean; order: number; id?: string | undefined; path?: string | undefined; organizationId?: string | undefined; parentId?: string | ... 1 more ... | undefined; }, { ...; }> | Promise<...>'.
          Type 'ResolverSuccess<TFieldValues>' is not assignable to type 'ResolverResult<{ label: string; type: "link" | "dropdown" | "button"; isActive: boolean; order: number; id?: string | undefined; path?: string | undefined; organizationId?: string | undefined; parentId?: string | ... 1 more ... | undefined; }, { ...; }> | Promise<...>'.
            Type 'ResolverSuccess<TFieldValues>' is not assignable to type 'ResolverSuccess<{ label: string; type: "link" | "dropdown" | "button"; isActive: boolean; order: number; id?: string | undefined; path?: string | undefined; organizationId?: string | undefined; parentId?: string | ... 1 more ... | undefined; }>'.
              Type 'TFieldValues' is not assignable to type '{ label: string; type: "link" | "dropdown" | "button"; isActive: boolean; order: number; id?: string | undefined; path?: string | undefined; organizationId?: string | undefined; parentId?: string | ... 1 more ... | undefined; }'.
                Type 'FieldValues' is missing the following properties from type '{ label: string; type: "link" | "dropdown" | "button"; isActive: boolean; order: number; id?: string | undefined; path?: string | undefined; organizationId?: string | undefined; parentId?: string | ... 1 more ... | undefined; }': label, type, isActive, order
components/admin/cms/create-menu-item-dialog.tsx(181,29): error TS2322: Type 'Control<{ label: string; type: "link" | "dropdown" | "button"; isActive: boolean; order: number; id?: string | undefined; path?: string | undefined; organizationId?: string | undefined; parentId?: string | ... 1 more ... | undefined; }, any, TFieldValues>' is not assignable to type 'Control<{ label: string; type: "link" | "dropdown" | "button"; isActive: boolean; order: number; id?: string | undefined; path?: string | undefined; organizationId?: string | undefined; parentId?: string | ... 1 more ... | undefined; }, any, { ...; }>'.
  The types of '_options.resolver' are incompatible between these types.
    Type 'Resolver<{ label: string; type: "link" | "dropdown" | "button"; isActive: boolean; order: number; id?: string | undefined; path?: string | undefined; organizationId?: string | undefined; parentId?: string | ... 1 more ... | undefined; }, any, TFieldValues> | undefined' is not assignable to type 'Resolver<{ label: string; type: "link" | "dropdown" | "button"; isActive: boolean; order: number; id?: string | undefined; path?: string | undefined; organizationId?: string | undefined; parentId?: string | ... 1 more ... | undefined; }, any, { ...; }> | undefined'.
      Type 'Resolver<{ label: string; type: "link" | "dropdown" | "button"; isActive: boolean; order: number; id?: string | undefined; path?: string | undefined; organizationId?: string | undefined; parentId?: string | ... 1 more ... | undefined; }, any, TFieldValues>' is not assignable to type 'Resolver<{ label: string; type: "link" | "dropdown" | "button"; isActive: boolean; order: number; id?: string | undefined; path?: string | undefined; organizationId?: string | undefined; parentId?: string | ... 1 more ... | undefined; }, any, { ...; }>'.
        Type 'ResolverResult<{ label: string; type: "link" | "dropdown" | "button"; isActive: boolean; order: number; id?: string | undefined; path?: string | undefined; organizationId?: string | undefined; parentId?: string | ... 1 more ... | undefined; }, TFieldValues> | Promise<...>' is not assignable to type 'ResolverResult<{ label: string; type: "link" | "dropdown" | "button"; isActive: boolean; order: number; id?: string | undefined; path?: string | undefined; organizationId?: string | undefined; parentId?: string | ... 1 more ... | undefined; }, { ...; }> | Promise<...>'.
          Type 'ResolverSuccess<TFieldValues>' is not assignable to type 'ResolverResult<{ label: string; type: "link" | "dropdown" | "button"; isActive: boolean; order: number; id?: string | undefined; path?: string | undefined; organizationId?: string | undefined; parentId?: string | ... 1 more ... | undefined; }, { ...; }> | Promise<...>'.
            Type 'ResolverSuccess<TFieldValues>' is not assignable to type 'ResolverSuccess<{ label: string; type: "link" | "dropdown" | "button"; isActive: boolean; order: number; id?: string | undefined; path?: string | undefined; organizationId?: string | undefined; parentId?: string | ... 1 more ... | undefined; }>'.
              Type 'TFieldValues' is not assignable to type '{ label: string; type: "link" | "dropdown" | "button"; isActive: boolean; order: number; id?: string | undefined; path?: string | undefined; organizationId?: string | undefined; parentId?: string | ... 1 more ... | undefined; }'.
                Type 'FieldValues' is missing the following properties from type '{ label: string; type: "link" | "dropdown" | "button"; isActive: boolean; order: number; id?: string | undefined; path?: string | undefined; organizationId?: string | undefined; parentId?: string | ... 1 more ... | undefined; }': label, type, isActive, order
components/admin/cms/page-editor.tsx(31,9): error TS2322: Type 'Resolver<{ title: string; slug: string; content?: string | undefined; isPublished?: boolean | undefined; }, any, { title: string; slug: string; isPublished: boolean; content?: string | undefined; }>' is not assignable to type 'Resolver<{ title: string; slug: string; isPublished: boolean; content?: string | undefined; }, any, { title: string; slug: string; isPublished: boolean; content?: string | undefined; }>'.
  Types of parameters 'options' and 'options' are incompatible.
    Type 'ResolverOptions<{ title: string; slug: string; isPublished: boolean; content?: string | undefined; }>' is not assignable to type 'ResolverOptions<{ title: string; slug: string; content?: string | undefined; isPublished?: boolean | undefined; }>'.
      Type 'boolean | undefined' is not assignable to type 'boolean'.
        Type 'undefined' is not assignable to type 'boolean'.
components/admin/cms/page-editor.tsx(43,43): error TS2345: Argument of type '{ id: string | undefined; title: string; slug: string; isPublished: boolean; content?: string | undefined; }' is not assignable to parameter of type '{ title: string; slug: string; isPublished: boolean; organizationId: string; content?: string | undefined; metadata?: any; } & { id?: string | undefined; }'.
  Property 'organizationId' is missing in type '{ id: string | undefined; title: string; slug: string; isPublished: boolean; content?: string | undefined; }' but required in type '{ title: string; slug: string; isPublished: boolean; organizationId: string; content?: string | undefined; metadata?: any; }'.
components/admin/cms/page-editor.tsx(78,56): error TS2345: Argument of type '(data: { title: string; slug: string; isPublished: boolean; content?: string | undefined; }) => Promise<void>' is not assignable to parameter of type 'SubmitHandler<TFieldValues>'.
  Types of parameters 'data' and 'data' are incompatible.
    Type 'TFieldValues' is not assignable to type '{ title: string; slug: string; isPublished: boolean; content?: string | undefined; }'.
      Type 'FieldValues' is missing the following properties from type '{ title: string; slug: string; isPublished: boolean; content?: string | undefined; }': title, slug, isPublished
components/admin/cms/page-editor.tsx(86,51): error TS2345: Argument of type '(data: { title: string; slug: string; isPublished: boolean; content?: string | undefined; }) => Promise<void>' is not assignable to parameter of type 'SubmitHandler<TFieldValues>'.
  Types of parameters 'data' and 'data' are incompatible.
    Type 'TFieldValues' is not assignable to type '{ title: string; slug: string; isPublished: boolean; content?: string | undefined; }'.
      Type 'FieldValues' is missing the following properties from type '{ title: string; slug: string; isPublished: boolean; content?: string | undefined; }': title, slug, isPublished
components/admin/cms/page-editor.tsx(92,41): error TS2322: Type 'Control<{ title: string; slug: string; isPublished: boolean; content?: string | undefined; }, any, TFieldValues>' is not assignable to type 'Control<{ title: string; slug: string; isPublished: boolean; content?: string | undefined; }, any, { title: string; slug: string; isPublished: boolean; content?: string | undefined; }>'.
  The types of '_options.resolver' are incompatible between these types.
    Type 'Resolver<{ title: string; slug: string; isPublished: boolean; content?: string | undefined; }, any, TFieldValues> | undefined' is not assignable to type 'Resolver<{ title: string; slug: string; isPublished: boolean; content?: string | undefined; }, any, { title: string; slug: string; isPublished: boolean; content?: string | undefined; }> | undefined'.
      Type 'Resolver<{ title: string; slug: string; isPublished: boolean; content?: string | undefined; }, any, TFieldValues>' is not assignable to type 'Resolver<{ title: string; slug: string; isPublished: boolean; content?: string | undefined; }, any, { title: string; slug: string; isPublished: boolean; content?: string | undefined; }>'.
        Type 'ResolverResult<{ title: string; slug: string; isPublished: boolean; content?: string | undefined; }, TFieldValues> | Promise<ResolverResult<{ title: string; slug: string; isPublished: boolean; content?: string | undefined; }, TFieldValues>>' is not assignable to type 'ResolverResult<{ title: string; slug: string; isPublished: boolean; content?: string | undefined; }, { title: string; slug: string; isPublished: boolean; content?: string | undefined; }> | Promise<...>'.
          Type 'ResolverSuccess<TFieldValues>' is not assignable to type 'ResolverResult<{ title: string; slug: string; isPublished: boolean; content?: string | undefined; }, { title: string; slug: string; isPublished: boolean; content?: string | undefined; }> | Promise<...>'.
            Type 'ResolverSuccess<TFieldValues>' is not assignable to type 'ResolverSuccess<{ title: string; slug: string; isPublished: boolean; content?: string | undefined; }>'.
              Type 'TFieldValues' is not assignable to type '{ title: string; slug: string; isPublished: boolean; content?: string | undefined; }'.
                Type 'FieldValues' is missing the following properties from type '{ title: string; slug: string; isPublished: boolean; content?: string | undefined; }': title, slug, isPublished
components/admin/cms/page-editor.tsx(110,45): error TS2322: Type 'Control<{ title: string; slug: string; isPublished: boolean; content?: string | undefined; }, any, TFieldValues>' is not assignable to type 'Control<{ title: string; slug: string; isPublished: boolean; content?: string | undefined; }, any, { title: string; slug: string; isPublished: boolean; content?: string | undefined; }>'.
  The types of '_options.resolver' are incompatible between these types.
    Type 'Resolver<{ title: string; slug: string; isPublished: boolean; content?: string | undefined; }, any, TFieldValues> | undefined' is not assignable to type 'Resolver<{ title: string; slug: string; isPublished: boolean; content?: string | undefined; }, any, { title: string; slug: string; isPublished: boolean; content?: string | undefined; }> | undefined'.
      Type 'Resolver<{ title: string; slug: string; isPublished: boolean; content?: string | undefined; }, any, TFieldValues>' is not assignable to type 'Resolver<{ title: string; slug: string; isPublished: boolean; content?: string | undefined; }, any, { title: string; slug: string; isPublished: boolean; content?: string | undefined; }>'.
        Type 'ResolverResult<{ title: string; slug: string; isPublished: boolean; content?: string | undefined; }, TFieldValues> | Promise<ResolverResult<{ title: string; slug: string; isPublished: boolean; content?: string | undefined; }, TFieldValues>>' is not assignable to type 'ResolverResult<{ title: string; slug: string; isPublished: boolean; content?: string | undefined; }, { title: string; slug: string; isPublished: boolean; content?: string | undefined; }> | Promise<...>'.
          Type 'ResolverSuccess<TFieldValues>' is not assignable to type 'ResolverResult<{ title: string; slug: string; isPublished: boolean; content?: string | undefined; }, { title: string; slug: string; isPublished: boolean; content?: string | undefined; }> | Promise<...>'.
            Type 'ResolverSuccess<TFieldValues>' is not assignable to type 'ResolverSuccess<{ title: string; slug: string; isPublished: boolean; content?: string | undefined; }>'.
              Type 'TFieldValues' is not assignable to type '{ title: string; slug: string; isPublished: boolean; content?: string | undefined; }'.
                Type 'FieldValues' is missing the following properties from type '{ title: string; slug: string; isPublished: boolean; content?: string | undefined; }': title, slug, isPublished
components/admin/cms/page-editor.tsx(134,41): error TS2322: Type 'Control<{ title: string; slug: string; isPublished: boolean; content?: string | undefined; }, any, TFieldValues>' is not assignable to type 'Control<{ title: string; slug: string; isPublished: boolean; content?: string | undefined; }, any, { title: string; slug: string; isPublished: boolean; content?: string | undefined; }>'.
  The types of '_options.resolver' are incompatible between these types.
    Type 'Resolver<{ title: string; slug: string; isPublished: boolean; content?: string | undefined; }, any, TFieldValues> | undefined' is not assignable to type 'Resolver<{ title: string; slug: string; isPublished: boolean; content?: string | undefined; }, any, { title: string; slug: string; isPublished: boolean; content?: string | undefined; }> | undefined'.
      Type 'Resolver<{ title: string; slug: string; isPublished: boolean; content?: string | undefined; }, any, TFieldValues>' is not assignable to type 'Resolver<{ title: string; slug: string; isPublished: boolean; content?: string | undefined; }, any, { title: string; slug: string; isPublished: boolean; content?: string | undefined; }>'.
        Type 'ResolverResult<{ title: string; slug: string; isPublished: boolean; content?: string | undefined; }, TFieldValues> | Promise<ResolverResult<{ title: string; slug: string; isPublished: boolean; content?: string | undefined; }, TFieldValues>>' is not assignable to type 'ResolverResult<{ title: string; slug: string; isPublished: boolean; content?: string | undefined; }, { title: string; slug: string; isPublished: boolean; content?: string | undefined; }> | Promise<...>'.
          Type 'ResolverSuccess<TFieldValues>' is not assignable to type 'ResolverResult<{ title: string; slug: string; isPublished: boolean; content?: string | undefined; }, { title: string; slug: string; isPublished: boolean; content?: string | undefined; }> | Promise<...>'.
            Type 'ResolverSuccess<TFieldValues>' is not assignable to type 'ResolverSuccess<{ title: string; slug: string; isPublished: boolean; content?: string | undefined; }>'.
              Type 'TFieldValues' is not assignable to type '{ title: string; slug: string; isPublished: boolean; content?: string | undefined; }'.
                Type 'FieldValues' is missing the following properties from type '{ title: string; slug: string; isPublished: boolean; content?: string | undefined; }': title, slug, isPublished
components/admin/cms/page-editor.tsx(151,41): error TS2322: Type 'Control<{ title: string; slug: string; isPublished: boolean; content?: string | undefined; }, any, TFieldValues>' is not assignable to type 'Control<{ title: string; slug: string; isPublished: boolean; content?: string | undefined; }, any, { title: string; slug: string; isPublished: boolean; content?: string | undefined; }>'.
  The types of '_options.resolver' are incompatible between these types.
    Type 'Resolver<{ title: string; slug: string; isPublished: boolean; content?: string | undefined; }, any, TFieldValues> | undefined' is not assignable to type 'Resolver<{ title: string; slug: string; isPublished: boolean; content?: string | undefined; }, any, { title: string; slug: string; isPublished: boolean; content?: string | undefined; }> | undefined'.
      Type 'Resolver<{ title: string; slug: string; isPublished: boolean; content?: string | undefined; }, any, TFieldValues>' is not assignable to type 'Resolver<{ title: string; slug: string; isPublished: boolean; content?: string | undefined; }, any, { title: string; slug: string; isPublished: boolean; content?: string | undefined; }>'.
        Type 'ResolverResult<{ title: string; slug: string; isPublished: boolean; content?: string | undefined; }, TFieldValues> | Promise<ResolverResult<{ title: string; slug: string; isPublished: boolean; content?: string | undefined; }, TFieldValues>>' is not assignable to type 'ResolverResult<{ title: string; slug: string; isPublished: boolean; content?: string | undefined; }, { title: string; slug: string; isPublished: boolean; content?: string | undefined; }> | Promise<...>'.
          Type 'ResolverSuccess<TFieldValues>' is not assignable to type 'ResolverResult<{ title: string; slug: string; isPublished: boolean; content?: string | undefined; }, { title: string; slug: string; isPublished: boolean; content?: string | undefined; }> | Promise<...>'.
            Type 'ResolverSuccess<TFieldValues>' is not assignable to type 'ResolverSuccess<{ title: string; slug: string; isPublished: boolean; content?: string | undefined; }>'.
              Type 'TFieldValues' is not assignable to type '{ title: string; slug: string; isPublished: boolean; content?: string | undefined; }'.
                Type 'FieldValues' is missing the following properties from type '{ title: string; slug: string; isPublished: boolean; content?: string | undefined; }': title, slug, isPublished
components/admin/finance/create-campaign-dialog.tsx(23,26): error TS2307: Cannot find module '@/components/ui/calendar' or its corresponding type declarations.
components/admin/finance/create-campaign-dialog.tsx(154,48): error TS7006: Parameter 'date' implicitly has an 'any' type.
components/admin/finance/create-campaign-dialog.tsx(155,48): error TS7006: Parameter 'date' implicitly has an 'any' type.
components/admin/finance/create-campaign-dialog.tsx(183,48): error TS7006: Parameter 'date' implicitly has an 'any' type.
components/admin/finance/create-campaign-dialog.tsx(184,48): error TS7006: Parameter 'date' implicitly has an 'any' type.
components/admin/navigation/menu-item-form.tsx(63,46): error TS2345: Argument of type '{ id: any; label: string; path: string | null; type: any; order: any; parentId: any; }' is not assignable to parameter of type '{ label: string; order: number; type: "link" | "dropdown" | "button"; isActive: boolean; path?: string | null | undefined; parentId?: string | null | undefined; organizationId?: string | undefined; } & { ...; }'.
  Property 'isActive' is missing in type '{ id: any; label: string; path: string | null; type: any; order: any; parentId: any; }' but required in type '{ label: string; order: number; type: "link" | "dropdown" | "button"; isActive: boolean; path?: string | null | undefined; parentId?: string | null | undefined; organizationId?: string | undefined; }'.
components/admin/occasions/manage-types-dialog.tsx(39,9): error TS2322: Type 'Resolver<{ name: string; certificateFee: unknown; }, any, { name: string; certificateFee: number; }>' is not assignable to type 'Resolver<{ name: string; certificateFee: number; }, any, { name: string; certificateFee: number; }>'.
  Types of parameters 'options' and 'options' are incompatible.
    Type 'ResolverOptions<{ name: string; certificateFee: number; }>' is not assignable to type 'ResolverOptions<{ name: string; certificateFee: unknown; }>'.
      Type 'unknown' is not assignable to type 'number'.
components/admin/occasions/manage-types-dialog.tsx(75,55): error TS2345: Argument of type '(values: { name: string; certificateFee: number; }) => Promise<void>' is not assignable to parameter of type 'SubmitHandler<TFieldValues>'.
  Types of parameters 'values' and 'data' are incompatible.
    Type 'TFieldValues' is not assignable to type '{ name: string; certificateFee: number; }'.
      Type 'FieldValues' is missing the following properties from type '{ name: string; certificateFee: number; }': name, certificateFee
components/admin/occasions/manage-types-dialog.tsx(76,36): error TS2322: Type 'Control<{ name: string; certificateFee: number; }, any, TFieldValues>' is not assignable to type 'Control<{ name: string; certificateFee: number; }, any, { name: string; certificateFee: number; }>'.
  The types of '_options.resolver' are incompatible between these types.
    Type 'Resolver<{ name: string; certificateFee: number; }, any, TFieldValues> | undefined' is not assignable to type 'Resolver<{ name: string; certificateFee: number; }, any, { name: string; certificateFee: number; }> | undefined'.
      Type 'Resolver<{ name: string; certificateFee: number; }, any, TFieldValues>' is not assignable to type 'Resolver<{ name: string; certificateFee: number; }, any, { name: string; certificateFee: number; }>'.
        Type 'ResolverResult<{ name: string; certificateFee: number; }, TFieldValues> | Promise<ResolverResult<{ name: string; certificateFee: number; }, TFieldValues>>' is not assignable to type 'ResolverResult<{ name: string; certificateFee: number; }, { name: string; certificateFee: number; }> | Promise<ResolverResult<{ name: string; certificateFee: number; }, { name: string; certificateFee: number; }>>'.
          Type 'ResolverSuccess<TFieldValues>' is not assignable to type 'ResolverResult<{ name: string; certificateFee: number; }, { name: string; certificateFee: number; }> | Promise<ResolverResult<{ name: string; certificateFee: number; }, { name: string; certificateFee: number; }>>'.
            Type 'ResolverSuccess<TFieldValues>' is not assignable to type 'ResolverSuccess<{ name: string; certificateFee: number; }>'.
              Type 'TFieldValues' is not assignable to type '{ name: string; certificateFee: number; }'.
                Type 'FieldValues' is missing the following properties from type '{ name: string; certificateFee: number; }': name, certificateFee
components/admin/occasions/manage-types-dialog.tsx(82,36): error TS2322: Type 'Control<{ name: string; certificateFee: number; }, any, TFieldValues>' is not assignable to type 'Control<{ name: string; certificateFee: number; }, any, { name: string; certificateFee: number; }>'.
  The types of '_options.resolver' are incompatible between these types.
    Type 'Resolver<{ name: string; certificateFee: number; }, any, TFieldValues> | undefined' is not assignable to type 'Resolver<{ name: string; certificateFee: number; }, any, { name: string; certificateFee: number; }> | undefined'.
      Type 'Resolver<{ name: string; certificateFee: number; }, any, TFieldValues>' is not assignable to type 'Resolver<{ name: string; certificateFee: number; }, any, { name: string; certificateFee: number; }>'.
        Type 'ResolverResult<{ name: string; certificateFee: number; }, TFieldValues> | Promise<ResolverResult<{ name: string; certificateFee: number; }, TFieldValues>>' is not assignable to type 'ResolverResult<{ name: string; certificateFee: number; }, { name: string; certificateFee: number; }> | Promise<ResolverResult<{ name: string; certificateFee: number; }, { name: string; certificateFee: number; }>>'.
          Type 'ResolverSuccess<TFieldValues>' is not assignable to type 'ResolverResult<{ name: string; certificateFee: number; }, { name: string; certificateFee: number; }> | Promise<ResolverResult<{ name: string; certificateFee: number; }, { name: string; certificateFee: number; }>>'.
            Type 'ResolverSuccess<TFieldValues>' is not assignable to type 'ResolverSuccess<{ name: string; certificateFee: number; }>'.
              Type 'TFieldValues' is not assignable to type '{ name: string; certificateFee: number; }'.
                Type 'FieldValues' is missing the following properties from type '{ name: string; certificateFee: number; }': name, certificateFee
components/admin/programmes/create-programme-dialog.tsx(53,9): error TS2322: Type 'Resolver<{ title: string; description: string; venue: string; startDate: string; endDate?: string | undefined; time?: string | undefined; targetAudience?: "PUBLIC" | "MEMBERS" | "BROTHERS" | "SISTERS" | "CHILDREN" | "YOUTH" | "ELDERS" | undefined; paymentRequired?: boolean | undefined; amount?: string | undefined; }...' is not assignable to type 'Resolver<{ title: string; description: string; venue: string; startDate: string; targetAudience: "PUBLIC" | "MEMBERS" | "BROTHERS" | "SISTERS" | "CHILDREN" | "YOUTH" | "ELDERS"; paymentRequired: boolean; amount: string; endDate?: string | undefined; time?: string | undefined; }, any, { ...; }>'.
  Types of parameters 'options' and 'options' are incompatible.
    Type 'ResolverOptions<{ title: string; description: string; venue: string; startDate: string; targetAudience: "PUBLIC" | "MEMBERS" | "BROTHERS" | "SISTERS" | "CHILDREN" | "YOUTH" | "ELDERS"; paymentRequired: boolean; amount: string; endDate?: string | undefined; time?: string | undefined; }>' is not assignable to type 'ResolverOptions<{ title: string; description: string; venue: string; startDate: string; endDate?: string | undefined; time?: string | undefined; targetAudience?: "PUBLIC" | "MEMBERS" | "BROTHERS" | "SISTERS" | "CHILDREN" | "YOUTH" | "ELDERS" | undefined; paymentRequired?: boolean | undefined; amount?: string | undef...'.
      Type '"PUBLIC" | "MEMBERS" | "BROTHERS" | "SISTERS" | "CHILDREN" | "YOUTH" | "ELDERS" | undefined' is not assignable to type '"PUBLIC" | "MEMBERS" | "BROTHERS" | "SISTERS" | "CHILDREN" | "YOUTH" | "ELDERS"'.
        Type 'undefined' is not assignable to type '"PUBLIC" | "MEMBERS" | "BROTHERS" | "SISTERS" | "CHILDREN" | "YOUTH" | "ELDERS"'.
components/admin/programmes/create-programme-dialog.tsx(74,50): error TS2345: Argument of type '{ startDate: Date; endDate: Date | undefined; amount: number; title: string; description: string; venue: string; targetAudience: "PUBLIC" | "MEMBERS" | "BROTHERS" | "SISTERS" | "CHILDREN" | "YOUTH" | "ELDERS"; paymentRequired: boolean; time?: string | undefined; }' is not assignable to parameter of type '{ title: string; description: string; venue: string; startDate: Date; targetAudience: "PUBLIC" | "MEMBERS" | "BROTHERS" | "SISTERS" | "CHILDREN" | "YOUTH" | "ELDERS"; paymentRequired: boolean; amount: number; hasCertificate: boolean; endDate?: Date | undefined; time?: string | undefined; }'.
  Property 'hasCertificate' is missing in type '{ startDate: Date; endDate: Date | undefined; amount: number; title: string; description: string; venue: string; targetAudience: "PUBLIC" | "MEMBERS" | "BROTHERS" | "SISTERS" | "CHILDREN" | "YOUTH" | "ELDERS"; paymentRequired: boolean; time?: string | undefined; }' but required in type '{ title: string; description: string; venue: string; startDate: Date; targetAudience: "PUBLIC" | "MEMBERS" | "BROTHERS" | "SISTERS" | "CHILDREN" | "YOUTH" | "ELDERS"; paymentRequired: boolean; amount: number; hasCertificate: boolean; endDate?: Date | undefined; time?: string | undefined; }'.
components/admin/programmes/create-programme-dialog.tsx(108,55): error TS2345: Argument of type '(data: { title: string; description: string; venue: string; startDate: string; targetAudience: "PUBLIC" | "MEMBERS" | "BROTHERS" | "SISTERS" | "CHILDREN" | "YOUTH" | "ELDERS"; paymentRequired: boolean; amount: string; endDate?: string | undefined; time?: string | undefined; }) => Promise<...>' is not assignable to parameter of type 'SubmitHandler<TFieldValues>'.
  Types of parameters 'data' and 'data' are incompatible.
    Type 'TFieldValues' is not assignable to type '{ title: string; description: string; venue: string; startDate: string; targetAudience: "PUBLIC" | "MEMBERS" | "BROTHERS" | "SISTERS" | "CHILDREN" | "YOUTH" | "ELDERS"; paymentRequired: boolean; amount: string; endDate?: string | undefined; time?: string | undefined; }'.
      Type 'FieldValues' is missing the following properties from type '{ title: string; description: string; venue: string; startDate: string; targetAudience: "PUBLIC" | "MEMBERS" | "BROTHERS" | "SISTERS" | "CHILDREN" | "YOUTH" | "ELDERS"; paymentRequired: boolean; amount: string; endDate?: string | undefined; time?: string | undefined; }': title, description, venue, startDate, and 3 more.
components/admin/programmes/create-programme-dialog.tsx(110,29): error TS2322: Type 'Control<{ title: string; description: string; venue: string; startDate: string; targetAudience: "PUBLIC" | "MEMBERS" | "BROTHERS" | "SISTERS" | "CHILDREN" | "YOUTH" | "ELDERS"; paymentRequired: boolean; amount: string; endDate?: string | undefined; time?: string | undefined; }, any, TFieldValues>' is not assignable to type 'Control<{ title: string; description: string; venue: string; startDate: string; targetAudience: "PUBLIC" | "MEMBERS" | "BROTHERS" | "SISTERS" | "CHILDREN" | "YOUTH" | "ELDERS"; paymentRequired: boolean; amount: string; endDate?: string | undefined; time?: string | undefined; }, any, { ...; }>'.
  The types of '_options.resolver' are incompatible between these types.
    Type 'Resolver<{ title: string; description: string; venue: string; startDate: string; targetAudience: "PUBLIC" | "MEMBERS" | "BROTHERS" | "SISTERS" | "CHILDREN" | "YOUTH" | "ELDERS"; paymentRequired: boolean; amount: string; endDate?: string | undefined; time?: string | undefined; }, any, TFieldValues> | undefined' is not assignable to type 'Resolver<{ title: string; description: string; venue: string; startDate: string; targetAudience: "PUBLIC" | "MEMBERS" | "BROTHERS" | "SISTERS" | "CHILDREN" | "YOUTH" | "ELDERS"; paymentRequired: boolean; amount: string; endDate?: string | undefined; time?: string | undefined; }, any, { ...; }> | undefined'.
      Type 'Resolver<{ title: string; description: string; venue: string; startDate: string; targetAudience: "PUBLIC" | "MEMBERS" | "BROTHERS" | "SISTERS" | "CHILDREN" | "YOUTH" | "ELDERS"; paymentRequired: boolean; amount: string; endDate?: string | undefined; time?: string | undefined; }, any, TFieldValues>' is not assignable to type 'Resolver<{ title: string; description: string; venue: string; startDate: string; targetAudience: "PUBLIC" | "MEMBERS" | "BROTHERS" | "SISTERS" | "CHILDREN" | "YOUTH" | "ELDERS"; paymentRequired: boolean; amount: string; endDate?: string | undefined; time?: string | undefined; }, any, { ...; }>'.
        Type 'ResolverResult<{ title: string; description: string; venue: string; startDate: string; targetAudience: "PUBLIC" | "MEMBERS" | "BROTHERS" | "SISTERS" | "CHILDREN" | "YOUTH" | "ELDERS"; paymentRequired: boolean; amount: string; endDate?: string | undefined; time?: string | undefined; }, TFieldValues> | Promise<...>' is not assignable to type 'ResolverResult<{ title: string; description: string; venue: string; startDate: string; targetAudience: "PUBLIC" | "MEMBERS" | "BROTHERS" | "SISTERS" | "CHILDREN" | "YOUTH" | "ELDERS"; paymentRequired: boolean; amount: string; endDate?: string | undefined; time?: string | undefined; }, { ...; }> | Promise<...>'.
          Type 'ResolverSuccess<TFieldValues>' is not assignable to type 'ResolverResult<{ title: string; description: string; venue: string; startDate: string; targetAudience: "PUBLIC" | "MEMBERS" | "BROTHERS" | "SISTERS" | "CHILDREN" | "YOUTH" | "ELDERS"; paymentRequired: boolean; amount: string; endDate?: string | undefined; time?: string | undefined; }, { ...; }> | Promise<...>'.
            Type 'ResolverSuccess<TFieldValues>' is not assignable to type 'ResolverSuccess<{ title: string; description: string; venue: string; startDate: string; targetAudience: "PUBLIC" | "MEMBERS" | "BROTHERS" | "SISTERS" | "CHILDREN" | "YOUTH" | "ELDERS"; paymentRequired: boolean; amount: string; endDate?: string | undefined; time?: string | undefined; }>'.
              Type 'TFieldValues' is not assignable to type '{ title: string; description: string; venue: string; startDate: string; targetAudience: "PUBLIC" | "MEMBERS" | "BROTHERS" | "SISTERS" | "CHILDREN" | "YOUTH" | "ELDERS"; paymentRequired: boolean; amount: string; endDate?: string | undefined; time?: string | undefined; }'.
                Type 'FieldValues' is missing the following properties from type '{ title: string; description: string; venue: string; startDate: string; targetAudience: "PUBLIC" | "MEMBERS" | "BROTHERS" | "SISTERS" | "CHILDREN" | "YOUTH" | "ELDERS"; paymentRequired: boolean; amount: string; endDate?: string | undefined; time?: string | undefined; }': title, description, venue, startDate, and 3 more.
components/admin/programmes/create-programme-dialog.tsx(124,29): error TS2322: Type 'Control<{ title: string; description: string; venue: string; startDate: string; targetAudience: "PUBLIC" | "MEMBERS" | "BROTHERS" | "SISTERS" | "CHILDREN" | "YOUTH" | "ELDERS"; paymentRequired: boolean; amount: string; endDate?: string | undefined; time?: string | undefined; }, any, TFieldValues>' is not assignable to type 'Control<{ title: string; description: string; venue: string; startDate: string; targetAudience: "PUBLIC" | "MEMBERS" | "BROTHERS" | "SISTERS" | "CHILDREN" | "YOUTH" | "ELDERS"; paymentRequired: boolean; amount: string; endDate?: string | undefined; time?: string | undefined; }, any, { ...; }>'.
  The types of '_options.resolver' are incompatible between these types.
    Type 'Resolver<{ title: string; description: string; venue: string; startDate: string; targetAudience: "PUBLIC" | "MEMBERS" | "BROTHERS" | "SISTERS" | "CHILDREN" | "YOUTH" | "ELDERS"; paymentRequired: boolean; amount: string; endDate?: string | undefined; time?: string | undefined; }, any, TFieldValues> | undefined' is not assignable to type 'Resolver<{ title: string; description: string; venue: string; startDate: string; targetAudience: "PUBLIC" | "MEMBERS" | "BROTHERS" | "SISTERS" | "CHILDREN" | "YOUTH" | "ELDERS"; paymentRequired: boolean; amount: string; endDate?: string | undefined; time?: string | undefined; }, any, { ...; }> | undefined'.
      Type 'Resolver<{ title: string; description: string; venue: string; startDate: string; targetAudience: "PUBLIC" | "MEMBERS" | "BROTHERS" | "SISTERS" | "CHILDREN" | "YOUTH" | "ELDERS"; paymentRequired: boolean; amount: string; endDate?: string | undefined; time?: string | undefined; }, any, TFieldValues>' is not assignable to type 'Resolver<{ title: string; description: string; venue: string; startDate: string; targetAudience: "PUBLIC" | "MEMBERS" | "BROTHERS" | "SISTERS" | "CHILDREN" | "YOUTH" | "ELDERS"; paymentRequired: boolean; amount: string; endDate?: string | undefined; time?: string | undefined; }, any, { ...; }>'.
        Type 'ResolverResult<{ title: string; description: string; venue: string; startDate: string; targetAudience: "PUBLIC" | "MEMBERS" | "BROTHERS" | "SISTERS" | "CHILDREN" | "YOUTH" | "ELDERS"; paymentRequired: boolean; amount: string; endDate?: string | undefined; time?: string | undefined; }, TFieldValues> | Promise<...>' is not assignable to type 'ResolverResult<{ title: string; description: string; venue: string; startDate: string; targetAudience: "PUBLIC" | "MEMBERS" | "BROTHERS" | "SISTERS" | "CHILDREN" | "YOUTH" | "ELDERS"; paymentRequired: boolean; amount: string; endDate?: string | undefined; time?: string | undefined; }, { ...; }> | Promise<...>'.
          Type 'ResolverSuccess<TFieldValues>' is not assignable to type 'ResolverResult<{ title: string; description: string; venue: string; startDate: string; targetAudience: "PUBLIC" | "MEMBERS" | "BROTHERS" | "SISTERS" | "CHILDREN" | "YOUTH" | "ELDERS"; paymentRequired: boolean; amount: string; endDate?: string | undefined; time?: string | undefined; }, { ...; }> | Promise<...>'.
            Type 'ResolverSuccess<TFieldValues>' is not assignable to type 'ResolverSuccess<{ title: string; description: string; venue: string; startDate: string; targetAudience: "PUBLIC" | "MEMBERS" | "BROTHERS" | "SISTERS" | "CHILDREN" | "YOUTH" | "ELDERS"; paymentRequired: boolean; amount: string; endDate?: string | undefined; time?: string | undefined; }>'.
              Type 'TFieldValues' is not assignable to type '{ title: string; description: string; venue: string; startDate: string; targetAudience: "PUBLIC" | "MEMBERS" | "BROTHERS" | "SISTERS" | "CHILDREN" | "YOUTH" | "ELDERS"; paymentRequired: boolean; amount: string; endDate?: string | undefined; time?: string | undefined; }'.
                Type 'FieldValues' is missing the following properties from type '{ title: string; description: string; venue: string; startDate: string; targetAudience: "PUBLIC" | "MEMBERS" | "BROTHERS" | "SISTERS" | "CHILDREN" | "YOUTH" | "ELDERS"; paymentRequired: boolean; amount: string; endDate?: string | undefined; time?: string | undefined; }': title, description, venue, startDate, and 3 more.
components/admin/programmes/create-programme-dialog.tsx(139,33): error TS2322: Type 'Control<{ title: string; description: string; venue: string; startDate: string; targetAudience: "PUBLIC" | "MEMBERS" | "BROTHERS" | "SISTERS" | "CHILDREN" | "YOUTH" | "ELDERS"; paymentRequired: boolean; amount: string; endDate?: string | undefined; time?: string | undefined; }, any, TFieldValues>' is not assignable to type 'Control<{ title: string; description: string; venue: string; startDate: string; targetAudience: "PUBLIC" | "MEMBERS" | "BROTHERS" | "SISTERS" | "CHILDREN" | "YOUTH" | "ELDERS"; paymentRequired: boolean; amount: string; endDate?: string | undefined; time?: string | undefined; }, any, { ...; }>'.
  The types of '_options.resolver' are incompatible between these types.
    Type 'Resolver<{ title: string; description: string; venue: string; startDate: string; targetAudience: "PUBLIC" | "MEMBERS" | "BROTHERS" | "SISTERS" | "CHILDREN" | "YOUTH" | "ELDERS"; paymentRequired: boolean; amount: string; endDate?: string | undefined; time?: string | undefined; }, any, TFieldValues> | undefined' is not assignable to type 'Resolver<{ title: string; description: string; venue: string; startDate: string; targetAudience: "PUBLIC" | "MEMBERS" | "BROTHERS" | "SISTERS" | "CHILDREN" | "YOUTH" | "ELDERS"; paymentRequired: boolean; amount: string; endDate?: string | undefined; time?: string | undefined; }, any, { ...; }> | undefined'.
      Type 'Resolver<{ title: string; description: string; venue: string; startDate: string; targetAudience: "PUBLIC" | "MEMBERS" | "BROTHERS" | "SISTERS" | "CHILDREN" | "YOUTH" | "ELDERS"; paymentRequired: boolean; amount: string; endDate?: string | undefined; time?: string | undefined; }, any, TFieldValues>' is not assignable to type 'Resolver<{ title: string; description: string; venue: string; startDate: string; targetAudience: "PUBLIC" | "MEMBERS" | "BROTHERS" | "SISTERS" | "CHILDREN" | "YOUTH" | "ELDERS"; paymentRequired: boolean; amount: string; endDate?: string | undefined; time?: string | undefined; }, any, { ...; }>'.
        Type 'ResolverResult<{ title: string; description: string; venue: string; startDate: string; targetAudience: "PUBLIC" | "MEMBERS" | "BROTHERS" | "SISTERS" | "CHILDREN" | "YOUTH" | "ELDERS"; paymentRequired: boolean; amount: string; endDate?: string | undefined; time?: string | undefined; }, TFieldValues> | Promise<...>' is not assignable to type 'ResolverResult<{ title: string; description: string; venue: string; startDate: string; targetAudience: "PUBLIC" | "MEMBERS" | "BROTHERS" | "SISTERS" | "CHILDREN" | "YOUTH" | "ELDERS"; paymentRequired: boolean; amount: string; endDate?: string | undefined; time?: string | undefined; }, { ...; }> | Promise<...>'.
          Type 'ResolverSuccess<TFieldValues>' is not assignable to type 'ResolverResult<{ title: string; description: string; venue: string; startDate: string; targetAudience: "PUBLIC" | "MEMBERS" | "BROTHERS" | "SISTERS" | "CHILDREN" | "YOUTH" | "ELDERS"; paymentRequired: boolean; amount: string; endDate?: string | undefined; time?: string | undefined; }, { ...; }> | Promise<...>'.
            Type 'ResolverSuccess<TFieldValues>' is not assignable to type 'ResolverSuccess<{ title: string; description: string; venue: string; startDate: string; targetAudience: "PUBLIC" | "MEMBERS" | "BROTHERS" | "SISTERS" | "CHILDREN" | "YOUTH" | "ELDERS"; paymentRequired: boolean; amount: string; endDate?: string | undefined; time?: string | undefined; }>'.
              Type 'TFieldValues' is not assignable to type '{ title: string; description: string; venue: string; startDate: string; targetAudience: "PUBLIC" | "MEMBERS" | "BROTHERS" | "SISTERS" | "CHILDREN" | "YOUTH" | "ELDERS"; paymentRequired: boolean; amount: string; endDate?: string | undefined; time?: string | undefined; }'.
                Type 'FieldValues' is missing the following properties from type '{ title: string; description: string; venue: string; startDate: string; targetAudience: "PUBLIC" | "MEMBERS" | "BROTHERS" | "SISTERS" | "CHILDREN" | "YOUTH" | "ELDERS"; paymentRequired: boolean; amount: string; endDate?: string | undefined; time?: string | undefined; }': title, description, venue, startDate, and 3 more.
components/admin/programmes/create-programme-dialog.tsx(153,33): error TS2322: Type 'Control<{ title: string; description: string; venue: string; startDate: string; targetAudience: "PUBLIC" | "MEMBERS" | "BROTHERS" | "SISTERS" | "CHILDREN" | "YOUTH" | "ELDERS"; paymentRequired: boolean; amount: string; endDate?: string | undefined; time?: string | undefined; }, any, TFieldValues>' is not assignable to type 'Control<{ title: string; description: string; venue: string; startDate: string; targetAudience: "PUBLIC" | "MEMBERS" | "BROTHERS" | "SISTERS" | "CHILDREN" | "YOUTH" | "ELDERS"; paymentRequired: boolean; amount: string; endDate?: string | undefined; time?: string | undefined; }, any, { ...; }>'.
  The types of '_options.resolver' are incompatible between these types.
    Type 'Resolver<{ title: string; description: string; venue: string; startDate: string; targetAudience: "PUBLIC" | "MEMBERS" | "BROTHERS" | "SISTERS" | "CHILDREN" | "YOUTH" | "ELDERS"; paymentRequired: boolean; amount: string; endDate?: string | undefined; time?: string | undefined; }, any, TFieldValues> | undefined' is not assignable to type 'Resolver<{ title: string; description: string; venue: string; startDate: string; targetAudience: "PUBLIC" | "MEMBERS" | "BROTHERS" | "SISTERS" | "CHILDREN" | "YOUTH" | "ELDERS"; paymentRequired: boolean; amount: string; endDate?: string | undefined; time?: string | undefined; }, any, { ...; }> | undefined'.
      Type 'Resolver<{ title: string; description: string; venue: string; startDate: string; targetAudience: "PUBLIC" | "MEMBERS" | "BROTHERS" | "SISTERS" | "CHILDREN" | "YOUTH" | "ELDERS"; paymentRequired: boolean; amount: string; endDate?: string | undefined; time?: string | undefined; }, any, TFieldValues>' is not assignable to type 'Resolver<{ title: string; description: string; venue: string; startDate: string; targetAudience: "PUBLIC" | "MEMBERS" | "BROTHERS" | "SISTERS" | "CHILDREN" | "YOUTH" | "ELDERS"; paymentRequired: boolean; amount: string; endDate?: string | undefined; time?: string | undefined; }, any, { ...; }>'.
        Type 'ResolverResult<{ title: string; description: string; venue: string; startDate: string; targetAudience: "PUBLIC" | "MEMBERS" | "BROTHERS" | "SISTERS" | "CHILDREN" | "YOUTH" | "ELDERS"; paymentRequired: boolean; amount: string; endDate?: string | undefined; time?: string | undefined; }, TFieldValues> | Promise<...>' is not assignable to type 'ResolverResult<{ title: string; description: string; venue: string; startDate: string; targetAudience: "PUBLIC" | "MEMBERS" | "BROTHERS" | "SISTERS" | "CHILDREN" | "YOUTH" | "ELDERS"; paymentRequired: boolean; amount: string; endDate?: string | undefined; time?: string | undefined; }, { ...; }> | Promise<...>'.
          Type 'ResolverSuccess<TFieldValues>' is not assignable to type 'ResolverResult<{ title: string; description: string; venue: string; startDate: string; targetAudience: "PUBLIC" | "MEMBERS" | "BROTHERS" | "SISTERS" | "CHILDREN" | "YOUTH" | "ELDERS"; paymentRequired: boolean; amount: string; endDate?: string | undefined; time?: string | undefined; }, { ...; }> | Promise<...>'.
            Type 'ResolverSuccess<TFieldValues>' is not assignable to type 'ResolverSuccess<{ title: string; description: string; venue: string; startDate: string; targetAudience: "PUBLIC" | "MEMBERS" | "BROTHERS" | "SISTERS" | "CHILDREN" | "YOUTH" | "ELDERS"; paymentRequired: boolean; amount: string; endDate?: string | undefined; time?: string | undefined; }>'.
              Type 'TFieldValues' is not assignable to type '{ title: string; description: string; venue: string; startDate: string; targetAudience: "PUBLIC" | "MEMBERS" | "BROTHERS" | "SISTERS" | "CHILDREN" | "YOUTH" | "ELDERS"; paymentRequired: boolean; amount: string; endDate?: string | undefined; time?: string | undefined; }'.
                Type 'FieldValues' is missing the following properties from type '{ title: string; description: string; venue: string; startDate: string; targetAudience: "PUBLIC" | "MEMBERS" | "BROTHERS" | "SISTERS" | "CHILDREN" | "YOUTH" | "ELDERS"; paymentRequired: boolean; amount: string; endDate?: string | undefined; time?: string | undefined; }': title, description, venue, startDate, and 3 more.
components/admin/programmes/create-programme-dialog.tsx(178,33): error TS2322: Type 'Control<{ title: string; description: string; venue: string; startDate: string; targetAudience: "PUBLIC" | "MEMBERS" | "BROTHERS" | "SISTERS" | "CHILDREN" | "YOUTH" | "ELDERS"; paymentRequired: boolean; amount: string; endDate?: string | undefined; time?: string | undefined; }, any, TFieldValues>' is not assignable to type 'Control<{ title: string; description: string; venue: string; startDate: string; targetAudience: "PUBLIC" | "MEMBERS" | "BROTHERS" | "SISTERS" | "CHILDREN" | "YOUTH" | "ELDERS"; paymentRequired: boolean; amount: string; endDate?: string | undefined; time?: string | undefined; }, any, { ...; }>'.
  The types of '_options.resolver' are incompatible between these types.
    Type 'Resolver<{ title: string; description: string; venue: string; startDate: string; targetAudience: "PUBLIC" | "MEMBERS" | "BROTHERS" | "SISTERS" | "CHILDREN" | "YOUTH" | "ELDERS"; paymentRequired: boolean; amount: string; endDate?: string | undefined; time?: string | undefined; }, any, TFieldValues> | undefined' is not assignable to type 'Resolver<{ title: string; description: string; venue: string; startDate: string; targetAudience: "PUBLIC" | "MEMBERS" | "BROTHERS" | "SISTERS" | "CHILDREN" | "YOUTH" | "ELDERS"; paymentRequired: boolean; amount: string; endDate?: string | undefined; time?: string | undefined; }, any, { ...; }> | undefined'.
      Type 'Resolver<{ title: string; description: string; venue: string; startDate: string; targetAudience: "PUBLIC" | "MEMBERS" | "BROTHERS" | "SISTERS" | "CHILDREN" | "YOUTH" | "ELDERS"; paymentRequired: boolean; amount: string; endDate?: string | undefined; time?: string | undefined; }, any, TFieldValues>' is not assignable to type 'Resolver<{ title: string; description: string; venue: string; startDate: string; targetAudience: "PUBLIC" | "MEMBERS" | "BROTHERS" | "SISTERS" | "CHILDREN" | "YOUTH" | "ELDERS"; paymentRequired: boolean; amount: string; endDate?: string | undefined; time?: string | undefined; }, any, { ...; }>'.
        Type 'ResolverResult<{ title: string; description: string; venue: string; startDate: string; targetAudience: "PUBLIC" | "MEMBERS" | "BROTHERS" | "SISTERS" | "CHILDREN" | "YOUTH" | "ELDERS"; paymentRequired: boolean; amount: string; endDate?: string | undefined; time?: string | undefined; }, TFieldValues> | Promise<...>' is not assignable to type 'ResolverResult<{ title: string; description: string; venue: string; startDate: string; targetAudience: "PUBLIC" | "MEMBERS" | "BROTHERS" | "SISTERS" | "CHILDREN" | "YOUTH" | "ELDERS"; paymentRequired: boolean; amount: string; endDate?: string | undefined; time?: string | undefined; }, { ...; }> | Promise<...>'.
          Type 'ResolverSuccess<TFieldValues>' is not assignable to type 'ResolverResult<{ title: string; description: string; venue: string; startDate: string; targetAudience: "PUBLIC" | "MEMBERS" | "BROTHERS" | "SISTERS" | "CHILDREN" | "YOUTH" | "ELDERS"; paymentRequired: boolean; amount: string; endDate?: string | undefined; time?: string | undefined; }, { ...; }> | Promise<...>'.
            Type 'ResolverSuccess<TFieldValues>' is not assignable to type 'ResolverSuccess<{ title: string; description: string; venue: string; startDate: string; targetAudience: "PUBLIC" | "MEMBERS" | "BROTHERS" | "SISTERS" | "CHILDREN" | "YOUTH" | "ELDERS"; paymentRequired: boolean; amount: string; endDate?: string | undefined; time?: string | undefined; }>'.
              Type 'TFieldValues' is not assignable to type '{ title: string; description: string; venue: string; startDate: string; targetAudience: "PUBLIC" | "MEMBERS" | "BROTHERS" | "SISTERS" | "CHILDREN" | "YOUTH" | "ELDERS"; paymentRequired: boolean; amount: string; endDate?: string | undefined; time?: string | undefined; }'.
                Type 'FieldValues' is missing the following properties from type '{ title: string; description: string; venue: string; startDate: string; targetAudience: "PUBLIC" | "MEMBERS" | "BROTHERS" | "SISTERS" | "CHILDREN" | "YOUTH" | "ELDERS"; paymentRequired: boolean; amount: string; endDate?: string | undefined; time?: string | undefined; }': title, description, venue, startDate, and 3 more.
components/admin/programmes/create-programme-dialog.tsx(192,33): error TS2322: Type 'Control<{ title: string; description: string; venue: string; startDate: string; targetAudience: "PUBLIC" | "MEMBERS" | "BROTHERS" | "SISTERS" | "CHILDREN" | "YOUTH" | "ELDERS"; paymentRequired: boolean; amount: string; endDate?: string | undefined; time?: string | undefined; }, any, TFieldValues>' is not assignable to type 'Control<{ title: string; description: string; venue: string; startDate: string; targetAudience: "PUBLIC" | "MEMBERS" | "BROTHERS" | "SISTERS" | "CHILDREN" | "YOUTH" | "ELDERS"; paymentRequired: boolean; amount: string; endDate?: string | undefined; time?: string | undefined; }, any, { ...; }>'.
  The types of '_options.resolver' are incompatible between these types.
    Type 'Resolver<{ title: string; description: string; venue: string; startDate: string; targetAudience: "PUBLIC" | "MEMBERS" | "BROTHERS" | "SISTERS" | "CHILDREN" | "YOUTH" | "ELDERS"; paymentRequired: boolean; amount: string; endDate?: string | undefined; time?: string | undefined; }, any, TFieldValues> | undefined' is not assignable to type 'Resolver<{ title: string; description: string; venue: string; startDate: string; targetAudience: "PUBLIC" | "MEMBERS" | "BROTHERS" | "SISTERS" | "CHILDREN" | "YOUTH" | "ELDERS"; paymentRequired: boolean; amount: string; endDate?: string | undefined; time?: string | undefined; }, any, { ...; }> | undefined'.
      Type 'Resolver<{ title: string; description: string; venue: string; startDate: string; targetAudience: "PUBLIC" | "MEMBERS" | "BROTHERS" | "SISTERS" | "CHILDREN" | "YOUTH" | "ELDERS"; paymentRequired: boolean; amount: string; endDate?: string | undefined; time?: string | undefined; }, any, TFieldValues>' is not assignable to type 'Resolver<{ title: string; description: string; venue: string; startDate: string; targetAudience: "PUBLIC" | "MEMBERS" | "BROTHERS" | "SISTERS" | "CHILDREN" | "YOUTH" | "ELDERS"; paymentRequired: boolean; amount: string; endDate?: string | undefined; time?: string | undefined; }, any, { ...; }>'.
        Type 'ResolverResult<{ title: string; description: string; venue: string; startDate: string; targetAudience: "PUBLIC" | "MEMBERS" | "BROTHERS" | "SISTERS" | "CHILDREN" | "YOUTH" | "ELDERS"; paymentRequired: boolean; amount: string; endDate?: string | undefined; time?: string | undefined; }, TFieldValues> | Promise<...>' is not assignable to type 'ResolverResult<{ title: string; description: string; venue: string; startDate: string; targetAudience: "PUBLIC" | "MEMBERS" | "BROTHERS" | "SISTERS" | "CHILDREN" | "YOUTH" | "ELDERS"; paymentRequired: boolean; amount: string; endDate?: string | undefined; time?: string | undefined; }, { ...; }> | Promise<...>'.
          Type 'ResolverSuccess<TFieldValues>' is not assignable to type 'ResolverResult<{ title: string; description: string; venue: string; startDate: string; targetAudience: "PUBLIC" | "MEMBERS" | "BROTHERS" | "SISTERS" | "CHILDREN" | "YOUTH" | "ELDERS"; paymentRequired: boolean; amount: string; endDate?: string | undefined; time?: string | undefined; }, { ...; }> | Promise<...>'.
            Type 'ResolverSuccess<TFieldValues>' is not assignable to type 'ResolverSuccess<{ title: string; description: string; venue: string; startDate: string; targetAudience: "PUBLIC" | "MEMBERS" | "BROTHERS" | "SISTERS" | "CHILDREN" | "YOUTH" | "ELDERS"; paymentRequired: boolean; amount: string; endDate?: string | undefined; time?: string | undefined; }>'.
              Type 'TFieldValues' is not assignable to type '{ title: string; description: string; venue: string; startDate: string; targetAudience: "PUBLIC" | "MEMBERS" | "BROTHERS" | "SISTERS" | "CHILDREN" | "YOUTH" | "ELDERS"; paymentRequired: boolean; amount: string; endDate?: string | undefined; time?: string | undefined; }'.
                Type 'FieldValues' is missing the following properties from type '{ title: string; description: string; venue: string; startDate: string; targetAudience: "PUBLIC" | "MEMBERS" | "BROTHERS" | "SISTERS" | "CHILDREN" | "YOUTH" | "ELDERS"; paymentRequired: boolean; amount: string; endDate?: string | undefined; time?: string | undefined; }': title, description, venue, startDate, and 3 more.
components/admin/programmes/create-programme-dialog.tsx(206,33): error TS2322: Type 'Control<{ title: string; description: string; venue: string; startDate: string; targetAudience: "PUBLIC" | "MEMBERS" | "BROTHERS" | "SISTERS" | "CHILDREN" | "YOUTH" | "ELDERS"; paymentRequired: boolean; amount: string; endDate?: string | undefined; time?: string | undefined; }, any, TFieldValues>' is not assignable to type 'Control<{ title: string; description: string; venue: string; startDate: string; targetAudience: "PUBLIC" | "MEMBERS" | "BROTHERS" | "SISTERS" | "CHILDREN" | "YOUTH" | "ELDERS"; paymentRequired: boolean; amount: string; endDate?: string | undefined; time?: string | undefined; }, any, { ...; }>'.
  The types of '_options.resolver' are incompatible between these types.
    Type 'Resolver<{ title: string; description: string; venue: string; startDate: string; targetAudience: "PUBLIC" | "MEMBERS" | "BROTHERS" | "SISTERS" | "CHILDREN" | "YOUTH" | "ELDERS"; paymentRequired: boolean; amount: string; endDate?: string | undefined; time?: string | undefined; }, any, TFieldValues> | undefined' is not assignable to type 'Resolver<{ title: string; description: string; venue: string; startDate: string; targetAudience: "PUBLIC" | "MEMBERS" | "BROTHERS" | "SISTERS" | "CHILDREN" | "YOUTH" | "ELDERS"; paymentRequired: boolean; amount: string; endDate?: string | undefined; time?: string | undefined; }, any, { ...; }> | undefined'.
      Type 'Resolver<{ title: string; description: string; venue: string; startDate: string; targetAudience: "PUBLIC" | "MEMBERS" | "BROTHERS" | "SISTERS" | "CHILDREN" | "YOUTH" | "ELDERS"; paymentRequired: boolean; amount: string; endDate?: string | undefined; time?: string | undefined; }, any, TFieldValues>' is not assignable to type 'Resolver<{ title: string; description: string; venue: string; startDate: string; targetAudience: "PUBLIC" | "MEMBERS" | "BROTHERS" | "SISTERS" | "CHILDREN" | "YOUTH" | "ELDERS"; paymentRequired: boolean; amount: string; endDate?: string | undefined; time?: string | undefined; }, any, { ...; }>'.
        Type 'ResolverResult<{ title: string; description: string; venue: string; startDate: string; targetAudience: "PUBLIC" | "MEMBERS" | "BROTHERS" | "SISTERS" | "CHILDREN" | "YOUTH" | "ELDERS"; paymentRequired: boolean; amount: string; endDate?: string | undefined; time?: string | undefined; }, TFieldValues> | Promise<...>' is not assignable to type 'ResolverResult<{ title: string; description: string; venue: string; startDate: string; targetAudience: "PUBLIC" | "MEMBERS" | "BROTHERS" | "SISTERS" | "CHILDREN" | "YOUTH" | "ELDERS"; paymentRequired: boolean; amount: string; endDate?: string | undefined; time?: string | undefined; }, { ...; }> | Promise<...>'.
          Type 'ResolverSuccess<TFieldValues>' is not assignable to type 'ResolverResult<{ title: string; description: string; venue: string; startDate: string; targetAudience: "PUBLIC" | "MEMBERS" | "BROTHERS" | "SISTERS" | "CHILDREN" | "YOUTH" | "ELDERS"; paymentRequired: boolean; amount: string; endDate?: string | undefined; time?: string | undefined; }, { ...; }> | Promise<...>'.
            Type 'ResolverSuccess<TFieldValues>' is not assignable to type 'ResolverSuccess<{ title: string; description: string; venue: string; startDate: string; targetAudience: "PUBLIC" | "MEMBERS" | "BROTHERS" | "SISTERS" | "CHILDREN" | "YOUTH" | "ELDERS"; paymentRequired: boolean; amount: string; endDate?: string | undefined; time?: string | undefined; }>'.
              Type 'TFieldValues' is not assignable to type '{ title: string; description: string; venue: string; startDate: string; targetAudience: "PUBLIC" | "MEMBERS" | "BROTHERS" | "SISTERS" | "CHILDREN" | "YOUTH" | "ELDERS"; paymentRequired: boolean; amount: string; endDate?: string | undefined; time?: string | undefined; }'.
                Type 'FieldValues' is missing the following properties from type '{ title: string; description: string; venue: string; startDate: string; targetAudience: "PUBLIC" | "MEMBERS" | "BROTHERS" | "SISTERS" | "CHILDREN" | "YOUTH" | "ELDERS"; paymentRequired: boolean; amount: string; endDate?: string | undefined; time?: string | undefined; }': title, description, venue, startDate, and 3 more.
components/admin/programmes/create-programme-dialog.tsx(222,33): error TS2322: Type 'Control<{ title: string; description: string; venue: string; startDate: string; targetAudience: "PUBLIC" | "MEMBERS" | "BROTHERS" | "SISTERS" | "CHILDREN" | "YOUTH" | "ELDERS"; paymentRequired: boolean; amount: string; endDate?: string | undefined; time?: string | undefined; }, any, TFieldValues>' is not assignable to type 'Control<{ title: string; description: string; venue: string; startDate: string; targetAudience: "PUBLIC" | "MEMBERS" | "BROTHERS" | "SISTERS" | "CHILDREN" | "YOUTH" | "ELDERS"; paymentRequired: boolean; amount: string; endDate?: string | undefined; time?: string | undefined; }, any, { ...; }>'.
  The types of '_options.resolver' are incompatible between these types.
    Type 'Resolver<{ title: string; description: string; venue: string; startDate: string; targetAudience: "PUBLIC" | "MEMBERS" | "BROTHERS" | "SISTERS" | "CHILDREN" | "YOUTH" | "ELDERS"; paymentRequired: boolean; amount: string; endDate?: string | undefined; time?: string | undefined; }, any, TFieldValues> | undefined' is not assignable to type 'Resolver<{ title: string; description: string; venue: string; startDate: string; targetAudience: "PUBLIC" | "MEMBERS" | "BROTHERS" | "SISTERS" | "CHILDREN" | "YOUTH" | "ELDERS"; paymentRequired: boolean; amount: string; endDate?: string | undefined; time?: string | undefined; }, any, { ...; }> | undefined'.
      Type 'Resolver<{ title: string; description: string; venue: string; startDate: string; targetAudience: "PUBLIC" | "MEMBERS" | "BROTHERS" | "SISTERS" | "CHILDREN" | "YOUTH" | "ELDERS"; paymentRequired: boolean; amount: string; endDate?: string | undefined; time?: string | undefined; }, any, TFieldValues>' is not assignable to type 'Resolver<{ title: string; description: string; venue: string; startDate: string; targetAudience: "PUBLIC" | "MEMBERS" | "BROTHERS" | "SISTERS" | "CHILDREN" | "YOUTH" | "ELDERS"; paymentRequired: boolean; amount: string; endDate?: string | undefined; time?: string | undefined; }, any, { ...; }>'.
        Type 'ResolverResult<{ title: string; description: string; venue: string; startDate: string; targetAudience: "PUBLIC" | "MEMBERS" | "BROTHERS" | "SISTERS" | "CHILDREN" | "YOUTH" | "ELDERS"; paymentRequired: boolean; amount: string; endDate?: string | undefined; time?: string | undefined; }, TFieldValues> | Promise<...>' is not assignable to type 'ResolverResult<{ title: string; description: string; venue: string; startDate: string; targetAudience: "PUBLIC" | "MEMBERS" | "BROTHERS" | "SISTERS" | "CHILDREN" | "YOUTH" | "ELDERS"; paymentRequired: boolean; amount: string; endDate?: string | undefined; time?: string | undefined; }, { ...; }> | Promise<...>'.
          Type 'ResolverSuccess<TFieldValues>' is not assignable to type 'ResolverResult<{ title: string; description: string; venue: string; startDate: string; targetAudience: "PUBLIC" | "MEMBERS" | "BROTHERS" | "SISTERS" | "CHILDREN" | "YOUTH" | "ELDERS"; paymentRequired: boolean; amount: string; endDate?: string | undefined; time?: string | undefined; }, { ...; }> | Promise<...>'.
            Type 'ResolverSuccess<TFieldValues>' is not assignable to type 'ResolverSuccess<{ title: string; description: string; venue: string; startDate: string; targetAudience: "PUBLIC" | "MEMBERS" | "BROTHERS" | "SISTERS" | "CHILDREN" | "YOUTH" | "ELDERS"; paymentRequired: boolean; amount: string; endDate?: string | undefined; time?: string | undefined; }>'.
              Type 'TFieldValues' is not assignable to type '{ title: string; description: string; venue: string; startDate: string; targetAudience: "PUBLIC" | "MEMBERS" | "BROTHERS" | "SISTERS" | "CHILDREN" | "YOUTH" | "ELDERS"; paymentRequired: boolean; amount: string; endDate?: string | undefined; time?: string | undefined; }'.
                Type 'FieldValues' is missing the following properties from type '{ title: string; description: string; venue: string; startDate: string; targetAudience: "PUBLIC" | "MEMBERS" | "BROTHERS" | "SISTERS" | "CHILDREN" | "YOUTH" | "ELDERS"; paymentRequired: boolean; amount: string; endDate?: string | undefined; time?: string | undefined; }': title, description, venue, startDate, and 3 more.
components/admin/programmes/create-programme-dialog.tsx(243,37): error TS2322: Type 'Control<{ title: string; description: string; venue: string; startDate: string; targetAudience: "PUBLIC" | "MEMBERS" | "BROTHERS" | "SISTERS" | "CHILDREN" | "YOUTH" | "ELDERS"; paymentRequired: boolean; amount: string; endDate?: string | undefined; time?: string | undefined; }, any, TFieldValues>' is not assignable to type 'Control<{ title: string; description: string; venue: string; startDate: string; targetAudience: "PUBLIC" | "MEMBERS" | "BROTHERS" | "SISTERS" | "CHILDREN" | "YOUTH" | "ELDERS"; paymentRequired: boolean; amount: string; endDate?: string | undefined; time?: string | undefined; }, any, { ...; }>'.
  The types of '_options.resolver' are incompatible between these types.
    Type 'Resolver<{ title: string; description: string; venue: string; startDate: string; targetAudience: "PUBLIC" | "MEMBERS" | "BROTHERS" | "SISTERS" | "CHILDREN" | "YOUTH" | "ELDERS"; paymentRequired: boolean; amount: string; endDate?: string | undefined; time?: string | undefined; }, any, TFieldValues> | undefined' is not assignable to type 'Resolver<{ title: string; description: string; venue: string; startDate: string; targetAudience: "PUBLIC" | "MEMBERS" | "BROTHERS" | "SISTERS" | "CHILDREN" | "YOUTH" | "ELDERS"; paymentRequired: boolean; amount: string; endDate?: string | undefined; time?: string | undefined; }, any, { ...; }> | undefined'.
      Type 'Resolver<{ title: string; description: string; venue: string; startDate: string; targetAudience: "PUBLIC" | "MEMBERS" | "BROTHERS" | "SISTERS" | "CHILDREN" | "YOUTH" | "ELDERS"; paymentRequired: boolean; amount: string; endDate?: string | undefined; time?: string | undefined; }, any, TFieldValues>' is not assignable to type 'Resolver<{ title: string; description: string; venue: string; startDate: string; targetAudience: "PUBLIC" | "MEMBERS" | "BROTHERS" | "SISTERS" | "CHILDREN" | "YOUTH" | "ELDERS"; paymentRequired: boolean; amount: string; endDate?: string | undefined; time?: string | undefined; }, any, { ...; }>'.
        Type 'ResolverResult<{ title: string; description: string; venue: string; startDate: string; targetAudience: "PUBLIC" | "MEMBERS" | "BROTHERS" | "SISTERS" | "CHILDREN" | "YOUTH" | "ELDERS"; paymentRequired: boolean; amount: string; endDate?: string | undefined; time?: string | undefined; }, TFieldValues> | Promise<...>' is not assignable to type 'ResolverResult<{ title: string; description: string; venue: string; startDate: string; targetAudience: "PUBLIC" | "MEMBERS" | "BROTHERS" | "SISTERS" | "CHILDREN" | "YOUTH" | "ELDERS"; paymentRequired: boolean; amount: string; endDate?: string | undefined; time?: string | undefined; }, { ...; }> | Promise<...>'.
          Type 'ResolverSuccess<TFieldValues>' is not assignable to type 'ResolverResult<{ title: string; description: string; venue: string; startDate: string; targetAudience: "PUBLIC" | "MEMBERS" | "BROTHERS" | "SISTERS" | "CHILDREN" | "YOUTH" | "ELDERS"; paymentRequired: boolean; amount: string; endDate?: string | undefined; time?: string | undefined; }, { ...; }> | Promise<...>'.
            Type 'ResolverSuccess<TFieldValues>' is not assignable to type 'ResolverSuccess<{ title: string; description: string; venue: string; startDate: string; targetAudience: "PUBLIC" | "MEMBERS" | "BROTHERS" | "SISTERS" | "CHILDREN" | "YOUTH" | "ELDERS"; paymentRequired: boolean; amount: string; endDate?: string | undefined; time?: string | undefined; }>'.
              Type 'TFieldValues' is not assignable to type '{ title: string; description: string; venue: string; startDate: string; targetAudience: "PUBLIC" | "MEMBERS" | "BROTHERS" | "SISTERS" | "CHILDREN" | "YOUTH" | "ELDERS"; paymentRequired: boolean; amount: string; endDate?: string | undefined; time?: string | undefined; }'.
                Type 'FieldValues' is missing the following properties from type '{ title: string; description: string; venue: string; startDate: string; targetAudience: "PUBLIC" | "MEMBERS" | "BROTHERS" | "SISTERS" | "CHILDREN" | "YOUTH" | "ELDERS"; paymentRequired: boolean; amount: string; endDate?: string | undefined; time?: string | undefined; }': title, description, venue, startDate, and 3 more.
components/admin/programmes/submit-report-dialog.tsx(45,9): error TS2322: Type 'Resolver<{ summary: string; challenges?: string | undefined; comments?: string | undefined; attendeesMale?: string | undefined; attendeesFemale?: string | undefined; amountSpent?: string | undefined; }, any, { ...; }>' is not assignable to type 'Resolver<{ summary: string; attendeesMale: string; attendeesFemale: string; amountSpent: string; challenges?: string | undefined; comments?: string | undefined; }, any, { summary: string; attendeesMale: string; attendeesFemale: string; amountSpent: string; challenges?: string | undefined; comments?: string | undefin...'.
  Types of parameters 'options' and 'options' are incompatible.
    Type 'ResolverOptions<{ summary: string; attendeesMale: string; attendeesFemale: string; amountSpent: string; challenges?: string | undefined; comments?: string | undefined; }>' is not assignable to type 'ResolverOptions<{ summary: string; challenges?: string | undefined; comments?: string | undefined; attendeesMale?: string | undefined; attendeesFemale?: string | undefined; amountSpent?: string | undefined; }>'.
      Type 'string | undefined' is not assignable to type 'string'.
        Type 'undefined' is not assignable to type 'string'.
components/admin/programmes/submit-report-dialog.tsx(96,55): error TS2345: Argument of type '(data: { summary: string; attendeesMale: string; attendeesFemale: string; amountSpent: string; challenges?: string | undefined; comments?: string | undefined; }) => Promise<void>' is not assignable to parameter of type 'SubmitHandler<TFieldValues>'.
  Types of parameters 'data' and 'data' are incompatible.
    Type 'TFieldValues' is not assignable to type '{ summary: string; attendeesMale: string; attendeesFemale: string; amountSpent: string; challenges?: string | undefined; comments?: string | undefined; }'.
      Type 'FieldValues' is missing the following properties from type '{ summary: string; attendeesMale: string; attendeesFemale: string; amountSpent: string; challenges?: string | undefined; comments?: string | undefined; }': summary, attendeesMale, attendeesFemale, amountSpent
components/admin/programmes/submit-report-dialog.tsx(98,29): error TS2322: Type 'Control<{ summary: string; attendeesMale: string; attendeesFemale: string; amountSpent: string; challenges?: string | undefined; comments?: string | undefined; }, any, TFieldValues>' is not assignable to type 'Control<{ summary: string; attendeesMale: string; attendeesFemale: string; amountSpent: string; challenges?: string | undefined; comments?: string | undefined; }, any, { summary: string; attendeesMale: string; attendeesFemale: string; amountSpent: string; challenges?: string | undefined; comments?: string | undefine...'.
  The types of '_options.resolver' are incompatible between these types.
    Type 'Resolver<{ summary: string; attendeesMale: string; attendeesFemale: string; amountSpent: string; challenges?: string | undefined; comments?: string | undefined; }, any, TFieldValues> | undefined' is not assignable to type 'Resolver<{ summary: string; attendeesMale: string; attendeesFemale: string; amountSpent: string; challenges?: string | undefined; comments?: string | undefined; }, any, { summary: string; attendeesMale: string; attendeesFemale: string; amountSpent: string; challenges?: string | undefined; comments?: string | undefin...'.
      Type 'Resolver<{ summary: string; attendeesMale: string; attendeesFemale: string; amountSpent: string; challenges?: string | undefined; comments?: string | undefined; }, any, TFieldValues>' is not assignable to type 'Resolver<{ summary: string; attendeesMale: string; attendeesFemale: string; amountSpent: string; challenges?: string | undefined; comments?: string | undefined; }, any, { summary: string; attendeesMale: string; attendeesFemale: string; amountSpent: string; challenges?: string | undefined; comments?: string | undefin...'.
        Type 'ResolverResult<{ summary: string; attendeesMale: string; attendeesFemale: string; amountSpent: string; challenges?: string | undefined; comments?: string | undefined; }, TFieldValues> | Promise<...>' is not assignable to type 'ResolverResult<{ summary: string; attendeesMale: string; attendeesFemale: string; amountSpent: string; challenges?: string | undefined; comments?: string | undefined; }, { summary: string; attendeesMale: string; attendeesFemale: string; amountSpent: string; challenges?: string | undefined; comments?: string | undefi...'.
          Type 'ResolverSuccess<TFieldValues>' is not assignable to type 'ResolverResult<{ summary: string; attendeesMale: string; attendeesFemale: string; amountSpent: string; challenges?: string | undefined; comments?: string | undefined; }, { summary: string; attendeesMale: string; attendeesFemale: string; amountSpent: string; challenges?: string | undefined; comments?: string | undefi...'.
            Type 'ResolverSuccess<TFieldValues>' is not assignable to type 'ResolverSuccess<{ summary: string; attendeesMale: string; attendeesFemale: string; amountSpent: string; challenges?: string | undefined; comments?: string | undefined; }>'.
              Type 'TFieldValues' is not assignable to type '{ summary: string; attendeesMale: string; attendeesFemale: string; amountSpent: string; challenges?: string | undefined; comments?: string | undefined; }'.
                Type 'FieldValues' is missing the following properties from type '{ summary: string; attendeesMale: string; attendeesFemale: string; amountSpent: string; challenges?: string | undefined; comments?: string | undefined; }': summary, attendeesMale, attendeesFemale, amountSpent
components/admin/programmes/submit-report-dialog.tsx(113,33): error TS2322: Type 'Control<{ summary: string; attendeesMale: string; attendeesFemale: string; amountSpent: string; challenges?: string | undefined; comments?: string | undefined; }, any, TFieldValues>' is not assignable to type 'Control<{ summary: string; attendeesMale: string; attendeesFemale: string; amountSpent: string; challenges?: string | undefined; comments?: string | undefined; }, any, { summary: string; attendeesMale: string; attendeesFemale: string; amountSpent: string; challenges?: string | undefined; comments?: string | undefine...'.
  The types of '_options.resolver' are incompatible between these types.
    Type 'Resolver<{ summary: string; attendeesMale: string; attendeesFemale: string; amountSpent: string; challenges?: string | undefined; comments?: string | undefined; }, any, TFieldValues> | undefined' is not assignable to type 'Resolver<{ summary: string; attendeesMale: string; attendeesFemale: string; amountSpent: string; challenges?: string | undefined; comments?: string | undefined; }, any, { summary: string; attendeesMale: string; attendeesFemale: string; amountSpent: string; challenges?: string | undefined; comments?: string | undefin...'.
      Type 'Resolver<{ summary: string; attendeesMale: string; attendeesFemale: string; amountSpent: string; challenges?: string | undefined; comments?: string | undefined; }, any, TFieldValues>' is not assignable to type 'Resolver<{ summary: string; attendeesMale: string; attendeesFemale: string; amountSpent: string; challenges?: string | undefined; comments?: string | undefined; }, any, { summary: string; attendeesMale: string; attendeesFemale: string; amountSpent: string; challenges?: string | undefined; comments?: string | undefin...'.
        Type 'ResolverResult<{ summary: string; attendeesMale: string; attendeesFemale: string; amountSpent: string; challenges?: string | undefined; comments?: string | undefined; }, TFieldValues> | Promise<...>' is not assignable to type 'ResolverResult<{ summary: string; attendeesMale: string; attendeesFemale: string; amountSpent: string; challenges?: string | undefined; comments?: string | undefined; }, { summary: string; attendeesMale: string; attendeesFemale: string; amountSpent: string; challenges?: string | undefined; comments?: string | undefi...'.
          Type 'ResolverSuccess<TFieldValues>' is not assignable to type 'ResolverResult<{ summary: string; attendeesMale: string; attendeesFemale: string; amountSpent: string; challenges?: string | undefined; comments?: string | undefined; }, { summary: string; attendeesMale: string; attendeesFemale: string; amountSpent: string; challenges?: string | undefined; comments?: string | undefi...'.
            Type 'ResolverSuccess<TFieldValues>' is not assignable to type 'ResolverSuccess<{ summary: string; attendeesMale: string; attendeesFemale: string; amountSpent: string; challenges?: string | undefined; comments?: string | undefined; }>'.
              Type 'TFieldValues' is not assignable to type '{ summary: string; attendeesMale: string; attendeesFemale: string; amountSpent: string; challenges?: string | undefined; comments?: string | undefined; }'.
                Type 'FieldValues' is missing the following properties from type '{ summary: string; attendeesMale: string; attendeesFemale: string; amountSpent: string; challenges?: string | undefined; comments?: string | undefined; }': summary, attendeesMale, attendeesFemale, amountSpent
components/admin/programmes/submit-report-dialog.tsx(126,33): error TS2322: Type 'Control<{ summary: string; attendeesMale: string; attendeesFemale: string; amountSpent: string; challenges?: string | undefined; comments?: string | undefined; }, any, TFieldValues>' is not assignable to type 'Control<{ summary: string; attendeesMale: string; attendeesFemale: string; amountSpent: string; challenges?: string | undefined; comments?: string | undefined; }, any, { summary: string; attendeesMale: string; attendeesFemale: string; amountSpent: string; challenges?: string | undefined; comments?: string | undefine...'.
  The types of '_options.resolver' are incompatible between these types.
    Type 'Resolver<{ summary: string; attendeesMale: string; attendeesFemale: string; amountSpent: string; challenges?: string | undefined; comments?: string | undefined; }, any, TFieldValues> | undefined' is not assignable to type 'Resolver<{ summary: string; attendeesMale: string; attendeesFemale: string; amountSpent: string; challenges?: string | undefined; comments?: string | undefined; }, any, { summary: string; attendeesMale: string; attendeesFemale: string; amountSpent: string; challenges?: string | undefined; comments?: string | undefin...'.
      Type 'Resolver<{ summary: string; attendeesMale: string; attendeesFemale: string; amountSpent: string; challenges?: string | undefined; comments?: string | undefined; }, any, TFieldValues>' is not assignable to type 'Resolver<{ summary: string; attendeesMale: string; attendeesFemale: string; amountSpent: string; challenges?: string | undefined; comments?: string | undefined; }, any, { summary: string; attendeesMale: string; attendeesFemale: string; amountSpent: string; challenges?: string | undefined; comments?: string | undefin...'.
        Type 'ResolverResult<{ summary: string; attendeesMale: string; attendeesFemale: string; amountSpent: string; challenges?: string | undefined; comments?: string | undefined; }, TFieldValues> | Promise<...>' is not assignable to type 'ResolverResult<{ summary: string; attendeesMale: string; attendeesFemale: string; amountSpent: string; challenges?: string | undefined; comments?: string | undefined; }, { summary: string; attendeesMale: string; attendeesFemale: string; amountSpent: string; challenges?: string | undefined; comments?: string | undefi...'.
          Type 'ResolverSuccess<TFieldValues>' is not assignable to type 'ResolverResult<{ summary: string; attendeesMale: string; attendeesFemale: string; amountSpent: string; challenges?: string | undefined; comments?: string | undefined; }, { summary: string; attendeesMale: string; attendeesFemale: string; amountSpent: string; challenges?: string | undefined; comments?: string | undefi...'.
            Type 'ResolverSuccess<TFieldValues>' is not assignable to type 'ResolverSuccess<{ summary: string; attendeesMale: string; attendeesFemale: string; amountSpent: string; challenges?: string | undefined; comments?: string | undefined; }>'.
              Type 'TFieldValues' is not assignable to type '{ summary: string; attendeesMale: string; attendeesFemale: string; amountSpent: string; challenges?: string | undefined; comments?: string | undefined; }'.
                Type 'FieldValues' is missing the following properties from type '{ summary: string; attendeesMale: string; attendeesFemale: string; amountSpent: string; challenges?: string | undefined; comments?: string | undefined; }': summary, attendeesMale, attendeesFemale, amountSpent
components/admin/programmes/submit-report-dialog.tsx(141,29): error TS2322: Type 'Control<{ summary: string; attendeesMale: string; attendeesFemale: string; amountSpent: string; challenges?: string | undefined; comments?: string | undefined; }, any, TFieldValues>' is not assignable to type 'Control<{ summary: string; attendeesMale: string; attendeesFemale: string; amountSpent: string; challenges?: string | undefined; comments?: string | undefined; }, any, { summary: string; attendeesMale: string; attendeesFemale: string; amountSpent: string; challenges?: string | undefined; comments?: string | undefine...'.
  The types of '_options.resolver' are incompatible between these types.
    Type 'Resolver<{ summary: string; attendeesMale: string; attendeesFemale: string; amountSpent: string; challenges?: string | undefined; comments?: string | undefined; }, any, TFieldValues> | undefined' is not assignable to type 'Resolver<{ summary: string; attendeesMale: string; attendeesFemale: string; amountSpent: string; challenges?: string | undefined; comments?: string | undefined; }, any, { summary: string; attendeesMale: string; attendeesFemale: string; amountSpent: string; challenges?: string | undefined; comments?: string | undefin...'.
      Type 'Resolver<{ summary: string; attendeesMale: string; attendeesFemale: string; amountSpent: string; challenges?: string | undefined; comments?: string | undefined; }, any, TFieldValues>' is not assignable to type 'Resolver<{ summary: string; attendeesMale: string; attendeesFemale: string; amountSpent: string; challenges?: string | undefined; comments?: string | undefined; }, any, { summary: string; attendeesMale: string; attendeesFemale: string; amountSpent: string; challenges?: string | undefined; comments?: string | undefin...'.
        Type 'ResolverResult<{ summary: string; attendeesMale: string; attendeesFemale: string; amountSpent: string; challenges?: string | undefined; comments?: string | undefined; }, TFieldValues> | Promise<...>' is not assignable to type 'ResolverResult<{ summary: string; attendeesMale: string; attendeesFemale: string; amountSpent: string; challenges?: string | undefined; comments?: string | undefined; }, { summary: string; attendeesMale: string; attendeesFemale: string; amountSpent: string; challenges?: string | undefined; comments?: string | undefi...'.
          Type 'ResolverSuccess<TFieldValues>' is not assignable to type 'ResolverResult<{ summary: string; attendeesMale: string; attendeesFemale: string; amountSpent: string; challenges?: string | undefined; comments?: string | undefined; }, { summary: string; attendeesMale: string; attendeesFemale: string; amountSpent: string; challenges?: string | undefined; comments?: string | undefi...'.
            Type 'ResolverSuccess<TFieldValues>' is not assignable to type 'ResolverSuccess<{ summary: string; attendeesMale: string; attendeesFemale: string; amountSpent: string; challenges?: string | undefined; comments?: string | undefined; }>'.
              Type 'TFieldValues' is not assignable to type '{ summary: string; attendeesMale: string; attendeesFemale: string; amountSpent: string; challenges?: string | undefined; comments?: string | undefined; }'.
                Type 'FieldValues' is missing the following properties from type '{ summary: string; attendeesMale: string; attendeesFemale: string; amountSpent: string; challenges?: string | undefined; comments?: string | undefined; }': summary, attendeesMale, attendeesFemale, amountSpent
components/admin/programmes/submit-report-dialog.tsx(155,29): error TS2322: Type 'Control<{ summary: string; attendeesMale: string; attendeesFemale: string; amountSpent: string; challenges?: string | undefined; comments?: string | undefined; }, any, TFieldValues>' is not assignable to type 'Control<{ summary: string; attendeesMale: string; attendeesFemale: string; amountSpent: string; challenges?: string | undefined; comments?: string | undefined; }, any, { summary: string; attendeesMale: string; attendeesFemale: string; amountSpent: string; challenges?: string | undefined; comments?: string | undefine...'.
  The types of '_options.resolver' are incompatible between these types.
    Type 'Resolver<{ summary: string; attendeesMale: string; attendeesFemale: string; amountSpent: string; challenges?: string | undefined; comments?: string | undefined; }, any, TFieldValues> | undefined' is not assignable to type 'Resolver<{ summary: string; attendeesMale: string; attendeesFemale: string; amountSpent: string; challenges?: string | undefined; comments?: string | undefined; }, any, { summary: string; attendeesMale: string; attendeesFemale: string; amountSpent: string; challenges?: string | undefined; comments?: string | undefin...'.
      Type 'Resolver<{ summary: string; attendeesMale: string; attendeesFemale: string; amountSpent: string; challenges?: string | undefined; comments?: string | undefined; }, any, TFieldValues>' is not assignable to type 'Resolver<{ summary: string; attendeesMale: string; attendeesFemale: string; amountSpent: string; challenges?: string | undefined; comments?: string | undefined; }, any, { summary: string; attendeesMale: string; attendeesFemale: string; amountSpent: string; challenges?: string | undefined; comments?: string | undefin...'.
        Type 'ResolverResult<{ summary: string; attendeesMale: string; attendeesFemale: string; amountSpent: string; challenges?: string | undefined; comments?: string | undefined; }, TFieldValues> | Promise<...>' is not assignable to type 'ResolverResult<{ summary: string; attendeesMale: string; attendeesFemale: string; amountSpent: string; challenges?: string | undefined; comments?: string | undefined; }, { summary: string; attendeesMale: string; attendeesFemale: string; amountSpent: string; challenges?: string | undefined; comments?: string | undefi...'.
          Type 'ResolverSuccess<TFieldValues>' is not assignable to type 'ResolverResult<{ summary: string; attendeesMale: string; attendeesFemale: string; amountSpent: string; challenges?: string | undefined; comments?: string | undefined; }, { summary: string; attendeesMale: string; attendeesFemale: string; amountSpent: string; challenges?: string | undefined; comments?: string | undefi...'.
            Type 'ResolverSuccess<TFieldValues>' is not assignable to type 'ResolverSuccess<{ summary: string; attendeesMale: string; attendeesFemale: string; amountSpent: string; challenges?: string | undefined; comments?: string | undefined; }>'.
              Type 'TFieldValues' is not assignable to type '{ summary: string; attendeesMale: string; attendeesFemale: string; amountSpent: string; challenges?: string | undefined; comments?: string | undefined; }'.
                Type 'FieldValues' is missing the following properties from type '{ summary: string; attendeesMale: string; attendeesFemale: string; amountSpent: string; challenges?: string | undefined; comments?: string | undefined; }': summary, attendeesMale, attendeesFemale, amountSpent
components/burial/burial-request-form.tsx(50,51): error TS2345: Argument of type '{ deceasedName: string; relationship: string; causeOfDeath: string; dateOfDeath: string; placeOfDeath: string; contactPhone: string; contactEmail: string; }' is not assignable to parameter of type '{ deceasedName: string; relationship: string; causeOfDeath: string; dateOfDeath: Date; placeOfDeath: string; contactPhone: string; contactEmail: string; }'.
  Types of property 'dateOfDeath' are incompatible.
    Type 'string' is not assignable to type 'Date'.
components/campaigns/donation-widget.tsx(8,44): error TS2307: Cannot find module '@/components/ui/radio-group' or its corresponding type declarations.
components/cms/news-feed.tsx(48,50): error TS2339: Property 'type' does not exist on type '{ postType: "NEWS" | "EVENT" | "ANNOUNCEMENT" | null; id: string; createdAt: Date | null; updatedAt: Date | null; organizationId: string; title: string; authorId: string; ... 5 more ...; publishedAt: Date | null; }'.
components/cms/news-feed.tsx(49,39): error TS2339: Property 'type' does not exist on type '{ postType: "NEWS" | "EVENT" | "ANNOUNCEMENT" | null; id: string; createdAt: Date | null; updatedAt: Date | null; organizationId: string; title: string; authorId: string; ... 5 more ...; publishedAt: Date | null; }'.
components/meetings/create-meeting-dialog.tsx(55,9): error TS2322: Type 'Resolver<{ title: string; scheduledAt: string; time: string; description?: string | undefined; venue?: string | undefined; isOnline?: boolean | undefined; meetingLink?: string | undefined; attendees?: string[] | undefined; }, any, { ...; }>' is not assignable to type 'Resolver<{ title: string; scheduledAt: string; time: string; isOnline: boolean; attendees: string[]; description?: string | undefined; venue?: string | undefined; meetingLink?: string | undefined; }, any, { ...; }>'.
  Types of parameters 'options' and 'options' are incompatible.
    Type 'ResolverOptions<{ title: string; scheduledAt: string; time: string; isOnline: boolean; attendees: string[]; description?: string | undefined; venue?: string | undefined; meetingLink?: string | undefined; }>' is not assignable to type 'ResolverOptions<{ title: string; scheduledAt: string; time: string; description?: string | undefined; venue?: string | undefined; isOnline?: boolean | undefined; meetingLink?: string | undefined; attendees?: string[] | undefined; }>'.
      Type 'boolean | undefined' is not assignable to type 'boolean'.
        Type 'undefined' is not assignable to type 'boolean'.
components/meetings/create-meeting-dialog.tsx(102,55): error TS2345: Argument of type '(values: { title: string; scheduledAt: string; time: string; isOnline: boolean; attendees: string[]; description?: string | undefined; venue?: string | undefined; meetingLink?: string | undefined; }) => Promise<...>' is not assignable to parameter of type 'SubmitHandler<TFieldValues>'.
  Types of parameters 'values' and 'data' are incompatible.
    Type 'TFieldValues' is not assignable to type '{ title: string; scheduledAt: string; time: string; isOnline: boolean; attendees: string[]; description?: string | undefined; venue?: string | undefined; meetingLink?: string | undefined; }'.
      Type 'FieldValues' is missing the following properties from type '{ title: string; scheduledAt: string; time: string; isOnline: boolean; attendees: string[]; description?: string | undefined; venue?: string | undefined; meetingLink?: string | undefined; }': title, scheduledAt, time, isOnline, attendees
components/meetings/create-meeting-dialog.tsx(103,36): error TS2322: Type 'Control<{ title: string; scheduledAt: string; time: string; isOnline: boolean; attendees: string[]; description?: string | undefined; venue?: string | undefined; meetingLink?: string | undefined; }, any, TFieldValues>' is not assignable to type 'Control<{ title: string; scheduledAt: string; time: string; isOnline: boolean; attendees: string[]; description?: string | undefined; venue?: string | undefined; meetingLink?: string | undefined; }, any, { ...; }>'.
  The types of '_options.resolver' are incompatible between these types.
    Type 'Resolver<{ title: string; scheduledAt: string; time: string; isOnline: boolean; attendees: string[]; description?: string | undefined; venue?: string | undefined; meetingLink?: string | undefined; }, any, TFieldValues> | undefined' is not assignable to type 'Resolver<{ title: string; scheduledAt: string; time: string; isOnline: boolean; attendees: string[]; description?: string | undefined; venue?: string | undefined; meetingLink?: string | undefined; }, any, { ...; }> | undefined'.
      Type 'Resolver<{ title: string; scheduledAt: string; time: string; isOnline: boolean; attendees: string[]; description?: string | undefined; venue?: string | undefined; meetingLink?: string | undefined; }, any, TFieldValues>' is not assignable to type 'Resolver<{ title: string; scheduledAt: string; time: string; isOnline: boolean; attendees: string[]; description?: string | undefined; venue?: string | undefined; meetingLink?: string | undefined; }, any, { ...; }>'.
        Type 'ResolverResult<{ title: string; scheduledAt: string; time: string; isOnline: boolean; attendees: string[]; description?: string | undefined; venue?: string | undefined; meetingLink?: string | undefined; }, TFieldValues> | Promise<...>' is not assignable to type 'ResolverResult<{ title: string; scheduledAt: string; time: string; isOnline: boolean; attendees: string[]; description?: string | undefined; venue?: string | undefined; meetingLink?: string | undefined; }, { ...; }> | Promise<...>'.
          Type 'ResolverSuccess<TFieldValues>' is not assignable to type 'ResolverResult<{ title: string; scheduledAt: string; time: string; isOnline: boolean; attendees: string[]; description?: string | undefined; venue?: string | undefined; meetingLink?: string | undefined; }, { ...; }> | Promise<...>'.
            Type 'ResolverSuccess<TFieldValues>' is not assignable to type 'ResolverSuccess<{ title: string; scheduledAt: string; time: string; isOnline: boolean; attendees: string[]; description?: string | undefined; venue?: string | undefined; meetingLink?: string | undefined; }>'.
              Type 'TFieldValues' is not assignable to type '{ title: string; scheduledAt: string; time: string; isOnline: boolean; attendees: string[]; description?: string | undefined; venue?: string | undefined; meetingLink?: string | undefined; }'.
                Type 'FieldValues' is missing the following properties from type '{ title: string; scheduledAt: string; time: string; isOnline: boolean; attendees: string[]; description?: string | undefined; venue?: string | undefined; meetingLink?: string | undefined; }': title, scheduledAt, time, isOnline, attendees
components/meetings/create-meeting-dialog.tsx(111,40): error TS2322: Type 'Control<{ title: string; scheduledAt: string; time: string; isOnline: boolean; attendees: string[]; description?: string | undefined; venue?: string | undefined; meetingLink?: string | undefined; }, any, TFieldValues>' is not assignable to type 'Control<{ title: string; scheduledAt: string; time: string; isOnline: boolean; attendees: string[]; description?: string | undefined; venue?: string | undefined; meetingLink?: string | undefined; }, any, { ...; }>'.
  The types of '_options.resolver' are incompatible between these types.
    Type 'Resolver<{ title: string; scheduledAt: string; time: string; isOnline: boolean; attendees: string[]; description?: string | undefined; venue?: string | undefined; meetingLink?: string | undefined; }, any, TFieldValues> | undefined' is not assignable to type 'Resolver<{ title: string; scheduledAt: string; time: string; isOnline: boolean; attendees: string[]; description?: string | undefined; venue?: string | undefined; meetingLink?: string | undefined; }, any, { ...; }> | undefined'.
      Type 'Resolver<{ title: string; scheduledAt: string; time: string; isOnline: boolean; attendees: string[]; description?: string | undefined; venue?: string | undefined; meetingLink?: string | undefined; }, any, TFieldValues>' is not assignable to type 'Resolver<{ title: string; scheduledAt: string; time: string; isOnline: boolean; attendees: string[]; description?: string | undefined; venue?: string | undefined; meetingLink?: string | undefined; }, any, { ...; }>'.
        Type 'ResolverResult<{ title: string; scheduledAt: string; time: string; isOnline: boolean; attendees: string[]; description?: string | undefined; venue?: string | undefined; meetingLink?: string | undefined; }, TFieldValues> | Promise<...>' is not assignable to type 'ResolverResult<{ title: string; scheduledAt: string; time: string; isOnline: boolean; attendees: string[]; description?: string | undefined; venue?: string | undefined; meetingLink?: string | undefined; }, { ...; }> | Promise<...>'.
          Type 'ResolverSuccess<TFieldValues>' is not assignable to type 'ResolverResult<{ title: string; scheduledAt: string; time: string; isOnline: boolean; attendees: string[]; description?: string | undefined; venue?: string | undefined; meetingLink?: string | undefined; }, { ...; }> | Promise<...>'.
            Type 'ResolverSuccess<TFieldValues>' is not assignable to type 'ResolverSuccess<{ title: string; scheduledAt: string; time: string; isOnline: boolean; attendees: string[]; description?: string | undefined; venue?: string | undefined; meetingLink?: string | undefined; }>'.
              Type 'TFieldValues' is not assignable to type '{ title: string; scheduledAt: string; time: string; isOnline: boolean; attendees: string[]; description?: string | undefined; venue?: string | undefined; meetingLink?: string | undefined; }'.
                Type 'FieldValues' is missing the following properties from type '{ title: string; scheduledAt: string; time: string; isOnline: boolean; attendees: string[]; description?: string | undefined; venue?: string | undefined; meetingLink?: string | undefined; }': title, scheduledAt, time, isOnline, attendees
components/meetings/create-meeting-dialog.tsx(117,40): error TS2322: Type 'Control<{ title: string; scheduledAt: string; time: string; isOnline: boolean; attendees: string[]; description?: string | undefined; venue?: string | undefined; meetingLink?: string | undefined; }, any, TFieldValues>' is not assignable to type 'Control<{ title: string; scheduledAt: string; time: string; isOnline: boolean; attendees: string[]; description?: string | undefined; venue?: string | undefined; meetingLink?: string | undefined; }, any, { ...; }>'.
  The types of '_options.resolver' are incompatible between these types.
    Type 'Resolver<{ title: string; scheduledAt: string; time: string; isOnline: boolean; attendees: string[]; description?: string | undefined; venue?: string | undefined; meetingLink?: string | undefined; }, any, TFieldValues> | undefined' is not assignable to type 'Resolver<{ title: string; scheduledAt: string; time: string; isOnline: boolean; attendees: string[]; description?: string | undefined; venue?: string | undefined; meetingLink?: string | undefined; }, any, { ...; }> | undefined'.
      Type 'Resolver<{ title: string; scheduledAt: string; time: string; isOnline: boolean; attendees: string[]; description?: string | undefined; venue?: string | undefined; meetingLink?: string | undefined; }, any, TFieldValues>' is not assignable to type 'Resolver<{ title: string; scheduledAt: string; time: string; isOnline: boolean; attendees: string[]; description?: string | undefined; venue?: string | undefined; meetingLink?: string | undefined; }, any, { ...; }>'.
        Type 'ResolverResult<{ title: string; scheduledAt: string; time: string; isOnline: boolean; attendees: string[]; description?: string | undefined; venue?: string | undefined; meetingLink?: string | undefined; }, TFieldValues> | Promise<...>' is not assignable to type 'ResolverResult<{ title: string; scheduledAt: string; time: string; isOnline: boolean; attendees: string[]; description?: string | undefined; venue?: string | undefined; meetingLink?: string | undefined; }, { ...; }> | Promise<...>'.
          Type 'ResolverSuccess<TFieldValues>' is not assignable to type 'ResolverResult<{ title: string; scheduledAt: string; time: string; isOnline: boolean; attendees: string[]; description?: string | undefined; venue?: string | undefined; meetingLink?: string | undefined; }, { ...; }> | Promise<...>'.
            Type 'ResolverSuccess<TFieldValues>' is not assignable to type 'ResolverSuccess<{ title: string; scheduledAt: string; time: string; isOnline: boolean; attendees: string[]; description?: string | undefined; venue?: string | undefined; meetingLink?: string | undefined; }>'.
              Type 'TFieldValues' is not assignable to type '{ title: string; scheduledAt: string; time: string; isOnline: boolean; attendees: string[]; description?: string | undefined; venue?: string | undefined; meetingLink?: string | undefined; }'.
                Type 'FieldValues' is missing the following properties from type '{ title: string; scheduledAt: string; time: string; isOnline: boolean; attendees: string[]; description?: string | undefined; venue?: string | undefined; meetingLink?: string | undefined; }': title, scheduledAt, time, isOnline, attendees
components/meetings/create-meeting-dialog.tsx(126,40): error TS2322: Type 'Control<{ title: string; scheduledAt: string; time: string; isOnline: boolean; attendees: string[]; description?: string | undefined; venue?: string | undefined; meetingLink?: string | undefined; }, any, TFieldValues>' is not assignable to type 'Control<{ title: string; scheduledAt: string; time: string; isOnline: boolean; attendees: string[]; description?: string | undefined; venue?: string | undefined; meetingLink?: string | undefined; }, any, { ...; }>'.
  The types of '_options.resolver' are incompatible between these types.
    Type 'Resolver<{ title: string; scheduledAt: string; time: string; isOnline: boolean; attendees: string[]; description?: string | undefined; venue?: string | undefined; meetingLink?: string | undefined; }, any, TFieldValues> | undefined' is not assignable to type 'Resolver<{ title: string; scheduledAt: string; time: string; isOnline: boolean; attendees: string[]; description?: string | undefined; venue?: string | undefined; meetingLink?: string | undefined; }, any, { ...; }> | undefined'.
      Type 'Resolver<{ title: string; scheduledAt: string; time: string; isOnline: boolean; attendees: string[]; description?: string | undefined; venue?: string | undefined; meetingLink?: string | undefined; }, any, TFieldValues>' is not assignable to type 'Resolver<{ title: string; scheduledAt: string; time: string; isOnline: boolean; attendees: string[]; description?: string | undefined; venue?: string | undefined; meetingLink?: string | undefined; }, any, { ...; }>'.
        Type 'ResolverResult<{ title: string; scheduledAt: string; time: string; isOnline: boolean; attendees: string[]; description?: string | undefined; venue?: string | undefined; meetingLink?: string | undefined; }, TFieldValues> | Promise<...>' is not assignable to type 'ResolverResult<{ title: string; scheduledAt: string; time: string; isOnline: boolean; attendees: string[]; description?: string | undefined; venue?: string | undefined; meetingLink?: string | undefined; }, { ...; }> | Promise<...>'.
          Type 'ResolverSuccess<TFieldValues>' is not assignable to type 'ResolverResult<{ title: string; scheduledAt: string; time: string; isOnline: boolean; attendees: string[]; description?: string | undefined; venue?: string | undefined; meetingLink?: string | undefined; }, { ...; }> | Promise<...>'.
            Type 'ResolverSuccess<TFieldValues>' is not assignable to type 'ResolverSuccess<{ title: string; scheduledAt: string; time: string; isOnline: boolean; attendees: string[]; description?: string | undefined; venue?: string | undefined; meetingLink?: string | undefined; }>'.
              Type 'TFieldValues' is not assignable to type '{ title: string; scheduledAt: string; time: string; isOnline: boolean; attendees: string[]; description?: string | undefined; venue?: string | undefined; meetingLink?: string | undefined; }'.
                Type 'FieldValues' is missing the following properties from type '{ title: string; scheduledAt: string; time: string; isOnline: boolean; attendees: string[]; description?: string | undefined; venue?: string | undefined; meetingLink?: string | undefined; }': title, scheduledAt, time, isOnline, attendees
components/meetings/create-meeting-dialog.tsx(139,40): error TS2322: Type 'Control<{ title: string; scheduledAt: string; time: string; isOnline: boolean; attendees: string[]; description?: string | undefined; venue?: string | undefined; meetingLink?: string | undefined; }, any, TFieldValues>' is not assignable to type 'Control<{ title: string; scheduledAt: string; time: string; isOnline: boolean; attendees: string[]; description?: string | undefined; venue?: string | undefined; meetingLink?: string | undefined; }, any, { ...; }>'.
  The types of '_options.resolver' are incompatible between these types.
    Type 'Resolver<{ title: string; scheduledAt: string; time: string; isOnline: boolean; attendees: string[]; description?: string | undefined; venue?: string | undefined; meetingLink?: string | undefined; }, any, TFieldValues> | undefined' is not assignable to type 'Resolver<{ title: string; scheduledAt: string; time: string; isOnline: boolean; attendees: string[]; description?: string | undefined; venue?: string | undefined; meetingLink?: string | undefined; }, any, { ...; }> | undefined'.
      Type 'Resolver<{ title: string; scheduledAt: string; time: string; isOnline: boolean; attendees: string[]; description?: string | undefined; venue?: string | undefined; meetingLink?: string | undefined; }, any, TFieldValues>' is not assignable to type 'Resolver<{ title: string; scheduledAt: string; time: string; isOnline: boolean; attendees: string[]; description?: string | undefined; venue?: string | undefined; meetingLink?: string | undefined; }, any, { ...; }>'.
        Type 'ResolverResult<{ title: string; scheduledAt: string; time: string; isOnline: boolean; attendees: string[]; description?: string | undefined; venue?: string | undefined; meetingLink?: string | undefined; }, TFieldValues> | Promise<...>' is not assignable to type 'ResolverResult<{ title: string; scheduledAt: string; time: string; isOnline: boolean; attendees: string[]; description?: string | undefined; venue?: string | undefined; meetingLink?: string | undefined; }, { ...; }> | Promise<...>'.
          Type 'ResolverSuccess<TFieldValues>' is not assignable to type 'ResolverResult<{ title: string; scheduledAt: string; time: string; isOnline: boolean; attendees: string[]; description?: string | undefined; venue?: string | undefined; meetingLink?: string | undefined; }, { ...; }> | Promise<...>'.
            Type 'ResolverSuccess<TFieldValues>' is not assignable to type 'ResolverSuccess<{ title: string; scheduledAt: string; time: string; isOnline: boolean; attendees: string[]; description?: string | undefined; venue?: string | undefined; meetingLink?: string | undefined; }>'.
              Type 'TFieldValues' is not assignable to type '{ title: string; scheduledAt: string; time: string; isOnline: boolean; attendees: string[]; description?: string | undefined; venue?: string | undefined; meetingLink?: string | undefined; }'.
                Type 'FieldValues' is missing the following properties from type '{ title: string; scheduledAt: string; time: string; isOnline: boolean; attendees: string[]; description?: string | undefined; venue?: string | undefined; meetingLink?: string | undefined; }': title, scheduledAt, time, isOnline, attendees
components/meetings/create-meeting-dialog.tsx(146,40): error TS2322: Type 'Control<{ title: string; scheduledAt: string; time: string; isOnline: boolean; attendees: string[]; description?: string | undefined; venue?: string | undefined; meetingLink?: string | undefined; }, any, TFieldValues>' is not assignable to type 'Control<{ title: string; scheduledAt: string; time: string; isOnline: boolean; attendees: string[]; description?: string | undefined; venue?: string | undefined; meetingLink?: string | undefined; }, any, { ...; }>'.
  The types of '_options.resolver' are incompatible between these types.
    Type 'Resolver<{ title: string; scheduledAt: string; time: string; isOnline: boolean; attendees: string[]; description?: string | undefined; venue?: string | undefined; meetingLink?: string | undefined; }, any, TFieldValues> | undefined' is not assignable to type 'Resolver<{ title: string; scheduledAt: string; time: string; isOnline: boolean; attendees: string[]; description?: string | undefined; venue?: string | undefined; meetingLink?: string | undefined; }, any, { ...; }> | undefined'.
      Type 'Resolver<{ title: string; scheduledAt: string; time: string; isOnline: boolean; attendees: string[]; description?: string | undefined; venue?: string | undefined; meetingLink?: string | undefined; }, any, TFieldValues>' is not assignable to type 'Resolver<{ title: string; scheduledAt: string; time: string; isOnline: boolean; attendees: string[]; description?: string | undefined; venue?: string | undefined; meetingLink?: string | undefined; }, any, { ...; }>'.
        Type 'ResolverResult<{ title: string; scheduledAt: string; time: string; isOnline: boolean; attendees: string[]; description?: string | undefined; venue?: string | undefined; meetingLink?: string | undefined; }, TFieldValues> | Promise<...>' is not assignable to type 'ResolverResult<{ title: string; scheduledAt: string; time: string; isOnline: boolean; attendees: string[]; description?: string | undefined; venue?: string | undefined; meetingLink?: string | undefined; }, { ...; }> | Promise<...>'.
          Type 'ResolverSuccess<TFieldValues>' is not assignable to type 'ResolverResult<{ title: string; scheduledAt: string; time: string; isOnline: boolean; attendees: string[]; description?: string | undefined; venue?: string | undefined; meetingLink?: string | undefined; }, { ...; }> | Promise<...>'.
            Type 'ResolverSuccess<TFieldValues>' is not assignable to type 'ResolverSuccess<{ title: string; scheduledAt: string; time: string; isOnline: boolean; attendees: string[]; description?: string | undefined; venue?: string | undefined; meetingLink?: string | undefined; }>'.
              Type 'TFieldValues' is not assignable to type '{ title: string; scheduledAt: string; time: string; isOnline: boolean; attendees: string[]; description?: string | undefined; venue?: string | undefined; meetingLink?: string | undefined; }'.
                Type 'FieldValues' is missing the following properties from type '{ title: string; scheduledAt: string; time: string; isOnline: boolean; attendees: string[]; description?: string | undefined; venue?: string | undefined; meetingLink?: string | undefined; }': title, scheduledAt, time, isOnline, attendees
components/meetings/create-meeting-dialog.tsx(161,45): error TS2322: Type 'Control<{ title: string; scheduledAt: string; time: string; isOnline: boolean; attendees: string[]; description?: string | undefined; venue?: string | undefined; meetingLink?: string | undefined; }, any, TFieldValues>' is not assignable to type 'Control<{ title: string; scheduledAt: string; time: string; isOnline: boolean; attendees: string[]; description?: string | undefined; venue?: string | undefined; meetingLink?: string | undefined; }, any, { ...; }>'.
  The types of '_options.resolver' are incompatible between these types.
    Type 'Resolver<{ title: string; scheduledAt: string; time: string; isOnline: boolean; attendees: string[]; description?: string | undefined; venue?: string | undefined; meetingLink?: string | undefined; }, any, TFieldValues> | undefined' is not assignable to type 'Resolver<{ title: string; scheduledAt: string; time: string; isOnline: boolean; attendees: string[]; description?: string | undefined; venue?: string | undefined; meetingLink?: string | undefined; }, any, { ...; }> | undefined'.
      Type 'Resolver<{ title: string; scheduledAt: string; time: string; isOnline: boolean; attendees: string[]; description?: string | undefined; venue?: string | undefined; meetingLink?: string | undefined; }, any, TFieldValues>' is not assignable to type 'Resolver<{ title: string; scheduledAt: string; time: string; isOnline: boolean; attendees: string[]; description?: string | undefined; venue?: string | undefined; meetingLink?: string | undefined; }, any, { ...; }>'.
        Type 'ResolverResult<{ title: string; scheduledAt: string; time: string; isOnline: boolean; attendees: string[]; description?: string | undefined; venue?: string | undefined; meetingLink?: string | undefined; }, TFieldValues> | Promise<...>' is not assignable to type 'ResolverResult<{ title: string; scheduledAt: string; time: string; isOnline: boolean; attendees: string[]; description?: string | undefined; venue?: string | undefined; meetingLink?: string | undefined; }, { ...; }> | Promise<...>'.
          Type 'ResolverSuccess<TFieldValues>' is not assignable to type 'ResolverResult<{ title: string; scheduledAt: string; time: string; isOnline: boolean; attendees: string[]; description?: string | undefined; venue?: string | undefined; meetingLink?: string | undefined; }, { ...; }> | Promise<...>'.
            Type 'ResolverSuccess<TFieldValues>' is not assignable to type 'ResolverSuccess<{ title: string; scheduledAt: string; time: string; isOnline: boolean; attendees: string[]; description?: string | undefined; venue?: string | undefined; meetingLink?: string | undefined; }>'.
              Type 'TFieldValues' is not assignable to type '{ title: string; scheduledAt: string; time: string; isOnline: boolean; attendees: string[]; description?: string | undefined; venue?: string | undefined; meetingLink?: string | undefined; }'.
                Type 'FieldValues' is missing the following properties from type '{ title: string; scheduledAt: string; time: string; isOnline: boolean; attendees: string[]; description?: string | undefined; venue?: string | undefined; meetingLink?: string | undefined; }': title, scheduledAt, time, isOnline, attendees
components/occasions/request-dialog.tsx(61,9): error TS2322: Type 'Resolver<{ typeId: string; organizationId: string; date: string; time: string; venue: string; address: string; role: "COORDINATING" | "WITNESS"; certificateNeeded?: boolean | undefined; husbandName?: string | undefined; wifeName?: string | undefined; babyName?: string | undefined; dowry?: string | undefined; }, any,...' is not assignable to type 'Resolver<{ typeId: string; organizationId: string; date: string; time: string; venue: string; address: string; role: "COORDINATING" | "WITNESS"; certificateNeeded: boolean; husbandName?: string | undefined; wifeName?: string | undefined; babyName?: string | undefined; dowry?: string | undefined; }, any, { ...; }>'.
  Types of parameters 'options' and 'options' are incompatible.
    Type 'ResolverOptions<{ typeId: string; organizationId: string; date: string; time: string; venue: string; address: string; role: "COORDINATING" | "WITNESS"; certificateNeeded: boolean; husbandName?: string | undefined; wifeName?: string | undefined; babyName?: string | undefined; dowry?: string | undefined; }>' is not assignable to type 'ResolverOptions<{ typeId: string; organizationId: string; date: string; time: string; venue: string; address: string; role: "COORDINATING" | "WITNESS"; certificateNeeded?: boolean | undefined; husbandName?: string | undefined; wifeName?: string | undefined; babyName?: string | undefined; dowry?: string | undefined; }>'.
      Type 'boolean | undefined' is not assignable to type 'boolean'.
        Type 'undefined' is not assignable to type 'boolean'.
components/occasions/request-dialog.tsx(121,55): error TS2345: Argument of type '(values: { typeId: string; organizationId: string; date: string; time: string; venue: string; address: string; role: "COORDINATING" | "WITNESS"; certificateNeeded: boolean; husbandName?: string | undefined; wifeName?: string | undefined; babyName?: string | undefined; dowry?: string | undefined; }) => Promise<...>' is not assignable to parameter of type 'SubmitHandler<TFieldValues>'.
  Types of parameters 'values' and 'data' are incompatible.
    Type 'TFieldValues' is not assignable to type '{ typeId: string; organizationId: string; date: string; time: string; venue: string; address: string; role: "COORDINATING" | "WITNESS"; certificateNeeded: boolean; husbandName?: string | undefined; wifeName?: string | undefined; babyName?: string | undefined; dowry?: string | undefined; }'.
      Type 'FieldValues' is missing the following properties from type '{ typeId: string; organizationId: string; date: string; time: string; venue: string; address: string; role: "COORDINATING" | "WITNESS"; certificateNeeded: boolean; husbandName?: string | undefined; wifeName?: string | undefined; babyName?: string | undefined; dowry?: string | undefined; }': typeId, organizationId, date, time, and 4 more.
components/occasions/request-dialog.tsx(124,40): error TS2322: Type 'Control<{ typeId: string; organizationId: string; date: string; time: string; venue: string; address: string; role: "COORDINATING" | "WITNESS"; certificateNeeded: boolean; husbandName?: string | undefined; wifeName?: string | undefined; babyName?: string | undefined; dowry?: string | undefined; }, any, TFieldValues>' is not assignable to type 'Control<{ typeId: string; organizationId: string; date: string; time: string; venue: string; address: string; role: "COORDINATING" | "WITNESS"; certificateNeeded: boolean; husbandName?: string | undefined; wifeName?: string | undefined; babyName?: string | undefined; dowry?: string | undefined; }, any, { ...; }>'.
  The types of '_options.resolver' are incompatible between these types.
    Type 'Resolver<{ typeId: string; organizationId: string; date: string; time: string; venue: string; address: string; role: "COORDINATING" | "WITNESS"; certificateNeeded: boolean; husbandName?: string | undefined; wifeName?: string | undefined; babyName?: string | undefined; dowry?: string | undefined; }, any, TFieldValues...' is not assignable to type 'Resolver<{ typeId: string; organizationId: string; date: string; time: string; venue: string; address: string; role: "COORDINATING" | "WITNESS"; certificateNeeded: boolean; husbandName?: string | undefined; wifeName?: string | undefined; babyName?: string | undefined; dowry?: string | undefined; }, any, { ...; }> | ...'.
      Type 'Resolver<{ typeId: string; organizationId: string; date: string; time: string; venue: string; address: string; role: "COORDINATING" | "WITNESS"; certificateNeeded: boolean; husbandName?: string | undefined; wifeName?: string | undefined; babyName?: string | undefined; dowry?: string | undefined; }, any, TFieldValues>' is not assignable to type 'Resolver<{ typeId: string; organizationId: string; date: string; time: string; venue: string; address: string; role: "COORDINATING" | "WITNESS"; certificateNeeded: boolean; husbandName?: string | undefined; wifeName?: string | undefined; babyName?: string | undefined; dowry?: string | undefined; }, any, { ...; }>'.
        Type 'ResolverResult<{ typeId: string; organizationId: string; date: string; time: string; venue: string; address: string; role: "COORDINATING" | "WITNESS"; certificateNeeded: boolean; husbandName?: string | undefined; wifeName?: string | undefined; babyName?: string | undefined; dowry?: string | undefined; }, TFieldValue...' is not assignable to type 'ResolverResult<{ typeId: string; organizationId: string; date: string; time: string; venue: string; address: string; role: "COORDINATING" | "WITNESS"; certificateNeeded: boolean; husbandName?: string | undefined; wifeName?: string | undefined; babyName?: string | undefined; dowry?: string | undefined; }, { ...; }> |...'.
          Type 'ResolverSuccess<TFieldValues>' is not assignable to type 'ResolverResult<{ typeId: string; organizationId: string; date: string; time: string; venue: string; address: string; role: "COORDINATING" | "WITNESS"; certificateNeeded: boolean; husbandName?: string | undefined; wifeName?: string | undefined; babyName?: string | undefined; dowry?: string | undefined; }, { ...; }> |...'.
            Type 'ResolverSuccess<TFieldValues>' is not assignable to type 'ResolverSuccess<{ typeId: string; organizationId: string; date: string; time: string; venue: string; address: string; role: "COORDINATING" | "WITNESS"; certificateNeeded: boolean; husbandName?: string | undefined; wifeName?: string | undefined; babyName?: string | undefined; dowry?: string | undefined; }>'.
              Type 'TFieldValues' is not assignable to type '{ typeId: string; organizationId: string; date: string; time: string; venue: string; address: string; role: "COORDINATING" | "WITNESS"; certificateNeeded: boolean; husbandName?: string | undefined; wifeName?: string | undefined; babyName?: string | undefined; dowry?: string | undefined; }'.
                Type 'FieldValues' is missing the following properties from type '{ typeId: string; organizationId: string; date: string; time: string; venue: string; address: string; role: "COORDINATING" | "WITNESS"; certificateNeeded: boolean; husbandName?: string | undefined; wifeName?: string | undefined; babyName?: string | undefined; dowry?: string | undefined; }': typeId, organizationId, date, time, and 4 more.
components/occasions/request-dialog.tsx(138,40): error TS2322: Type 'Control<{ typeId: string; organizationId: string; date: string; time: string; venue: string; address: string; role: "COORDINATING" | "WITNESS"; certificateNeeded: boolean; husbandName?: string | undefined; wifeName?: string | undefined; babyName?: string | undefined; dowry?: string | undefined; }, any, TFieldValues>' is not assignable to type 'Control<{ typeId: string; organizationId: string; date: string; time: string; venue: string; address: string; role: "COORDINATING" | "WITNESS"; certificateNeeded: boolean; husbandName?: string | undefined; wifeName?: string | undefined; babyName?: string | undefined; dowry?: string | undefined; }, any, { ...; }>'.
  The types of '_options.resolver' are incompatible between these types.
    Type 'Resolver<{ typeId: string; organizationId: string; date: string; time: string; venue: string; address: string; role: "COORDINATING" | "WITNESS"; certificateNeeded: boolean; husbandName?: string | undefined; wifeName?: string | undefined; babyName?: string | undefined; dowry?: string | undefined; }, any, TFieldValues...' is not assignable to type 'Resolver<{ typeId: string; organizationId: string; date: string; time: string; venue: string; address: string; role: "COORDINATING" | "WITNESS"; certificateNeeded: boolean; husbandName?: string | undefined; wifeName?: string | undefined; babyName?: string | undefined; dowry?: string | undefined; }, any, { ...; }> | ...'.
      Type 'Resolver<{ typeId: string; organizationId: string; date: string; time: string; venue: string; address: string; role: "COORDINATING" | "WITNESS"; certificateNeeded: boolean; husbandName?: string | undefined; wifeName?: string | undefined; babyName?: string | undefined; dowry?: string | undefined; }, any, TFieldValues>' is not assignable to type 'Resolver<{ typeId: string; organizationId: string; date: string; time: string; venue: string; address: string; role: "COORDINATING" | "WITNESS"; certificateNeeded: boolean; husbandName?: string | undefined; wifeName?: string | undefined; babyName?: string | undefined; dowry?: string | undefined; }, any, { ...; }>'.
        Type 'ResolverResult<{ typeId: string; organizationId: string; date: string; time: string; venue: string; address: string; role: "COORDINATING" | "WITNESS"; certificateNeeded: boolean; husbandName?: string | undefined; wifeName?: string | undefined; babyName?: string | undefined; dowry?: string | undefined; }, TFieldValue...' is not assignable to type 'ResolverResult<{ typeId: string; organizationId: string; date: string; time: string; venue: string; address: string; role: "COORDINATING" | "WITNESS"; certificateNeeded: boolean; husbandName?: string | undefined; wifeName?: string | undefined; babyName?: string | undefined; dowry?: string | undefined; }, { ...; }> |...'.
          Type 'ResolverSuccess<TFieldValues>' is not assignable to type 'ResolverResult<{ typeId: string; organizationId: string; date: string; time: string; venue: string; address: string; role: "COORDINATING" | "WITNESS"; certificateNeeded: boolean; husbandName?: string | undefined; wifeName?: string | undefined; babyName?: string | undefined; dowry?: string | undefined; }, { ...; }> |...'.
            Type 'ResolverSuccess<TFieldValues>' is not assignable to type 'ResolverSuccess<{ typeId: string; organizationId: string; date: string; time: string; venue: string; address: string; role: "COORDINATING" | "WITNESS"; certificateNeeded: boolean; husbandName?: string | undefined; wifeName?: string | undefined; babyName?: string | undefined; dowry?: string | undefined; }>'.
              Type 'TFieldValues' is not assignable to type '{ typeId: string; organizationId: string; date: string; time: string; venue: string; address: string; role: "COORDINATING" | "WITNESS"; certificateNeeded: boolean; husbandName?: string | undefined; wifeName?: string | undefined; babyName?: string | undefined; dowry?: string | undefined; }'.
                Type 'FieldValues' is missing the following properties from type '{ typeId: string; organizationId: string; date: string; time: string; venue: string; address: string; role: "COORDINATING" | "WITNESS"; certificateNeeded: boolean; husbandName?: string | undefined; wifeName?: string | undefined; babyName?: string | undefined; dowry?: string | undefined; }': typeId, organizationId, date, time, and 4 more.
components/occasions/request-dialog.tsx(154,40): error TS2322: Type 'Control<{ typeId: string; organizationId: string; date: string; time: string; venue: string; address: string; role: "COORDINATING" | "WITNESS"; certificateNeeded: boolean; husbandName?: string | undefined; wifeName?: string | undefined; babyName?: string | undefined; dowry?: string | undefined; }, any, TFieldValues>' is not assignable to type 'Control<{ typeId: string; organizationId: string; date: string; time: string; venue: string; address: string; role: "COORDINATING" | "WITNESS"; certificateNeeded: boolean; husbandName?: string | undefined; wifeName?: string | undefined; babyName?: string | undefined; dowry?: string | undefined; }, any, { ...; }>'.
  The types of '_options.resolver' are incompatible between these types.
    Type 'Resolver<{ typeId: string; organizationId: string; date: string; time: string; venue: string; address: string; role: "COORDINATING" | "WITNESS"; certificateNeeded: boolean; husbandName?: string | undefined; wifeName?: string | undefined; babyName?: string | undefined; dowry?: string | undefined; }, any, TFieldValues...' is not assignable to type 'Resolver<{ typeId: string; organizationId: string; date: string; time: string; venue: string; address: string; role: "COORDINATING" | "WITNESS"; certificateNeeded: boolean; husbandName?: string | undefined; wifeName?: string | undefined; babyName?: string | undefined; dowry?: string | undefined; }, any, { ...; }> | ...'.
      Type 'Resolver<{ typeId: string; organizationId: string; date: string; time: string; venue: string; address: string; role: "COORDINATING" | "WITNESS"; certificateNeeded: boolean; husbandName?: string | undefined; wifeName?: string | undefined; babyName?: string | undefined; dowry?: string | undefined; }, any, TFieldValues>' is not assignable to type 'Resolver<{ typeId: string; organizationId: string; date: string; time: string; venue: string; address: string; role: "COORDINATING" | "WITNESS"; certificateNeeded: boolean; husbandName?: string | undefined; wifeName?: string | undefined; babyName?: string | undefined; dowry?: string | undefined; }, any, { ...; }>'.
        Type 'ResolverResult<{ typeId: string; organizationId: string; date: string; time: string; venue: string; address: string; role: "COORDINATING" | "WITNESS"; certificateNeeded: boolean; husbandName?: string | undefined; wifeName?: string | undefined; babyName?: string | undefined; dowry?: string | undefined; }, TFieldValue...' is not assignable to type 'ResolverResult<{ typeId: string; organizationId: string; date: string; time: string; venue: string; address: string; role: "COORDINATING" | "WITNESS"; certificateNeeded: boolean; husbandName?: string | undefined; wifeName?: string | undefined; babyName?: string | undefined; dowry?: string | undefined; }, { ...; }> |...'.
          Type 'ResolverSuccess<TFieldValues>' is not assignable to type 'ResolverResult<{ typeId: string; organizationId: string; date: string; time: string; venue: string; address: string; role: "COORDINATING" | "WITNESS"; certificateNeeded: boolean; husbandName?: string | undefined; wifeName?: string | undefined; babyName?: string | undefined; dowry?: string | undefined; }, { ...; }> |...'.
            Type 'ResolverSuccess<TFieldValues>' is not assignable to type 'ResolverSuccess<{ typeId: string; organizationId: string; date: string; time: string; venue: string; address: string; role: "COORDINATING" | "WITNESS"; certificateNeeded: boolean; husbandName?: string | undefined; wifeName?: string | undefined; babyName?: string | undefined; dowry?: string | undefined; }>'.
              Type 'TFieldValues' is not assignable to type '{ typeId: string; organizationId: string; date: string; time: string; venue: string; address: string; role: "COORDINATING" | "WITNESS"; certificateNeeded: boolean; husbandName?: string | undefined; wifeName?: string | undefined; babyName?: string | undefined; dowry?: string | undefined; }'.
                Type 'FieldValues' is missing the following properties from type '{ typeId: string; organizationId: string; date: string; time: string; venue: string; address: string; role: "COORDINATING" | "WITNESS"; certificateNeeded: boolean; husbandName?: string | undefined; wifeName?: string | undefined; babyName?: string | undefined; dowry?: string | undefined; }': typeId, organizationId, date, time, and 4 more.
components/occasions/request-dialog.tsx(160,40): error TS2322: Type 'Control<{ typeId: string; organizationId: string; date: string; time: string; venue: string; address: string; role: "COORDINATING" | "WITNESS"; certificateNeeded: boolean; husbandName?: string | undefined; wifeName?: string | undefined; babyName?: string | undefined; dowry?: string | undefined; }, any, TFieldValues>' is not assignable to type 'Control<{ typeId: string; organizationId: string; date: string; time: string; venue: string; address: string; role: "COORDINATING" | "WITNESS"; certificateNeeded: boolean; husbandName?: string | undefined; wifeName?: string | undefined; babyName?: string | undefined; dowry?: string | undefined; }, any, { ...; }>'.
  The types of '_options.resolver' are incompatible between these types.
    Type 'Resolver<{ typeId: string; organizationId: string; date: string; time: string; venue: string; address: string; role: "COORDINATING" | "WITNESS"; certificateNeeded: boolean; husbandName?: string | undefined; wifeName?: string | undefined; babyName?: string | undefined; dowry?: string | undefined; }, any, TFieldValues...' is not assignable to type 'Resolver<{ typeId: string; organizationId: string; date: string; time: string; venue: string; address: string; role: "COORDINATING" | "WITNESS"; certificateNeeded: boolean; husbandName?: string | undefined; wifeName?: string | undefined; babyName?: string | undefined; dowry?: string | undefined; }, any, { ...; }> | ...'.
      Type 'Resolver<{ typeId: string; organizationId: string; date: string; time: string; venue: string; address: string; role: "COORDINATING" | "WITNESS"; certificateNeeded: boolean; husbandName?: string | undefined; wifeName?: string | undefined; babyName?: string | undefined; dowry?: string | undefined; }, any, TFieldValues>' is not assignable to type 'Resolver<{ typeId: string; organizationId: string; date: string; time: string; venue: string; address: string; role: "COORDINATING" | "WITNESS"; certificateNeeded: boolean; husbandName?: string | undefined; wifeName?: string | undefined; babyName?: string | undefined; dowry?: string | undefined; }, any, { ...; }>'.
        Type 'ResolverResult<{ typeId: string; organizationId: string; date: string; time: string; venue: string; address: string; role: "COORDINATING" | "WITNESS"; certificateNeeded: boolean; husbandName?: string | undefined; wifeName?: string | undefined; babyName?: string | undefined; dowry?: string | undefined; }, TFieldValue...' is not assignable to type 'ResolverResult<{ typeId: string; organizationId: string; date: string; time: string; venue: string; address: string; role: "COORDINATING" | "WITNESS"; certificateNeeded: boolean; husbandName?: string | undefined; wifeName?: string | undefined; babyName?: string | undefined; dowry?: string | undefined; }, { ...; }> |...'.
          Type 'ResolverSuccess<TFieldValues>' is not assignable to type 'ResolverResult<{ typeId: string; organizationId: string; date: string; time: string; venue: string; address: string; role: "COORDINATING" | "WITNESS"; certificateNeeded: boolean; husbandName?: string | undefined; wifeName?: string | undefined; babyName?: string | undefined; dowry?: string | undefined; }, { ...; }> |...'.
            Type 'ResolverSuccess<TFieldValues>' is not assignable to type 'ResolverSuccess<{ typeId: string; organizationId: string; date: string; time: string; venue: string; address: string; role: "COORDINATING" | "WITNESS"; certificateNeeded: boolean; husbandName?: string | undefined; wifeName?: string | undefined; babyName?: string | undefined; dowry?: string | undefined; }>'.
              Type 'TFieldValues' is not assignable to type '{ typeId: string; organizationId: string; date: string; time: string; venue: string; address: string; role: "COORDINATING" | "WITNESS"; certificateNeeded: boolean; husbandName?: string | undefined; wifeName?: string | undefined; babyName?: string | undefined; dowry?: string | undefined; }'.
                Type 'FieldValues' is missing the following properties from type '{ typeId: string; organizationId: string; date: string; time: string; venue: string; address: string; role: "COORDINATING" | "WITNESS"; certificateNeeded: boolean; husbandName?: string | undefined; wifeName?: string | undefined; babyName?: string | undefined; dowry?: string | undefined; }': typeId, organizationId, date, time, and 4 more.
components/occasions/request-dialog.tsx(168,36): error TS2322: Type 'Control<{ typeId: string; organizationId: string; date: string; time: string; venue: string; address: string; role: "COORDINATING" | "WITNESS"; certificateNeeded: boolean; husbandName?: string | undefined; wifeName?: string | undefined; babyName?: string | undefined; dowry?: string | undefined; }, any, TFieldValues>' is not assignable to type 'Control<{ typeId: string; organizationId: string; date: string; time: string; venue: string; address: string; role: "COORDINATING" | "WITNESS"; certificateNeeded: boolean; husbandName?: string | undefined; wifeName?: string | undefined; babyName?: string | undefined; dowry?: string | undefined; }, any, { ...; }>'.
  The types of '_options.resolver' are incompatible between these types.
    Type 'Resolver<{ typeId: string; organizationId: string; date: string; time: string; venue: string; address: string; role: "COORDINATING" | "WITNESS"; certificateNeeded: boolean; husbandName?: string | undefined; wifeName?: string | undefined; babyName?: string | undefined; dowry?: string | undefined; }, any, TFieldValues...' is not assignable to type 'Resolver<{ typeId: string; organizationId: string; date: string; time: string; venue: string; address: string; role: "COORDINATING" | "WITNESS"; certificateNeeded: boolean; husbandName?: string | undefined; wifeName?: string | undefined; babyName?: string | undefined; dowry?: string | undefined; }, any, { ...; }> | ...'.
      Type 'Resolver<{ typeId: string; organizationId: string; date: string; time: string; venue: string; address: string; role: "COORDINATING" | "WITNESS"; certificateNeeded: boolean; husbandName?: string | undefined; wifeName?: string | undefined; babyName?: string | undefined; dowry?: string | undefined; }, any, TFieldValues>' is not assignable to type 'Resolver<{ typeId: string; organizationId: string; date: string; time: string; venue: string; address: string; role: "COORDINATING" | "WITNESS"; certificateNeeded: boolean; husbandName?: string | undefined; wifeName?: string | undefined; babyName?: string | undefined; dowry?: string | undefined; }, any, { ...; }>'.
        Type 'ResolverResult<{ typeId: string; organizationId: string; date: string; time: string; venue: string; address: string; role: "COORDINATING" | "WITNESS"; certificateNeeded: boolean; husbandName?: string | undefined; wifeName?: string | undefined; babyName?: string | undefined; dowry?: string | undefined; }, TFieldValue...' is not assignable to type 'ResolverResult<{ typeId: string; organizationId: string; date: string; time: string; venue: string; address: string; role: "COORDINATING" | "WITNESS"; certificateNeeded: boolean; husbandName?: string | undefined; wifeName?: string | undefined; babyName?: string | undefined; dowry?: string | undefined; }, { ...; }> |...'.
          Type 'ResolverSuccess<TFieldValues>' is not assignable to type 'ResolverResult<{ typeId: string; organizationId: string; date: string; time: string; venue: string; address: string; role: "COORDINATING" | "WITNESS"; certificateNeeded: boolean; husbandName?: string | undefined; wifeName?: string | undefined; babyName?: string | undefined; dowry?: string | undefined; }, { ...; }> |...'.
            Type 'ResolverSuccess<TFieldValues>' is not assignable to type 'ResolverSuccess<{ typeId: string; organizationId: string; date: string; time: string; venue: string; address: string; role: "COORDINATING" | "WITNESS"; certificateNeeded: boolean; husbandName?: string | undefined; wifeName?: string | undefined; babyName?: string | undefined; dowry?: string | undefined; }>'.
              Type 'TFieldValues' is not assignable to type '{ typeId: string; organizationId: string; date: string; time: string; venue: string; address: string; role: "COORDINATING" | "WITNESS"; certificateNeeded: boolean; husbandName?: string | undefined; wifeName?: string | undefined; babyName?: string | undefined; dowry?: string | undefined; }'.
                Type 'FieldValues' is missing the following properties from type '{ typeId: string; organizationId: string; date: string; time: string; venue: string; address: string; role: "COORDINATING" | "WITNESS"; certificateNeeded: boolean; husbandName?: string | undefined; wifeName?: string | undefined; babyName?: string | undefined; dowry?: string | undefined; }': typeId, organizationId, date, time, and 4 more.
components/occasions/request-dialog.tsx(175,36): error TS2322: Type 'Control<{ typeId: string; organizationId: string; date: string; time: string; venue: string; address: string; role: "COORDINATING" | "WITNESS"; certificateNeeded: boolean; husbandName?: string | undefined; wifeName?: string | undefined; babyName?: string | undefined; dowry?: string | undefined; }, any, TFieldValues>' is not assignable to type 'Control<{ typeId: string; organizationId: string; date: string; time: string; venue: string; address: string; role: "COORDINATING" | "WITNESS"; certificateNeeded: boolean; husbandName?: string | undefined; wifeName?: string | undefined; babyName?: string | undefined; dowry?: string | undefined; }, any, { ...; }>'.
  The types of '_options.resolver' are incompatible between these types.
    Type 'Resolver<{ typeId: string; organizationId: string; date: string; time: string; venue: string; address: string; role: "COORDINATING" | "WITNESS"; certificateNeeded: boolean; husbandName?: string | undefined; wifeName?: string | undefined; babyName?: string | undefined; dowry?: string | undefined; }, any, TFieldValues...' is not assignable to type 'Resolver<{ typeId: string; organizationId: string; date: string; time: string; venue: string; address: string; role: "COORDINATING" | "WITNESS"; certificateNeeded: boolean; husbandName?: string | undefined; wifeName?: string | undefined; babyName?: string | undefined; dowry?: string | undefined; }, any, { ...; }> | ...'.
      Type 'Resolver<{ typeId: string; organizationId: string; date: string; time: string; venue: string; address: string; role: "COORDINATING" | "WITNESS"; certificateNeeded: boolean; husbandName?: string | undefined; wifeName?: string | undefined; babyName?: string | undefined; dowry?: string | undefined; }, any, TFieldValues>' is not assignable to type 'Resolver<{ typeId: string; organizationId: string; date: string; time: string; venue: string; address: string; role: "COORDINATING" | "WITNESS"; certificateNeeded: boolean; husbandName?: string | undefined; wifeName?: string | undefined; babyName?: string | undefined; dowry?: string | undefined; }, any, { ...; }>'.
        Type 'ResolverResult<{ typeId: string; organizationId: string; date: string; time: string; venue: string; address: string; role: "COORDINATING" | "WITNESS"; certificateNeeded: boolean; husbandName?: string | undefined; wifeName?: string | undefined; babyName?: string | undefined; dowry?: string | undefined; }, TFieldValue...' is not assignable to type 'ResolverResult<{ typeId: string; organizationId: string; date: string; time: string; venue: string; address: string; role: "COORDINATING" | "WITNESS"; certificateNeeded: boolean; husbandName?: string | undefined; wifeName?: string | undefined; babyName?: string | undefined; dowry?: string | undefined; }, { ...; }> |...'.
          Type 'ResolverSuccess<TFieldValues>' is not assignable to type 'ResolverResult<{ typeId: string; organizationId: string; date: string; time: string; venue: string; address: string; role: "COORDINATING" | "WITNESS"; certificateNeeded: boolean; husbandName?: string | undefined; wifeName?: string | undefined; babyName?: string | undefined; dowry?: string | undefined; }, { ...; }> |...'.
            Type 'ResolverSuccess<TFieldValues>' is not assignable to type 'ResolverSuccess<{ typeId: string; organizationId: string; date: string; time: string; venue: string; address: string; role: "COORDINATING" | "WITNESS"; certificateNeeded: boolean; husbandName?: string | undefined; wifeName?: string | undefined; babyName?: string | undefined; dowry?: string | undefined; }>'.
              Type 'TFieldValues' is not assignable to type '{ typeId: string; organizationId: string; date: string; time: string; venue: string; address: string; role: "COORDINATING" | "WITNESS"; certificateNeeded: boolean; husbandName?: string | undefined; wifeName?: string | undefined; babyName?: string | undefined; dowry?: string | undefined; }'.
                Type 'FieldValues' is missing the following properties from type '{ typeId: string; organizationId: string; date: string; time: string; venue: string; address: string; role: "COORDINATING" | "WITNESS"; certificateNeeded: boolean; husbandName?: string | undefined; wifeName?: string | undefined; babyName?: string | undefined; dowry?: string | undefined; }': typeId, organizationId, date, time, and 4 more.
components/occasions/request-dialog.tsx(182,36): error TS2322: Type 'Control<{ typeId: string; organizationId: string; date: string; time: string; venue: string; address: string; role: "COORDINATING" | "WITNESS"; certificateNeeded: boolean; husbandName?: string | undefined; wifeName?: string | undefined; babyName?: string | undefined; dowry?: string | undefined; }, any, TFieldValues>' is not assignable to type 'Control<{ typeId: string; organizationId: string; date: string; time: string; venue: string; address: string; role: "COORDINATING" | "WITNESS"; certificateNeeded: boolean; husbandName?: string | undefined; wifeName?: string | undefined; babyName?: string | undefined; dowry?: string | undefined; }, any, { ...; }>'.
  The types of '_options.resolver' are incompatible between these types.
    Type 'Resolver<{ typeId: string; organizationId: string; date: string; time: string; venue: string; address: string; role: "COORDINATING" | "WITNESS"; certificateNeeded: boolean; husbandName?: string | undefined; wifeName?: string | undefined; babyName?: string | undefined; dowry?: string | undefined; }, any, TFieldValues...' is not assignable to type 'Resolver<{ typeId: string; organizationId: string; date: string; time: string; venue: string; address: string; role: "COORDINATING" | "WITNESS"; certificateNeeded: boolean; husbandName?: string | undefined; wifeName?: string | undefined; babyName?: string | undefined; dowry?: string | undefined; }, any, { ...; }> | ...'.
      Type 'Resolver<{ typeId: string; organizationId: string; date: string; time: string; venue: string; address: string; role: "COORDINATING" | "WITNESS"; certificateNeeded: boolean; husbandName?: string | undefined; wifeName?: string | undefined; babyName?: string | undefined; dowry?: string | undefined; }, any, TFieldValues>' is not assignable to type 'Resolver<{ typeId: string; organizationId: string; date: string; time: string; venue: string; address: string; role: "COORDINATING" | "WITNESS"; certificateNeeded: boolean; husbandName?: string | undefined; wifeName?: string | undefined; babyName?: string | undefined; dowry?: string | undefined; }, any, { ...; }>'.
        Type 'ResolverResult<{ typeId: string; organizationId: string; date: string; time: string; venue: string; address: string; role: "COORDINATING" | "WITNESS"; certificateNeeded: boolean; husbandName?: string | undefined; wifeName?: string | undefined; babyName?: string | undefined; dowry?: string | undefined; }, TFieldValue...' is not assignable to type 'ResolverResult<{ typeId: string; organizationId: string; date: string; time: string; venue: string; address: string; role: "COORDINATING" | "WITNESS"; certificateNeeded: boolean; husbandName?: string | undefined; wifeName?: string | undefined; babyName?: string | undefined; dowry?: string | undefined; }, { ...; }> |...'.
          Type 'ResolverSuccess<TFieldValues>' is not assignable to type 'ResolverResult<{ typeId: string; organizationId: string; date: string; time: string; venue: string; address: string; role: "COORDINATING" | "WITNESS"; certificateNeeded: boolean; husbandName?: string | undefined; wifeName?: string | undefined; babyName?: string | undefined; dowry?: string | undefined; }, { ...; }> |...'.
            Type 'ResolverSuccess<TFieldValues>' is not assignable to type 'ResolverSuccess<{ typeId: string; organizationId: string; date: string; time: string; venue: string; address: string; role: "COORDINATING" | "WITNESS"; certificateNeeded: boolean; husbandName?: string | undefined; wifeName?: string | undefined; babyName?: string | undefined; dowry?: string | undefined; }>'.
              Type 'TFieldValues' is not assignable to type '{ typeId: string; organizationId: string; date: string; time: string; venue: string; address: string; role: "COORDINATING" | "WITNESS"; certificateNeeded: boolean; husbandName?: string | undefined; wifeName?: string | undefined; babyName?: string | undefined; dowry?: string | undefined; }'.
                Type 'FieldValues' is missing the following properties from type '{ typeId: string; organizationId: string; date: string; time: string; venue: string; address: string; role: "COORDINATING" | "WITNESS"; certificateNeeded: boolean; husbandName?: string | undefined; wifeName?: string | undefined; babyName?: string | undefined; dowry?: string | undefined; }': typeId, organizationId, date, time, and 4 more.
components/occasions/request-dialog.tsx(197,36): error TS2322: Type 'Control<{ typeId: string; organizationId: string; date: string; time: string; venue: string; address: string; role: "COORDINATING" | "WITNESS"; certificateNeeded: boolean; husbandName?: string | undefined; wifeName?: string | undefined; babyName?: string | undefined; dowry?: string | undefined; }, any, TFieldValues>' is not assignable to type 'Control<{ typeId: string; organizationId: string; date: string; time: string; venue: string; address: string; role: "COORDINATING" | "WITNESS"; certificateNeeded: boolean; husbandName?: string | undefined; wifeName?: string | undefined; babyName?: string | undefined; dowry?: string | undefined; }, any, { ...; }>'.
  The types of '_options.resolver' are incompatible between these types.
    Type 'Resolver<{ typeId: string; organizationId: string; date: string; time: string; venue: string; address: string; role: "COORDINATING" | "WITNESS"; certificateNeeded: boolean; husbandName?: string | undefined; wifeName?: string | undefined; babyName?: string | undefined; dowry?: string | undefined; }, any, TFieldValues...' is not assignable to type 'Resolver<{ typeId: string; organizationId: string; date: string; time: string; venue: string; address: string; role: "COORDINATING" | "WITNESS"; certificateNeeded: boolean; husbandName?: string | undefined; wifeName?: string | undefined; babyName?: string | undefined; dowry?: string | undefined; }, any, { ...; }> | ...'.
      Type 'Resolver<{ typeId: string; organizationId: string; date: string; time: string; venue: string; address: string; role: "COORDINATING" | "WITNESS"; certificateNeeded: boolean; husbandName?: string | undefined; wifeName?: string | undefined; babyName?: string | undefined; dowry?: string | undefined; }, any, TFieldValues>' is not assignable to type 'Resolver<{ typeId: string; organizationId: string; date: string; time: string; venue: string; address: string; role: "COORDINATING" | "WITNESS"; certificateNeeded: boolean; husbandName?: string | undefined; wifeName?: string | undefined; babyName?: string | undefined; dowry?: string | undefined; }, any, { ...; }>'.
        Type 'ResolverResult<{ typeId: string; organizationId: string; date: string; time: string; venue: string; address: string; role: "COORDINATING" | "WITNESS"; certificateNeeded: boolean; husbandName?: string | undefined; wifeName?: string | undefined; babyName?: string | undefined; dowry?: string | undefined; }, TFieldValue...' is not assignable to type 'ResolverResult<{ typeId: string; organizationId: string; date: string; time: string; venue: string; address: string; role: "COORDINATING" | "WITNESS"; certificateNeeded: boolean; husbandName?: string | undefined; wifeName?: string | undefined; babyName?: string | undefined; dowry?: string | undefined; }, { ...; }> |...'.
          Type 'ResolverSuccess<TFieldValues>' is not assignable to type 'ResolverResult<{ typeId: string; organizationId: string; date: string; time: string; venue: string; address: string; role: "COORDINATING" | "WITNESS"; certificateNeeded: boolean; husbandName?: string | undefined; wifeName?: string | undefined; babyName?: string | undefined; dowry?: string | undefined; }, { ...; }> |...'.
            Type 'ResolverSuccess<TFieldValues>' is not assignable to type 'ResolverSuccess<{ typeId: string; organizationId: string; date: string; time: string; venue: string; address: string; role: "COORDINATING" | "WITNESS"; certificateNeeded: boolean; husbandName?: string | undefined; wifeName?: string | undefined; babyName?: string | undefined; dowry?: string | undefined; }>'.
              Type 'TFieldValues' is not assignable to type '{ typeId: string; organizationId: string; date: string; time: string; venue: string; address: string; role: "COORDINATING" | "WITNESS"; certificateNeeded: boolean; husbandName?: string | undefined; wifeName?: string | undefined; babyName?: string | undefined; dowry?: string | undefined; }'.
                Type 'FieldValues' is missing the following properties from type '{ typeId: string; organizationId: string; date: string; time: string; venue: string; address: string; role: "COORDINATING" | "WITNESS"; certificateNeeded: boolean; husbandName?: string | undefined; wifeName?: string | undefined; babyName?: string | undefined; dowry?: string | undefined; }': typeId, organizationId, date, time, and 4 more.
components/occasions/request-dialog.tsx(214,48): error TS2322: Type 'Control<{ typeId: string; organizationId: string; date: string; time: string; venue: string; address: string; role: "COORDINATING" | "WITNESS"; certificateNeeded: boolean; husbandName?: string | undefined; wifeName?: string | undefined; babyName?: string | undefined; dowry?: string | undefined; }, any, TFieldValues>' is not assignable to type 'Control<{ typeId: string; organizationId: string; date: string; time: string; venue: string; address: string; role: "COORDINATING" | "WITNESS"; certificateNeeded: boolean; husbandName?: string | undefined; wifeName?: string | undefined; babyName?: string | undefined; dowry?: string | undefined; }, any, { ...; }>'.
  The types of '_options.resolver' are incompatible between these types.
    Type 'Resolver<{ typeId: string; organizationId: string; date: string; time: string; venue: string; address: string; role: "COORDINATING" | "WITNESS"; certificateNeeded: boolean; husbandName?: string | undefined; wifeName?: string | undefined; babyName?: string | undefined; dowry?: string | undefined; }, any, TFieldValues...' is not assignable to type 'Resolver<{ typeId: string; organizationId: string; date: string; time: string; venue: string; address: string; role: "COORDINATING" | "WITNESS"; certificateNeeded: boolean; husbandName?: string | undefined; wifeName?: string | undefined; babyName?: string | undefined; dowry?: string | undefined; }, any, { ...; }> | ...'.
      Type 'Resolver<{ typeId: string; organizationId: string; date: string; time: string; venue: string; address: string; role: "COORDINATING" | "WITNESS"; certificateNeeded: boolean; husbandName?: string | undefined; wifeName?: string | undefined; babyName?: string | undefined; dowry?: string | undefined; }, any, TFieldValues>' is not assignable to type 'Resolver<{ typeId: string; organizationId: string; date: string; time: string; venue: string; address: string; role: "COORDINATING" | "WITNESS"; certificateNeeded: boolean; husbandName?: string | undefined; wifeName?: string | undefined; babyName?: string | undefined; dowry?: string | undefined; }, any, { ...; }>'.
        Type 'ResolverResult<{ typeId: string; organizationId: string; date: string; time: string; venue: string; address: string; role: "COORDINATING" | "WITNESS"; certificateNeeded: boolean; husbandName?: string | undefined; wifeName?: string | undefined; babyName?: string | undefined; dowry?: string | undefined; }, TFieldValue...' is not assignable to type 'ResolverResult<{ typeId: string; organizationId: string; date: string; time: string; venue: string; address: string; role: "COORDINATING" | "WITNESS"; certificateNeeded: boolean; husbandName?: string | undefined; wifeName?: string | undefined; babyName?: string | undefined; dowry?: string | undefined; }, { ...; }> |...'.
          Type 'ResolverSuccess<TFieldValues>' is not assignable to type 'ResolverResult<{ typeId: string; organizationId: string; date: string; time: string; venue: string; address: string; role: "COORDINATING" | "WITNESS"; certificateNeeded: boolean; husbandName?: string | undefined; wifeName?: string | undefined; babyName?: string | undefined; dowry?: string | undefined; }, { ...; }> |...'.
            Type 'ResolverSuccess<TFieldValues>' is not assignable to type 'ResolverSuccess<{ typeId: string; organizationId: string; date: string; time: string; venue: string; address: string; role: "COORDINATING" | "WITNESS"; certificateNeeded: boolean; husbandName?: string | undefined; wifeName?: string | undefined; babyName?: string | undefined; dowry?: string | undefined; }>'.
              Type 'TFieldValues' is not assignable to type '{ typeId: string; organizationId: string; date: string; time: string; venue: string; address: string; role: "COORDINATING" | "WITNESS"; certificateNeeded: boolean; husbandName?: string | undefined; wifeName?: string | undefined; babyName?: string | undefined; dowry?: string | undefined; }'.
                Type 'FieldValues' is missing the following properties from type '{ typeId: string; organizationId: string; date: string; time: string; venue: string; address: string; role: "COORDINATING" | "WITNESS"; certificateNeeded: boolean; husbandName?: string | undefined; wifeName?: string | undefined; babyName?: string | undefined; dowry?: string | undefined; }': typeId, organizationId, date, time, and 4 more.
components/occasions/request-dialog.tsx(217,48): error TS2322: Type 'Control<{ typeId: string; organizationId: string; date: string; time: string; venue: string; address: string; role: "COORDINATING" | "WITNESS"; certificateNeeded: boolean; husbandName?: string | undefined; wifeName?: string | undefined; babyName?: string | undefined; dowry?: string | undefined; }, any, TFieldValues>' is not assignable to type 'Control<{ typeId: string; organizationId: string; date: string; time: string; venue: string; address: string; role: "COORDINATING" | "WITNESS"; certificateNeeded: boolean; husbandName?: string | undefined; wifeName?: string | undefined; babyName?: string | undefined; dowry?: string | undefined; }, any, { ...; }>'.
  The types of '_options.resolver' are incompatible between these types.
    Type 'Resolver<{ typeId: string; organizationId: string; date: string; time: string; venue: string; address: string; role: "COORDINATING" | "WITNESS"; certificateNeeded: boolean; husbandName?: string | undefined; wifeName?: string | undefined; babyName?: string | undefined; dowry?: string | undefined; }, any, TFieldValues...' is not assignable to type 'Resolver<{ typeId: string; organizationId: string; date: string; time: string; venue: string; address: string; role: "COORDINATING" | "WITNESS"; certificateNeeded: boolean; husbandName?: string | undefined; wifeName?: string | undefined; babyName?: string | undefined; dowry?: string | undefined; }, any, { ...; }> | ...'.
      Type 'Resolver<{ typeId: string; organizationId: string; date: string; time: string; venue: string; address: string; role: "COORDINATING" | "WITNESS"; certificateNeeded: boolean; husbandName?: string | undefined; wifeName?: string | undefined; babyName?: string | undefined; dowry?: string | undefined; }, any, TFieldValues>' is not assignable to type 'Resolver<{ typeId: string; organizationId: string; date: string; time: string; venue: string; address: string; role: "COORDINATING" | "WITNESS"; certificateNeeded: boolean; husbandName?: string | undefined; wifeName?: string | undefined; babyName?: string | undefined; dowry?: string | undefined; }, any, { ...; }>'.
        Type 'ResolverResult<{ typeId: string; organizationId: string; date: string; time: string; venue: string; address: string; role: "COORDINATING" | "WITNESS"; certificateNeeded: boolean; husbandName?: string | undefined; wifeName?: string | undefined; babyName?: string | undefined; dowry?: string | undefined; }, TFieldValue...' is not assignable to type 'ResolverResult<{ typeId: string; organizationId: string; date: string; time: string; venue: string; address: string; role: "COORDINATING" | "WITNESS"; certificateNeeded: boolean; husbandName?: string | undefined; wifeName?: string | undefined; babyName?: string | undefined; dowry?: string | undefined; }, { ...; }> |...'.
          Type 'ResolverSuccess<TFieldValues>' is not assignable to type 'ResolverResult<{ typeId: string; organizationId: string; date: string; time: string; venue: string; address: string; role: "COORDINATING" | "WITNESS"; certificateNeeded: boolean; husbandName?: string | undefined; wifeName?: string | undefined; babyName?: string | undefined; dowry?: string | undefined; }, { ...; }> |...'.
            Type 'ResolverSuccess<TFieldValues>' is not assignable to type 'ResolverSuccess<{ typeId: string; organizationId: string; date: string; time: string; venue: string; address: string; role: "COORDINATING" | "WITNESS"; certificateNeeded: boolean; husbandName?: string | undefined; wifeName?: string | undefined; babyName?: string | undefined; dowry?: string | undefined; }>'.
              Type 'TFieldValues' is not assignable to type '{ typeId: string; organizationId: string; date: string; time: string; venue: string; address: string; role: "COORDINATING" | "WITNESS"; certificateNeeded: boolean; husbandName?: string | undefined; wifeName?: string | undefined; babyName?: string | undefined; dowry?: string | undefined; }'.
                Type 'FieldValues' is missing the following properties from type '{ typeId: string; organizationId: string; date: string; time: string; venue: string; address: string; role: "COORDINATING" | "WITNESS"; certificateNeeded: boolean; husbandName?: string | undefined; wifeName?: string | undefined; babyName?: string | undefined; dowry?: string | undefined; }': typeId, organizationId, date, time, and 4 more.
components/occasions/request-dialog.tsx(220,48): error TS2322: Type 'Control<{ typeId: string; organizationId: string; date: string; time: string; venue: string; address: string; role: "COORDINATING" | "WITNESS"; certificateNeeded: boolean; husbandName?: string | undefined; wifeName?: string | undefined; babyName?: string | undefined; dowry?: string | undefined; }, any, TFieldValues>' is not assignable to type 'Control<{ typeId: string; organizationId: string; date: string; time: string; venue: string; address: string; role: "COORDINATING" | "WITNESS"; certificateNeeded: boolean; husbandName?: string | undefined; wifeName?: string | undefined; babyName?: string | undefined; dowry?: string | undefined; }, any, { ...; }>'.
  The types of '_options.resolver' are incompatible between these types.
    Type 'Resolver<{ typeId: string; organizationId: string; date: string; time: string; venue: string; address: string; role: "COORDINATING" | "WITNESS"; certificateNeeded: boolean; husbandName?: string | undefined; wifeName?: string | undefined; babyName?: string | undefined; dowry?: string | undefined; }, any, TFieldValues...' is not assignable to type 'Resolver<{ typeId: string; organizationId: string; date: string; time: string; venue: string; address: string; role: "COORDINATING" | "WITNESS"; certificateNeeded: boolean; husbandName?: string | undefined; wifeName?: string | undefined; babyName?: string | undefined; dowry?: string | undefined; }, any, { ...; }> | ...'.
      Type 'Resolver<{ typeId: string; organizationId: string; date: string; time: string; venue: string; address: string; role: "COORDINATING" | "WITNESS"; certificateNeeded: boolean; husbandName?: string | undefined; wifeName?: string | undefined; babyName?: string | undefined; dowry?: string | undefined; }, any, TFieldValues>' is not assignable to type 'Resolver<{ typeId: string; organizationId: string; date: string; time: string; venue: string; address: string; role: "COORDINATING" | "WITNESS"; certificateNeeded: boolean; husbandName?: string | undefined; wifeName?: string | undefined; babyName?: string | undefined; dowry?: string | undefined; }, any, { ...; }>'.
        Type 'ResolverResult<{ typeId: string; organizationId: string; date: string; time: string; venue: string; address: string; role: "COORDINATING" | "WITNESS"; certificateNeeded: boolean; husbandName?: string | undefined; wifeName?: string | undefined; babyName?: string | undefined; dowry?: string | undefined; }, TFieldValue...' is not assignable to type 'ResolverResult<{ typeId: string; organizationId: string; date: string; time: string; venue: string; address: string; role: "COORDINATING" | "WITNESS"; certificateNeeded: boolean; husbandName?: string | undefined; wifeName?: string | undefined; babyName?: string | undefined; dowry?: string | undefined; }, { ...; }> |...'.
          Type 'ResolverSuccess<TFieldValues>' is not assignable to type 'ResolverResult<{ typeId: string; organizationId: string; date: string; time: string; venue: string; address: string; role: "COORDINATING" | "WITNESS"; certificateNeeded: boolean; husbandName?: string | undefined; wifeName?: string | undefined; babyName?: string | undefined; dowry?: string | undefined; }, { ...; }> |...'.
            Type 'ResolverSuccess<TFieldValues>' is not assignable to type 'ResolverSuccess<{ typeId: string; organizationId: string; date: string; time: string; venue: string; address: string; role: "COORDINATING" | "WITNESS"; certificateNeeded: boolean; husbandName?: string | undefined; wifeName?: string | undefined; babyName?: string | undefined; dowry?: string | undefined; }>'.
              Type 'TFieldValues' is not assignable to type '{ typeId: string; organizationId: string; date: string; time: string; venue: string; address: string; role: "COORDINATING" | "WITNESS"; certificateNeeded: boolean; husbandName?: string | undefined; wifeName?: string | undefined; babyName?: string | undefined; dowry?: string | undefined; }'.
                Type 'FieldValues' is missing the following properties from type '{ typeId: string; organizationId: string; date: string; time: string; venue: string; address: string; role: "COORDINATING" | "WITNESS"; certificateNeeded: boolean; husbandName?: string | undefined; wifeName?: string | undefined; babyName?: string | undefined; dowry?: string | undefined; }': typeId, organizationId, date, time, and 4 more.
components/occasions/request-dialog.tsx(230,44): error TS2322: Type 'Control<{ typeId: string; organizationId: string; date: string; time: string; venue: string; address: string; role: "COORDINATING" | "WITNESS"; certificateNeeded: boolean; husbandName?: string | undefined; wifeName?: string | undefined; babyName?: string | undefined; dowry?: string | undefined; }, any, TFieldValues>' is not assignable to type 'Control<{ typeId: string; organizationId: string; date: string; time: string; venue: string; address: string; role: "COORDINATING" | "WITNESS"; certificateNeeded: boolean; husbandName?: string | undefined; wifeName?: string | undefined; babyName?: string | undefined; dowry?: string | undefined; }, any, { ...; }>'.
  The types of '_options.resolver' are incompatible between these types.
    Type 'Resolver<{ typeId: string; organizationId: string; date: string; time: string; venue: string; address: string; role: "COORDINATING" | "WITNESS"; certificateNeeded: boolean; husbandName?: string | undefined; wifeName?: string | undefined; babyName?: string | undefined; dowry?: string | undefined; }, any, TFieldValues...' is not assignable to type 'Resolver<{ typeId: string; organizationId: string; date: string; time: string; venue: string; address: string; role: "COORDINATING" | "WITNESS"; certificateNeeded: boolean; husbandName?: string | undefined; wifeName?: string | undefined; babyName?: string | undefined; dowry?: string | undefined; }, any, { ...; }> | ...'.
      Type 'Resolver<{ typeId: string; organizationId: string; date: string; time: string; venue: string; address: string; role: "COORDINATING" | "WITNESS"; certificateNeeded: boolean; husbandName?: string | undefined; wifeName?: string | undefined; babyName?: string | undefined; dowry?: string | undefined; }, any, TFieldValues>' is not assignable to type 'Resolver<{ typeId: string; organizationId: string; date: string; time: string; venue: string; address: string; role: "COORDINATING" | "WITNESS"; certificateNeeded: boolean; husbandName?: string | undefined; wifeName?: string | undefined; babyName?: string | undefined; dowry?: string | undefined; }, any, { ...; }>'.
        Type 'ResolverResult<{ typeId: string; organizationId: string; date: string; time: string; venue: string; address: string; role: "COORDINATING" | "WITNESS"; certificateNeeded: boolean; husbandName?: string | undefined; wifeName?: string | undefined; babyName?: string | undefined; dowry?: string | undefined; }, TFieldValue...' is not assignable to type 'ResolverResult<{ typeId: string; organizationId: string; date: string; time: string; venue: string; address: string; role: "COORDINATING" | "WITNESS"; certificateNeeded: boolean; husbandName?: string | undefined; wifeName?: string | undefined; babyName?: string | undefined; dowry?: string | undefined; }, { ...; }> |...'.
          Type 'ResolverSuccess<TFieldValues>' is not assignable to type 'ResolverResult<{ typeId: string; organizationId: string; date: string; time: string; venue: string; address: string; role: "COORDINATING" | "WITNESS"; certificateNeeded: boolean; husbandName?: string | undefined; wifeName?: string | undefined; babyName?: string | undefined; dowry?: string | undefined; }, { ...; }> |...'.
            Type 'ResolverSuccess<TFieldValues>' is not assignable to type 'ResolverSuccess<{ typeId: string; organizationId: string; date: string; time: string; venue: string; address: string; role: "COORDINATING" | "WITNESS"; certificateNeeded: boolean; husbandName?: string | undefined; wifeName?: string | undefined; babyName?: string | undefined; dowry?: string | undefined; }>'.
              Type 'TFieldValues' is not assignable to type '{ typeId: string; organizationId: string; date: string; time: string; venue: string; address: string; role: "COORDINATING" | "WITNESS"; certificateNeeded: boolean; husbandName?: string | undefined; wifeName?: string | undefined; babyName?: string | undefined; dowry?: string | undefined; }'.
                Type 'FieldValues' is missing the following properties from type '{ typeId: string; organizationId: string; date: string; time: string; venue: string; address: string; role: "COORDINATING" | "WITNESS"; certificateNeeded: boolean; husbandName?: string | undefined; wifeName?: string | undefined; babyName?: string | undefined; dowry?: string | undefined; }': typeId, organizationId, date, time, and 4 more.
components/ui/image-editor.tsx(5,24): error TS2307: Cannot find module '@/components/ui/slider' or its corresponding type declarations.
components/ui/image-editor.tsx(136,49): error TS7006: Parameter 'v' implicitly has an 'any' type.
components/ui/image-editor.tsx(147,49): error TS7006: Parameter 'v' implicitly has an 'any' type.
lib/actions/galleries.ts(23,22): error TS2339: Property 'officialProfile' does not exist on type 'MySqlTableWithColumns<{ name: "users"; schema: undefined; columns: { id: MySqlColumn<{ name: "id"; tableName: "users"; dataType: "string"; columnType: "MySqlVarChar"; data: string; driverParam: string | number; notNull: true; ... 7 more ...; generated: undefined; }, {}, {}>; ... 9 more ...; updatedAt: MySqlColumn<.....'.
lib/actions/galleries.ts(27,43): error TS2339: Property 'officialProfile' does not exist on type 'MySqlTableWithColumns<{ name: "users"; schema: undefined; columns: { id: MySqlColumn<{ name: "id"; tableName: "users"; dataType: "string"; columnType: "MySqlVarChar"; data: string; driverParam: string | number; notNull: true; ... 7 more ...; generated: undefined; }, {}, {}>; ... 9 more ...; updatedAt: MySqlColumn<.....'.
lib/actions/meetings.ts(46,13): error TS2769: No overload matches this call.
  Overload 1 of 2, '(value: { userId: string | SQL<unknown> | Placeholder<string, any>; meetingId: string | SQL<unknown> | Placeholder<string, any>; status?: SQL<unknown> | "INVITED" | ... 6 more ... | undefined; ... 4 more ...; leftAt?: SQL<...> | ... 3 more ... | undefined; }): MySqlInsertBase<...>', gave the following error.
    Argument of type '{ meetingId: string; userId: string; status: string; }[]' is not assignable to parameter of type '{ userId: string | SQL<unknown> | Placeholder<string, any>; meetingId: string | SQL<unknown> | Placeholder<string, any>; status?: SQL<unknown> | "INVITED" | ... 6 more ... | undefined; ... 4 more ...; leftAt?: SQL<...> | ... 3 more ... | undefined; }'.
      Type '{ meetingId: string; userId: string; status: string; }[]' is missing the following properties from type '{ userId: string | SQL<unknown> | Placeholder<string, any>; meetingId: string | SQL<unknown> | Placeholder<string, any>; status?: SQL<unknown> | "INVITED" | ... 6 more ... | undefined; ... 4 more ...; leftAt?: SQL<...> | ... 3 more ... | undefined; }': userId, meetingId
  Overload 2 of 2, '(values: { userId: string | SQL<unknown> | Placeholder<string, any>; meetingId: string | SQL<unknown> | Placeholder<string, any>; status?: SQL<unknown> | "INVITED" | ... 6 more ... | undefined; ... 4 more ...; leftAt?: SQL<...> | ... 3 more ... | undefined; }[]): MySqlInsertBase<...>', gave the following error.
    Argument of type '{ meetingId: string; userId: string; status: string; }[]' is not assignable to parameter of type '{ userId: string | SQL<unknown> | Placeholder<string, any>; meetingId: string | SQL<unknown> | Placeholder<string, any>; status?: SQL<unknown> | "INVITED" | ... 6 more ... | undefined; ... 4 more ...; leftAt?: SQL<...> | ... 3 more ... | undefined; }[]'.
      Type '{ meetingId: string; userId: string; status: string; }' is not assignable to type '{ userId: string | SQL<unknown> | Placeholder<string, any>; meetingId: string | SQL<unknown> | Placeholder<string, any>; status?: SQL<unknown> | "INVITED" | ... 6 more ... | undefined; ... 4 more ...; leftAt?: SQL<...> | ... 3 more ... | undefined; }'.
        Types of property 'status' are incompatible.
          Type 'string' is not assignable to type 'SQL<unknown> | "INVITED" | "ACCEPTED" | "DECLINED" | "PRESENT" | "ABSENT" | Placeholder<string, any> | null | undefined'.
lib/actions/programmes.ts(6,26): error TS2724: '"@/lib/db/schema"' has no exported member named 'registrationsStatusEnum'. Did you mean 'registrationStatusEnum'?
lib/actions/programmes.ts(184,13): error TS2322: Type 'SQL<unknown> | undefined' is not assignable to type 'SQL<unknown>'.
  Type 'undefined' is not assignable to type 'SQL<unknown>'.
lib/actions/programmes.ts(240,43): error TS2769: No overload matches this call.
  Overload 1 of 2, '(value: { programmeId: string | SQL<unknown> | Placeholder<string, any>; summary: string | SQL<unknown> | Placeholder<string, any>; submittedBy: string | SQL<...> | Placeholder<...>; ... 7 more ...; submittedAt?: SQL<...> | ... 3 more ... | undefined; }): MySqlInsertBase<...>', gave the following error.
    Argument of type '{ images: string | null; submittedBy: any; summary: string; attendeesMale: number; attendeesFemale: number; amountSpent: number; challenges?: string | undefined; comments?: string | undefined; programmeId: string; }' is not assignable to parameter of type '{ programmeId: string | SQL<unknown> | Placeholder<string, any>; summary: string | SQL<unknown> | Placeholder<string, any>; submittedBy: string | SQL<unknown> | Placeholder<...>; ... 7 more ...; submittedAt?: SQL<...> | ... 3 more ... | undefined; }'.
      Types of property 'amountSpent' are incompatible.
        Type 'number' is not assignable to type 'string | SQL<unknown> | Placeholder<string, any> | null | undefined'.
  Overload 2 of 2, '(values: { programmeId: string | SQL<unknown> | Placeholder<string, any>; summary: string | SQL<unknown> | Placeholder<string, any>; submittedBy: string | SQL<...> | Placeholder<...>; ... 7 more ...; submittedAt?: SQL<...> | ... 3 more ... | undefined; }[]): MySqlInsertBase<...>', gave the following error.
    Object literal may only specify known properties, and 'images' does not exist in type '{ programmeId: string | SQL<unknown> | Placeholder<string, any>; summary: string | SQL<unknown> | Placeholder<string, any>; submittedBy: string | SQL<unknown> | Placeholder<...>; ... 7 more ...; submittedAt?: SQL<...> | ... 3 more ... | undefined; }[]'.
scripts/seed-navigation.ts(16,10): error TS2724: '"crypto"' has no exported member named 'crypto'. Did you mean 'scrypt'?
scripts/seed-pages.ts(88,36): error TS2769: No overload matches this call.
  Overload 1 of 2, '(value: { organizationId: string | SQL<unknown> | Placeholder<string, any>; title: string | SQL<unknown> | Placeholder<string, any>; slug: string | SQL<unknown> | Placeholder<...>; ... 5 more ...; metadata?: unknown; }): MySqlInsertBase<...>', gave the following error.
    Argument of type '{ slug: string; title: string; content: string; isPublished: true; }' is not assignable to parameter of type '{ organizationId: string | SQL<unknown> | Placeholder<string, any>; title: string | SQL<unknown> | Placeholder<string, any>; slug: string | SQL<unknown> | Placeholder<...>; ... 5 more ...; metadata?: unknown; }'.
      Property 'organizationId' is missing in type '{ slug: string; title: string; content: string; isPublished: true; }' but required in type '{ organizationId: string | SQL<unknown> | Placeholder<string, any>; title: string | SQL<unknown> | Placeholder<string, any>; slug: string | SQL<unknown> | Placeholder<...>; ... 5 more ...; metadata?: unknown; }'.
  Overload 2 of 2, '(values: { organizationId: string | SQL<unknown> | Placeholder<string, any>; title: string | SQL<unknown> | Placeholder<string, any>; slug: string | SQL<unknown> | Placeholder<...>; ... 5 more ...; metadata?: unknown; }[]): MySqlInsertBase<...>', gave the following error.
    Object literal may only specify known properties, and 'slug' does not exist in type '{ organizationId: string | SQL<unknown> | Placeholder<string, any>; title: string | SQL<unknown> | Placeholder<string, any>; slug: string | SQL<unknown> | Placeholder<...>; ... 5 more ...; metadata?: unknown; }[]'.
